###############################################################################
#
# IAR ELF Linker V8.42.1.236/W32 for ARM                  30/Jun/2021  23:45:06
# Copyright 2007-2019 IAR Systems AB.
#
#    Output file  =
#        D:\ika\development\NETPING_PROJECT\59\smart-switch\IAR\EWARM\test_app_rev0\Exe\test_app_rev0.out
#    Map file     =
#        D:\ika\development\NETPING_PROJECT\59\smart-switch\IAR\EWARM\test_app_rev0\List\test_app_rev0.map
#    Command line =
#        -f C:\Users\ivanov\AppData\Local\Temp\EW6CA9.tmp
#        (D:\ika\development\NETPING_PROJECT\59\smart-switch\IAR\EWARM\test_app_rev0\Obj\api_lib.o
#        D:\ika\development\NETPING_PROJECT\59\smart-switch\IAR\EWARM\test_app_rev0\Obj\api_msg.o
#        D:\ika\development\NETPING_PROJECT\59\smart-switch\IAR\EWARM\test_app_rev0\Obj\app.o
#        D:\ika\development\NETPING_PROJECT\59\smart-switch\IAR\EWARM\test_app_rev0\Obj\auth.o
#        D:\ika\development\NETPING_PROJECT\59\smart-switch\IAR\EWARM\test_app_rev0\Obj\autoip.o
#        D:\ika\development\NETPING_PROJECT\59\smart-switch\IAR\EWARM\test_app_rev0\Obj\base64.o
#        D:\ika\development\NETPING_PROJECT\59\smart-switch\IAR\EWARM\test_app_rev0\Obj\ccp.o
#        D:\ika\development\NETPING_PROJECT\59\smart-switch\IAR\EWARM\test_app_rev0\Obj\chap-md5.o
#        D:\ika\development\NETPING_PROJECT\59\smart-switch\IAR\EWARM\test_app_rev0\Obj\chap-new.o
#        D:\ika\development\NETPING_PROJECT\59\smart-switch\IAR\EWARM\test_app_rev0\Obj\chap_ms.o
#        D:\ika\development\NETPING_PROJECT\59\smart-switch\IAR\EWARM\test_app_rev0\Obj\cmsis_os.o
#        D:\ika\development\NETPING_PROJECT\59\smart-switch\IAR\EWARM\test_app_rev0\Obj\crc16.o
#        D:\ika\development\NETPING_PROJECT\59\smart-switch\IAR\EWARM\test_app_rev0\Obj\croutine.o
#        D:\ika\development\NETPING_PROJECT\59\smart-switch\IAR\EWARM\test_app_rev0\Obj\def.o
#        D:\ika\development\NETPING_PROJECT\59\smart-switch\IAR\EWARM\test_app_rev0\Obj\demand.o
#        D:\ika\development\NETPING_PROJECT\59\smart-switch\IAR\EWARM\test_app_rev0\Obj\dhcp.o
#        D:\ika\development\NETPING_PROJECT\59\smart-switch\IAR\EWARM\test_app_rev0\Obj\dhcp6.o
#        D:\ika\development\NETPING_PROJECT\59\smart-switch\IAR\EWARM\test_app_rev0\Obj\dns.o
#        D:\ika\development\NETPING_PROJECT\59\smart-switch\IAR\EWARM\test_app_rev0\Obj\eap.o
#        D:\ika\development\NETPING_PROJECT\59\smart-switch\IAR\EWARM\test_app_rev0\Obj\ecp.o
#        D:\ika\development\NETPING_PROJECT\59\smart-switch\IAR\EWARM\test_app_rev0\Obj\err.o
#        D:\ika\development\NETPING_PROJECT\59\smart-switch\IAR\EWARM\test_app_rev0\Obj\etharp.o
#        D:\ika\development\NETPING_PROJECT\59\smart-switch\IAR\EWARM\test_app_rev0\Obj\ethernet.o
#        D:\ika\development\NETPING_PROJECT\59\smart-switch\IAR\EWARM\test_app_rev0\Obj\ethernetif.o
#        D:\ika\development\NETPING_PROJECT\59\smart-switch\IAR\EWARM\test_app_rev0\Obj\ethip6.o
#        D:\ika\development\NETPING_PROJECT\59\smart-switch\IAR\EWARM\test_app_rev0\Obj\eui64.o
#        D:\ika\development\NETPING_PROJECT\59\smart-switch\IAR\EWARM\test_app_rev0\Obj\event_groups.o
#        D:\ika\development\NETPING_PROJECT\59\smart-switch\IAR\EWARM\test_app_rev0\Obj\flash_if.o
#        D:\ika\development\NETPING_PROJECT\59\smart-switch\IAR\EWARM\test_app_rev0\Obj\freertos.o
#        D:\ika\development\NETPING_PROJECT\59\smart-switch\IAR\EWARM\test_app_rev0\Obj\fs.o
#        D:\ika\development\NETPING_PROJECT\59\smart-switch\IAR\EWARM\test_app_rev0\Obj\fsm.o
#        D:\ika\development\NETPING_PROJECT\59\smart-switch\IAR\EWARM\test_app_rev0\Obj\hard_config.o
#        D:\ika\development\NETPING_PROJECT\59\smart-switch\IAR\EWARM\test_app_rev0\Obj\heap_5.o
#        D:\ika\development\NETPING_PROJECT\59\smart-switch\IAR\EWARM\test_app_rev0\Obj\html_page.o
#        D:\ika\development\NETPING_PROJECT\59\smart-switch\IAR\EWARM\test_app_rev0\Obj\httpd.o
#        D:\ika\development\NETPING_PROJECT\59\smart-switch\IAR\EWARM\test_app_rev0\Obj\httpserver-netconn.o
#        D:\ika\development\NETPING_PROJECT\59\smart-switch\IAR\EWARM\test_app_rev0\Obj\icmp.o
#        D:\ika\development\NETPING_PROJECT\59\smart-switch\IAR\EWARM\test_app_rev0\Obj\icmp6.o
#        D:\ika\development\NETPING_PROJECT\59\smart-switch\IAR\EWARM\test_app_rev0\Obj\igmp.o
#        D:\ika\development\NETPING_PROJECT\59\smart-switch\IAR\EWARM\test_app_rev0\Obj\inet6.o
#        D:\ika\development\NETPING_PROJECT\59\smart-switch\IAR\EWARM\test_app_rev0\Obj\inet_chksum.o
#        D:\ika\development\NETPING_PROJECT\59\smart-switch\IAR\EWARM\test_app_rev0\Obj\init.o
#        D:\ika\development\NETPING_PROJECT\59\smart-switch\IAR\EWARM\test_app_rev0\Obj\ip.o
#        D:\ika\development\NETPING_PROJECT\59\smart-switch\IAR\EWARM\test_app_rev0\Obj\ip4.o
#        D:\ika\development\NETPING_PROJECT\59\smart-switch\IAR\EWARM\test_app_rev0\Obj\ip4_addr.o
#        D:\ika\development\NETPING_PROJECT\59\smart-switch\IAR\EWARM\test_app_rev0\Obj\ip4_frag.o
#        D:\ika\development\NETPING_PROJECT\59\smart-switch\IAR\EWARM\test_app_rev0\Obj\ip6.o
#        D:\ika\development\NETPING_PROJECT\59\smart-switch\IAR\EWARM\test_app_rev0\Obj\ip6_addr.o
#        D:\ika\development\NETPING_PROJECT\59\smart-switch\IAR\EWARM\test_app_rev0\Obj\ip6_frag.o
#        D:\ika\development\NETPING_PROJECT\59\smart-switch\IAR\EWARM\test_app_rev0\Obj\ipcp.o
#        D:\ika\development\NETPING_PROJECT\59\smart-switch\IAR\EWARM\test_app_rev0\Obj\ipv6cp.o
#        D:\ika\development\NETPING_PROJECT\59\smart-switch\IAR\EWARM\test_app_rev0\Obj\lcp.o
#        D:\ika\development\NETPING_PROJECT\59\smart-switch\IAR\EWARM\test_app_rev0\Obj\list.o
#        D:\ika\development\NETPING_PROJECT\59\smart-switch\IAR\EWARM\test_app_rev0\Obj\LOGS.o
#        D:\ika\development\NETPING_PROJECT\59\smart-switch\IAR\EWARM\test_app_rev0\Obj\lowpan6.o
#        D:\ika\development\NETPING_PROJECT\59\smart-switch\IAR\EWARM\test_app_rev0\Obj\lwip.o
#        D:\ika\development\NETPING_PROJECT\59\smart-switch\IAR\EWARM\test_app_rev0\Obj\magic.o
#        D:\ika\development\NETPING_PROJECT\59\smart-switch\IAR\EWARM\test_app_rev0\Obj\main.o
#        D:\ika\development\NETPING_PROJECT\59\smart-switch\IAR\EWARM\test_app_rev0\Obj\mem.o
#        D:\ika\development\NETPING_PROJECT\59\smart-switch\IAR\EWARM\test_app_rev0\Obj\memp.o
#        D:\ika\development\NETPING_PROJECT\59\smart-switch\IAR\EWARM\test_app_rev0\Obj\mld6.o
#        D:\ika\development\NETPING_PROJECT\59\smart-switch\IAR\EWARM\test_app_rev0\Obj\mppe.o
#        D:\ika\development\NETPING_PROJECT\59\smart-switch\IAR\EWARM\test_app_rev0\Obj\mqtt.o
#        D:\ika\development\NETPING_PROJECT\59\smart-switch\IAR\EWARM\test_app_rev0\Obj\multilink.o
#        D:\ika\development\NETPING_PROJECT\59\smart-switch\IAR\EWARM\test_app_rev0\Obj\nd6.o
#        D:\ika\development\NETPING_PROJECT\59\smart-switch\IAR\EWARM\test_app_rev0\Obj\netbuf.o
#        D:\ika\development\NETPING_PROJECT\59\smart-switch\IAR\EWARM\test_app_rev0\Obj\netdb.o
#        D:\ika\development\NETPING_PROJECT\59\smart-switch\IAR\EWARM\test_app_rev0\Obj\netif.o
#        D:\ika\development\NETPING_PROJECT\59\smart-switch\IAR\EWARM\test_app_rev0\Obj\netifapi.o
#        D:\ika\development\NETPING_PROJECT\59\smart-switch\IAR\EWARM\test_app_rev0\Obj\ntp.o
#        D:\ika\development\NETPING_PROJECT\59\smart-switch\IAR\EWARM\test_app_rev0\Obj\pbuf.o
#        D:\ika\development\NETPING_PROJECT\59\smart-switch\IAR\EWARM\test_app_rev0\Obj\ping.o
#        D:\ika\development\NETPING_PROJECT\59\smart-switch\IAR\EWARM\test_app_rev0\Obj\port.o
#        D:\ika\development\NETPING_PROJECT\59\smart-switch\IAR\EWARM\test_app_rev0\Obj\portasm.o
#        D:\ika\development\NETPING_PROJECT\59\smart-switch\IAR\EWARM\test_app_rev0\Obj\ppp.o
#        D:\ika\development\NETPING_PROJECT\59\smart-switch\IAR\EWARM\test_app_rev0\Obj\pppapi.o
#        D:\ika\development\NETPING_PROJECT\59\smart-switch\IAR\EWARM\test_app_rev0\Obj\pppcrypt.o
#        D:\ika\development\NETPING_PROJECT\59\smart-switch\IAR\EWARM\test_app_rev0\Obj\pppoe.o
#        D:\ika\development\NETPING_PROJECT\59\smart-switch\IAR\EWARM\test_app_rev0\Obj\pppol2tp.o
#        D:\ika\development\NETPING_PROJECT\59\smart-switch\IAR\EWARM\test_app_rev0\Obj\pppos.o
#        D:\ika\development\NETPING_PROJECT\59\smart-switch\IAR\EWARM\test_app_rev0\Obj\queue.o
#        D:\ika\development\NETPING_PROJECT\59\smart-switch\IAR\EWARM\test_app_rev0\Obj\raw.o
#        D:\ika\development\NETPING_PROJECT\59\smart-switch\IAR\EWARM\test_app_rev0\Obj\slipif.o
#        D:\ika\development\NETPING_PROJECT\59\smart-switch\IAR\EWARM\test_app_rev0\Obj\smtp.o
#        D:\ika\development\NETPING_PROJECT\59\smart-switch\IAR\EWARM\test_app_rev0\Obj\snmp_asn1.o
#        D:\ika\development\NETPING_PROJECT\59\smart-switch\IAR\EWARM\test_app_rev0\Obj\snmp_core.o
#        D:\ika\development\NETPING_PROJECT\59\smart-switch\IAR\EWARM\test_app_rev0\Obj\snmp_ex.o
#        D:\ika\development\NETPING_PROJECT\59\smart-switch\IAR\EWARM\test_app_rev0\Obj\snmp_mib2.o
#        D:\ika\development\NETPING_PROJECT\59\smart-switch\IAR\EWARM\test_app_rev0\Obj\snmp_mib2_system.o
#        D:\ika\development\NETPING_PROJECT\59\smart-switch\IAR\EWARM\test_app_rev0\Obj\snmp_msg.o
#        D:\ika\development\NETPING_PROJECT\59\smart-switch\IAR\EWARM\test_app_rev0\Obj\snmp_netconn.o
#        D:\ika\development\NETPING_PROJECT\59\smart-switch\IAR\EWARM\test_app_rev0\Obj\snmp_pbuf_stream.o
#        D:\ika\development\NETPING_PROJECT\59\smart-switch\IAR\EWARM\test_app_rev0\Obj\snmp_scalar.o
#        D:\ika\development\NETPING_PROJECT\59\smart-switch\IAR\EWARM\test_app_rev0\Obj\snmp_table.o
#        D:\ika\development\NETPING_PROJECT\59\smart-switch\IAR\EWARM\test_app_rev0\Obj\snmp_threadsync.o
#        D:\ika\development\NETPING_PROJECT\59\smart-switch\IAR\EWARM\test_app_rev0\Obj\snmp_traps.o
#        D:\ika\development\NETPING_PROJECT\59\smart-switch\IAR\EWARM\test_app_rev0\Obj\sockets.o
#        D:\ika\development\NETPING_PROJECT\59\smart-switch\IAR\EWARM\test_app_rev0\Obj\startup_stm32f107xc.o
#        D:\ika\development\NETPING_PROJECT\59\smart-switch\IAR\EWARM\test_app_rev0\Obj\stats.o
#        D:\ika\development\NETPING_PROJECT\59\smart-switch\IAR\EWARM\test_app_rev0\Obj\stm32f1xx_hal.o
#        D:\ika\development\NETPING_PROJECT\59\smart-switch\IAR\EWARM\test_app_rev0\Obj\stm32f1xx_hal_cortex.o
#        D:\ika\development\NETPING_PROJECT\59\smart-switch\IAR\EWARM\test_app_rev0\Obj\stm32f1xx_hal_dma.o
#        D:\ika\development\NETPING_PROJECT\59\smart-switch\IAR\EWARM\test_app_rev0\Obj\stm32f1xx_hal_eth.o
#        D:\ika\development\NETPING_PROJECT\59\smart-switch\IAR\EWARM\test_app_rev0\Obj\stm32f1xx_hal_exti.o
#        D:\ika\development\NETPING_PROJECT\59\smart-switch\IAR\EWARM\test_app_rev0\Obj\stm32f1xx_hal_flash.o
#        D:\ika\development\NETPING_PROJECT\59\smart-switch\IAR\EWARM\test_app_rev0\Obj\stm32f1xx_hal_flash_ex.o
#        D:\ika\development\NETPING_PROJECT\59\smart-switch\IAR\EWARM\test_app_rev0\Obj\stm32f1xx_hal_gpio.o
#        D:\ika\development\NETPING_PROJECT\59\smart-switch\IAR\EWARM\test_app_rev0\Obj\stm32f1xx_hal_gpio_ex.o
#        D:\ika\development\NETPING_PROJECT\59\smart-switch\IAR\EWARM\test_app_rev0\Obj\stm32f1xx_hal_iwdg.o
#        D:\ika\development\NETPING_PROJECT\59\smart-switch\IAR\EWARM\test_app_rev0\Obj\stm32f1xx_hal_msp.o
#        D:\ika\development\NETPING_PROJECT\59\smart-switch\IAR\EWARM\test_app_rev0\Obj\stm32f1xx_hal_pwr.o
#        D:\ika\development\NETPING_PROJECT\59\smart-switch\IAR\EWARM\test_app_rev0\Obj\stm32f1xx_hal_rcc.o
#        D:\ika\development\NETPING_PROJECT\59\smart-switch\IAR\EWARM\test_app_rev0\Obj\stm32f1xx_hal_rcc_ex.o
#        D:\ika\development\NETPING_PROJECT\59\smart-switch\IAR\EWARM\test_app_rev0\Obj\stm32f1xx_hal_rtc.o
#        D:\ika\development\NETPING_PROJECT\59\smart-switch\IAR\EWARM\test_app_rev0\Obj\stm32f1xx_hal_rtc_ex.o
#        D:\ika\development\NETPING_PROJECT\59\smart-switch\IAR\EWARM\test_app_rev0\Obj\stm32f1xx_hal_tim.o
#        D:\ika\development\NETPING_PROJECT\59\smart-switch\IAR\EWARM\test_app_rev0\Obj\stm32f1xx_hal_tim_ex.o
#        D:\ika\development\NETPING_PROJECT\59\smart-switch\IAR\EWARM\test_app_rev0\Obj\stm32f1xx_hal_timebase_tim.o
#        D:\ika\development\NETPING_PROJECT\59\smart-switch\IAR\EWARM\test_app_rev0\Obj\stm32f1xx_hal_uart.o
#        D:\ika\development\NETPING_PROJECT\59\smart-switch\IAR\EWARM\test_app_rev0\Obj\stm32f1xx_it.o
#        D:\ika\development\NETPING_PROJECT\59\smart-switch\IAR\EWARM\test_app_rev0\Obj\stream_buffer.o
#        D:\ika\development\NETPING_PROJECT\59\smart-switch\IAR\EWARM\test_app_rev0\Obj\sys.o
#        D:\ika\development\NETPING_PROJECT\59\smart-switch\IAR\EWARM\test_app_rev0\Obj\sys_arch.o
#        D:\ika\development\NETPING_PROJECT\59\smart-switch\IAR\EWARM\test_app_rev0\Obj\syslog.o
#        D:\ika\development\NETPING_PROJECT\59\smart-switch\IAR\EWARM\test_app_rev0\Obj\system_stm32f1xx.o
#        D:\ika\development\NETPING_PROJECT\59\smart-switch\IAR\EWARM\test_app_rev0\Obj\tasks.o
#        D:\ika\development\NETPING_PROJECT\59\smart-switch\IAR\EWARM\test_app_rev0\Obj\tcp.o
#        D:\ika\development\NETPING_PROJECT\59\smart-switch\IAR\EWARM\test_app_rev0\Obj\tcp_in.o
#        D:\ika\development\NETPING_PROJECT\59\smart-switch\IAR\EWARM\test_app_rev0\Obj\tcp_out.o
#        D:\ika\development\NETPING_PROJECT\59\smart-switch\IAR\EWARM\test_app_rev0\Obj\tcpip.o
#        D:\ika\development\NETPING_PROJECT\59\smart-switch\IAR\EWARM\test_app_rev0\Obj\timeouts.o
#        D:\ika\development\NETPING_PROJECT\59\smart-switch\IAR\EWARM\test_app_rev0\Obj\timers.o
#        D:\ika\development\NETPING_PROJECT\59\smart-switch\IAR\EWARM\test_app_rev0\Obj\udp.o
#        D:\ika\development\NETPING_PROJECT\59\smart-switch\IAR\EWARM\test_app_rev0\Obj\upap.o
#        D:\ika\development\NETPING_PROJECT\59\smart-switch\IAR\EWARM\test_app_rev0\Obj\utils.o
#        D:\ika\development\NETPING_PROJECT\59\smart-switch\IAR\EWARM\test_app_rev0\Obj\vj.o
#        --no_out_extension -o
#        D:\ika\development\NETPING_PROJECT\59\smart-switch\IAR\EWARM\test_app_rev0\Exe\test_app_rev0.out
#        --redirect _Printf=_PrintfFullNoMb --redirect _Scanf=_ScanfFullNoMb
#        --map
#        D:\ika\development\NETPING_PROJECT\59\smart-switch\IAR\EWARM\test_app_rev0\List\test_app_rev0.map
#        --config
#        D:\ika\development\NETPING_PROJECT\59\smart-switch\IAR\EWARM\stm32f103xg_flash_offset.icf
#        --semihosting --entry __iar_program_start --redirect
#        __iar_sh_stdout=__iar_sh_stdout_swo --vfe --text_out locale)
#
###############################################################################

*******************************************************************************
*** RUNTIME MODEL ATTRIBUTES
***

CppFlavor       = *
__Heap_Handler  = DLMalloc
__SystemLibrary = DLib
__dlib_version  = 6


*******************************************************************************
*** HEAP SELECTION
***

The advanced heap was selected because the application calls memory
allocation functions outside of system library functions, and there
are calls to deallocation functions in the application.


*******************************************************************************
*** PLACEMENT SUMMARY
***

"A0":  place at address 0x800'7000 { ro section .intvec };
"P1":  place in [from 0x800'7000 to 0x803'ffff] { ro };
define block CSTACK with size = 1'280, alignment = 8 { };
define block HEAP with size = 28K, alignment = 8 { };
"P2":  place in [from 0x2000'0000 to 0x2000'ffff] {
          rw, block CSTACK, block HEAP };
initialize by copy { rw };

  Section            Kind         Address      Size  Object
  -------            ----         -------      ----  ------
"A0":                                         0x150
  .intvec            ro code   0x800'7000     0x150  startup_stm32f107xc.o [1]
                             - 0x800'7150     0x150

"P1":                                      0x3'050d
  .text              ro code   0x800'7150    0x6524  html_page.o [1]
  .text              ro code   0x800'd674      0x40  sprintf.o [2]
  .text              ro code   0x800'd6b4      0x66  ABImemset.o [4]
  .text              ro code   0x800'd71a      0x3a  zero_init3.o [4]
  .text              ro code   0x800'd754      0xa6  ABImemcpy.o [4]
  .text              ro code   0x800'd7fa      0x1e  strcat.o [2]
  .text              ro code   0x800'd818      0x36  strlen.o [4]
  .text              ro code   0x800'd84e      0x1a  xsnprout.o [2]
  .text              ro code   0x800'd868     0x2c4  heap_5.o [1]
  .text              ro code   0x800'db2c     0x22c  LOGS.o [1]
  .text              ro code   0x800'dd58     0x724  stm32f1xx_hal_rtc.o [1]
  .text              ro code   0x800'e47c     0xfc2  xprintffull_nomb.o [2]
  .text              ro code   0x800'f43e       0xa  xsprout.o [2]
  .text              ro code   0x800'f448     0xb1c  tasks.o [1]
  .text              ro code   0x800'ff64     0x6ec  flash_if.o [1]
  .text              ro code   0x801'0650      0x30  crc16.o [1]
  .text              ro code   0x801'0680      0xf8  syslog.o [1]
  .text              ro code   0x801'0778      0x9c  stm32f1xx_hal_msp.o [1]
  .text              ro code   0x801'0814     0x37c  stm32f1xx_hal_rcc_ex.o [1]
  .text              ro code   0x801'0b90      0x14  memset.o [4]
  .text              ro code   0x801'0ba4       0xc  stm32f1xx_hal.o [1]
  .text              ro code   0x801'0bb0      0x16  strchr.o [4]
  .rodata            const     0x801'0bc6       0x2  xlocale_c.o [2]
  .text              ro code   0x801'0bc8      0x40  xfail_s.o [2]
  .text              ro code   0x801'0c08      0x58  memchr.o [4]
  .text              ro code   0x801'0c60      0x70  frexp.o [3]
  .text              ro code   0x801'0cd0      0x2e  DblCmpLe.o [3]
  .rodata            const     0x801'0cfe       0x2  xlocale_c.o [2]
  .text              ro code   0x801'0d00      0x2e  DblCmpGe.o [3]
  .rodata            const     0x801'0d2e       0x1  snmp_mib2_system.o [1]
  .rodata            const     0x801'0d2f       0x1  snmp_mib2_system.o [1]
  .text              ro code   0x801'0d30     0x13a  ldexp.o [3]
  .rodata            const     0x801'0e6a       0x1  xlocale_c.o [2]
  .text              ro code   0x801'0e6c      0x3a  DblToS32.o [3]
  .text              ro code   0x801'0ea8      0x22  S32ToDbl.o [3]
  .text              ro code   0x801'0ecc      0xe2  DblSub.o [3]
  .text              ro code   0x801'0fb0     0x246  DblDiv.o [3]
  .text              ro code   0x801'11f8      0x28  DblToU32.o [3]
  .text              ro code   0x801'1220      0x1a  U32ToDbl.o [3]
  .text              ro code   0x801'123c     0x1a2  DblMul.o [3]
  .text              ro code   0x801'13e0      0x3c  xlocale_c.o [2]
  .text              ro code   0x801'141c     0x230  I64DivMod.o [4]
  .text              ro code   0x801'164c      0x98  list.o [1]
  .text              ro code   0x801'16e4     0x200  port.o [1]
  .text              ro code   0x801'18e4      0x18  freertos.o [1]
  .text              ro code   0x801'18fc     0x1bc  stm32f1xx_hal_flash.o [1]
  .text              ro code   0x801'1ab8     0x8bc  stm32f1xx_hal_rcc.o [1]
  .text              ro code   0x801'2374      0x58  stm32f1xx_hal.o [1]
  .text              ro code   0x801'23cc      0x90  stm32f1xx_hal_timebase_tim.o [1]
  .text              ro code   0x801'245c     0xaf0  stm32f1xx_hal_eth.o [1]
  .text              ro code   0x801'2f4c      0xf4  stm32f1xx_hal_flash_ex.o [1]
  .text              ro code   0x801'3040     0x320  stm32f1xx_hal_gpio.o [1]
  .text              ro code   0x801'3360      0x3c  vsnprint.o [2]
  .text              ro code   0x801'339c     0x744  api_lib.o [1]
  .text              ro code   0x801'3ae0     0x1b0  netbuf.o [1]
  .text              ro code   0x801'3c90     0x11c  stm32f1xx_hal_cortex.o [1]
  .text              ro code   0x801'3dac       0xc  stm32f1xx_hal_pwr.o [1]
  .text              ro code   0x801'3db8       0x6  abort.o [2]
  .text              ro code   0x801'3dc0     0x16a  DblAdd.o [3]
  .text              ro code   0x801'3f2c       0x2  I64DivZer.o [4]
  CODE               ro code   0x801'3f30      0x88  portasm.o [1]
  .text              ro code   0x801'3fb8      0x1e  U64Shr.o [4]
  .text              ro code   0x801'3fd6       0x2  stm32f1xx_hal.o [1]
  .text              ro code   0x801'3fd8     0x2f2  stm32f1xx_hal_tim.o [1]
  .text              ro code   0x801'42cc     0x6a6  ethernetif.o [1]
  .text              ro code   0x801'4972       0x2  stm32f1xx_hal_eth.o [1]
  .text              ro code   0x801'4974       0x2  stm32f1xx_hal_eth.o [1]
  .text              ro code   0x801'4978      0x28  stm32f1xx_hal.o [1]
  .text              ro code   0x801'49a0     0x230  tcpip.o [1]
  .text              ro code   0x801'4bd0    0x1954  api_msg.o [1]
  .text              ro code   0x801'6524      0x28  printf.o [2]
  .text              ro code   0x801'654c     0x304  sys_arch.o [1]
  .text              ro code   0x801'6850     0x184  memp.o [1]
  .text              ro code   0x801'69d4     0xd28  pbuf.o [1]
  .text              ro code   0x801'76fc      0x14  exit.o [5]
  .text              ro code   0x801'7710       0x2  stm32f1xx_hal_tim.o [1]
  .text              ro code   0x801'7712       0x2  stm32f1xx_hal_tim.o [1]
  .text              ro code   0x801'7714       0x2  stm32f1xx_hal_tim.o [1]
  .text              ro code   0x801'7718     0x260  hard_config.o [1]
  .text              ro code   0x801'7978       0x2  stm32f1xx_hal_tim_ex.o [1]
  .text              ro code   0x801'797a       0x2  stm32f1xx_hal_tim.o [1]
  .text              ro code   0x801'797c       0x2  stm32f1xx_hal_tim_ex.o [1]
  .text              ro code   0x801'7980     0x432  cmsis_os.o [1]
  .text              ro code   0x801'7db4     0x258  netif.o [1]
  .text              ro code   0x801'800c     0x254  timeouts.o [1]
  .text              ro code   0x801'8260      0x50  init.o [1]
  .text              ro code   0x801'82b0    0x12f8  tcp.o [1]
  .text              ro code   0x801'95a8     0x2b8  raw.o [1]
  .text              ro code   0x801'9860     0x5c4  udp.o [1]
  .text              ro code   0x801'9e24    0x12c8  tcp_out.o [1]
  .text              ro code   0x801'b0ec       0x6  ABImemclr4.o [4]
  .text              ro code   0x801'b0f4     0x60c  mem.o [1]
  .text              ro code   0x801'b700      0x18  stm32f1xx_hal.o [1]
  .text              ro code   0x801'b718     0xad0  queue.o [1]
  .text              ro code   0x801'c1e8     0xb3c  etharp.o [1]
  .text              ro code   0x801'cd24    0x1720  dhcp.o [1]
  .text              ro code   0x801'e444       0x2  stats.o [1]
  .text              ro code   0x801'e448     0xb28  dns.o [1]
  .text              ro code   0x801'ef70    0x1a48  tcp_in.o [1]
  .text              ro code   0x802'09b8     0x514  ip4.o [1]
  .text              ro code   0x802'0ecc     0x2be  ip4_addr.o [1]
  .text              ro code   0x802'118c      0xbc  def.o [1]
  .text              ro code   0x802'1248     0x3a4  icmp.o [1]
  .text              ro code   0x802'15ec      0x32  ABImemset48.o [4]
  .text              ro code   0x802'1620     0x180  ethernet.o [1]
  .text              ro code   0x802'17a0      0x9c  rand.o [2]
  .text              ro code   0x802'183c     0x924  ip4_frag.o [1]
  .text              ro code   0x802'2160      0x68  memcmp.o [4]
  .text              ro code   0x802'21c8    0x2918  httpserver-netconn.o [1]
  .text              ro code   0x802'4ae0      0x28  strncmp.o [2]
  .text              ro code   0x802'4b08      0x68  stm32f1xx_hal_rtc_ex.o [1]
  .text              ro code   0x802'4b70      0x4e  fs.o [1]
  .text              ro code   0x802'4bc0      0xfc  base64.o [1]
  .text              ro code   0x802'4cbc       0x2  stm32f1xx_hal_rtc_ex.o [1]
  .text              ro code   0x802'4cbe       0x2  stm32f1xx_hal_rtc_ex.o [1]
  .text              ro code   0x802'4cc0      0x12  strcmp.o [4]
  .text              ro code   0x802'4cd4    0x159c  snmp_msg.o [1]
  .text              ro code   0x802'6270      0xec  snmp_netconn.o [1]
  .text              ro code   0x802'635c     0x800  snmp_core.o [1]
  .text              ro code   0x802'6b5c     0x15c  snmp_pbuf_stream.o [1]
  .text              ro code   0x802'6cb8     0x7fa  snmp_asn1.o [1]
  .text              ro code   0x802'74b4     0x4cc  snmp_traps.o [1]
  .text              ro code   0x802'7980    0x149c  dlmalloc.o [2]
  .text              ro code   0x802'8e1c      0x2c  xgetmemchunk.o [2]
  .text              ro code   0x802'8e48    0x1050  smtp.o [1]
  .text              ro code   0x802'9e98      0x18  strcpy.o [4]
  .text              ro code   0x802'9eb0      0x90  iar_Stolx.o [2]
  .text              ro code   0x802'9f40      0x2c  strstr.o [2]
  .text              ro code   0x802'9f6c      0x14  isspace.o [2]
  .text              ro code   0x802'9f80     0x140  iar_Stoulx.o [2]
  .text              ro code   0x802'a0c0      0x14  tolower.o [2]
  .rodata            const     0x802'a0d4     0xce0  fs.o [1]
  .text              ro code   0x802'adb4     0xbcc  app.o [1]
  .text              ro code   0x802'b980     0x1e8  lwip.o [1]
  .text              ro code   0x802'bb68     0x3b0  ping.o [1]
  .text              ro code   0x802'bf18      0xbc  snmp_ex.o [1]
  .text              ro code   0x802'bfd4       0xc  memcpy.o [4]
  .text              ro code   0x802'bfe0     0xa48  sockets.o [1]
  .text              ro code   0x802'ca28      0x50  snmp_threadsync.o [1]
  .text              ro code   0x802'ca78     0x360  snmp_mib2_system.o [1]
  .text              ro code   0x802'cdd8      0x28  err.o [1]
  .rodata            const     0x802'ce00     0x3dc  html_page.o [1]
  .text              ro code   0x802'd1dc     0x2f4  ntp.o [1]
  .text              ro code   0x802'd4d0      0x1a  localtim.o [2]
  .text              ro code   0x802'd4ea       0x4  xTzoff_nop.o [2]
  .text              ro code   0x802'd4f0     0x10c  xttotm.o [2]
  .text              ro code   0x802'd5fc      0x6c  xDaysTo.o [2]
  .text              ro code   0x802'd668       0x6  xisdst_nop.o [2]
  .rodata            const     0x802'd670     0x2e4  fs.o [1]
  .rodata            const     0x802'd954     0x200  crc16.o [1]
  .rodata            const     0x802'db54     0x18c  html_page.o [1]
  .text              ro code   0x802'dce0     0x168  snmp_scalar.o [1]
  .text              ro code   0x802'de48     0x160  main.o [1]
  .rodata            const     0x802'dfa8     0x108  html_page.o [1]
  .rodata            const     0x802'e0b0     0x100  base64.o [1]
  .rodata            const     0x802'e1b0      0xf8  html_page.o [1]
  .rodata            const     0x802'e2a8      0xf8  html_page.o [1]
  .rodata            const     0x802'e3a0      0xf8  html_page.o [1]
  .rodata            const     0x802'e498      0xf8  html_page.o [1]
  .rodata            const     0x802'e590      0xf8  html_page.o [1]
  .rodata            const     0x802'e688      0xf8  html_page.o [1]
  .rodata            const     0x802'e780      0xf8  html_page.o [1]
  .rodata            const     0x802'e878      0xf8  html_page.o [1]
  .rodata            const     0x802'e970      0xf8  html_page.o [1]
  .rodata            const     0x802'ea68      0xf8  html_page.o [1]
  .rodata            const     0x802'eb60      0xf8  html_page.o [1]
  .text              ro code   0x802'ec58      0xd8  xfspos.o [2]
  .text              ro code   0x802'ed30      0xac  fflush.o [2]
  .text              ro code   0x802'eddc       0xc  xfgpos.o [2]
  .text              ro code   0x802'ede8      0x4a  lseek.o [5]
  .text              ro code   0x802'ee32      0x10  write.o [5]
  .text              ro code   0x802'ee44      0x44  XShHandles.o [2]
  .text              ro code   0x802'ee88      0x4c  XShHandles.o [2]
  .text              ro code   0x802'eed4      0x1e  dwrite.o [5]
  .text              ro code   0x802'eef4      0x50  iarwstdswo.o [5]
  .text              ro code   0x802'ef44      0x22  iarwrite.o [5]
  .rodata            const     0x802'ef68      0xcc  snmp_core.o [1]
  .rodata            const     0x802'f034      0xcc  snmp_traps.o [1]
  .text              ro code   0x802'f100      0xb4  xfwprep.o [2]
  .text              ro code   0x802'f1b4      0x24  fseek.o [2]
  .text              ro code   0x802'f1d8      0x9c  xfofind.o [2]
  .text              ro code   0x802'f274       0x4  heaptramp0.o [2]
  .rodata            const     0x802'f278      0x94  html_page.o [1]
  .rodata            const     0x802'f30c      0x8c  html_page.o [1]
  .rodata            const     0x802'f398      0x88  html_page.o [1]
  .rodata            const     0x802'f420      0x80  html_page.o [1]
  .rodata            const     0x802'f4a0      0x80  html_page.o [1]
  .rodata            const     0x802'f520      0x80  html_page.o [1]
  .text              ro code   0x802'f5a0      0x7e  fclose.o [2]
  .text              ro code   0x802'f61e      0x18  close.o [5]
  .text              ro code   0x802'f636      0x14  remove.o [5]
  .text              ro code   0x802'f64c      0x48  XShHandles.o [2]
  .rodata            const     0x802'f694      0x78  html_page.o [1]
  .rodata            const     0x802'f70c      0x78  html_page.o [1]
  .text              ro code   0x802'f784      0x78  lz77_init_single.o [4]
  .rodata            const     0x802'f7fc      0x74  html_page.o [1]
  .rodata            const     0x802'f870      0x74  html_page.o [1]
  .rodata            const     0x802'f8e4      0x74  snmp_mib2_system.o [1]
  .rodata            const     0x802'f958      0x70  html_page.o [1]
  .rodata            const     0x802'f9c8      0x70  html_page.o [1]
  .rodata            const     0x802'fa38      0x70  html_page.o [1]
  .rodata            const     0x802'faa8      0x70  html_page.o [1]
  .rodata            const     0x802'fb18      0x70  html_page.o [1]
  .rodata            const     0x802'fb88      0x70  snmp_netconn.o [1]
  .rodata            const     0x802'fbf8      0x70  snmp_threadsync.o [1]
  .rodata            const     0x802'fc68      0x6c  html_page.o [1]
  .rodata            const     0x802'fcd4      0x6c  html_page.o [1]
  .rodata            const     0x802'fd40      0x6c  html_page.o [1]
  .rodata            const     0x802'fdac      0x6c  ip4_addr.o [1]
  .rodata            const     0x802'fe18      0x6c  ip4_frag.o [1]
  .rodata            const     0x802'fe84      0x6c  snmp_core.o [1]
  .rodata            const     0x802'fef0      0x6c  snmp_msg.o [1]
  .rodata            const     0x802'ff5c      0x68  dhcp.o [1]
  .rodata            const     0x802'ffc4      0x68  etharp.o [1]
  .rodata            const     0x803'002c      0x68  ethernet.o [1]
  .rodata            const     0x803'0094      0x68  html_page.o [1]
  .rodata            const     0x803'00fc      0x68  icmp.o [1]
  .rodata            const     0x803'0164      0x68  ping.o [1]
  .rodata            const     0x803'01cc      0x64  api_lib.o [1]
  .rodata            const     0x803'0230      0x64  api_msg.o [1]
  .rodata            const     0x803'0294      0x64  html_page.o [1]
  .rodata            const     0x803'02f8      0x64  html_page.o [1]
  .rodata            const     0x803'035c      0x64  html_page.o [1]
  .rodata            const     0x803'03c0      0x64  html_page.o [1]
  .rodata            const     0x803'0424      0x64  html_page.o [1]
  .rodata            const     0x803'0488      0x64  html_page.o [1]
  .rodata            const     0x803'04ec      0x64  ip4.o [1]
  .rodata            const     0x803'0550      0x64  netbuf.o [1]
  .rodata            const     0x803'05b4      0x64  netif.o [1]
  .rodata            const     0x803'0618      0x64  sockets.o [1]
  .rodata            const     0x803'067c      0x64  tcp_in.o [1]
  .rodata            const     0x803'06e0      0x64  tcp_out.o [1]
  .rodata            const     0x803'0744      0x64  timeouts.o [1]
  .rodata            const     0x803'07a8      0x60  dns.o [1]
  .rodata            const     0x803'0808      0x60  init.o [1]
  .rodata            const     0x803'0868      0x60  mem.o [1]
  .rodata            const     0x803'08c8      0x60  memp.o [1]
  .rodata            const     0x803'0928      0x60  pbuf.o [1]
  .rodata            const     0x803'0988      0x60  raw.o [1]
  .rodata            const     0x803'09e8      0x60  tcp.o [1]
  .rodata            const     0x803'0a48      0x60  tcpip.o [1]
  .rodata            const     0x803'0aa8      0x60  udp.o [1]
  .rodata            const     0x803'0b08      0x5c  html_page.o [1]
  .rodata            const     0x803'0b64      0x58  html_page.o [1]
  .rodata            const     0x803'0bbc      0x58  html_page.o [1]
  .rodata            const     0x803'0c14      0x58  html_page.o [1]
  .rodata            const     0x803'0c6c      0x58  html_page.o [1]
  .rodata            const     0x803'0cc4      0x58  html_page.o [1]
  .rodata            const     0x803'0d1c      0x58  html_page.o [1]
  .rodata            const     0x803'0d74      0x58  html_page.o [1]
  .rodata            const     0x803'0dcc      0x58  html_page.o [1]
  .rodata            const     0x803'0e24      0x58  snmp_mib2_system.o [1]
  .rodata            const     0x803'0e7c      0x58  tcp_out.o [1]
  .rodata            const     0x803'0ed4      0x54  html_page.o [1]
  .text              ro code   0x803'0f28      0x54  fputc.o [2]
  .rodata            const     0x803'0f7c      0x50  html_page.o [1]
  .rodata            const     0x803'0fcc      0x50  html_page.o [1]
  .rodata            const     0x803'101c      0x50  html_page.o [1]
  .rodata            const     0x803'106c      0x50  html_page.o [1]
  .rodata            const     0x803'10bc      0x50  html_page.o [1]
  .rodata            const     0x803'110c      0x50  iar_Stoulx.o [2]
  .rodata            const     0x803'115c      0x4c  ethernetif.o [1]
  .rodata            const     0x803'11a8      0x4c  html_page.o [1]
  .rodata            const     0x803'11f4      0x4c  html_page.o [1]
  .rodata            const     0x803'1240      0x4c  html_page.o [1]
  .rodata            const     0x803'128c      0x4c  html_page.o [1]
  .rodata            const     0x803'12d8      0x4c  html_page.o [1]
  .rodata            const     0x803'1324      0x4c  html_page.o [1]
  .rodata            const     0x803'1370      0x4c  html_page.o [1]
  .rodata            const     0x803'13bc      0x4c  html_page.o [1]
  .rodata            const     0x803'1408      0x4c  html_page.o [1]
  .rodata            const     0x803'1454      0x4c  raw.o [1]
  .rodata            const     0x803'14a0      0x48  dhcp.o [1]
  .rodata            const     0x803'14e8      0x48  html_page.o [1]
  .rodata            const     0x803'1530      0x48  html_page.o [1]
  .rodata            const     0x803'1578      0x48  html_page.o [1]
  .rodata            const     0x803'15c0      0x48  html_page.o [1]
  .rodata            const     0x803'1608      0x48  html_page.o [1]
  .rodata            const     0x803'1650      0x44  dhcp.o [1]
  .rodata            const     0x803'1694      0x44  err.o [1]
  .rodata            const     0x803'16d8      0x44  etharp.o [1]
  .rodata            const     0x803'171c      0x44  html_page.o [1]
  .rodata            const     0x803'1760      0x44  html_page.o [1]
  .rodata            const     0x803'17a4      0x44  html_page.o [1]
  .rodata            const     0x803'17e8      0x44  html_page.o [1]
  .rodata            const     0x803'182c      0x44  html_page.o [1]
  .rodata            const     0x803'1870      0x44  html_page.o [1]
  .rodata            const     0x803'18b4      0x44  init.o [1]
  .rodata            const     0x803'18f8      0x44  smtp.o [1]
  .rodata            const     0x803'193c      0x40  api_msg.o [1]
  .rodata            const     0x803'197c      0x40  dhcp.o [1]
  .rodata            const     0x803'19bc      0x40  dhcp.o [1]
  .rodata            const     0x803'19fc      0x40  dhcp.o [1]
  .rodata            const     0x803'1a3c      0x40  etharp.o [1]
  .rodata            const     0x803'1a7c      0x40  html_page.o [1]
  .rodata            const     0x803'1abc      0x40  html_page.o [1]
  .rodata            const     0x803'1afc      0x40  html_page.o [1]
  .rodata            const     0x803'1b3c      0x40  html_page.o [1]
  .rodata            const     0x803'1b7c      0x40  html_page.o [1]
  .rodata            const     0x803'1bbc      0x40  html_page.o [1]
  .rodata            const     0x803'1bfc      0x40  html_page.o [1]
  .rodata            const     0x803'1c3c      0x40  html_page.o [1]
  .rodata            const     0x803'1c7c      0x40  html_page.o [1]
  .rodata            const     0x803'1cbc      0x40  html_page.o [1]
  .rodata            const     0x803'1cfc      0x40  html_page.o [1]
  .rodata            const     0x803'1d3c      0x40  httpserver-netconn.o [1]
  .rodata            const     0x803'1d7c      0x40  smtp.o [1]
  .rodata            const     0x803'1dbc      0x40  tcp_out.o [1]
  .rodata            const     0x803'1dfc      0x40  timeouts.o [1]
  .text              ro code   0x803'1e3c      0x40  stm32f1xx_it.o [1]
  .rodata            const     0x803'1e7c      0x3c  api_msg.o [1]
  .rodata            const     0x803'1eb8      0x3c  api_msg.o [1]
  .rodata            const     0x803'1ef4      0x3c  dhcp.o [1]
  .rodata            const     0x803'1f30      0x3c  html_page.o [1]
  .rodata            const     0x803'1f6c      0x3c  html_page.o [1]
  .rodata            const     0x803'1fa8      0x3c  html_page.o [1]
  .rodata            const     0x803'1fe4      0x3c  html_page.o [1]
  .rodata            const     0x803'2020      0x3c  html_page.o [1]
  .rodata            const     0x803'205c      0x3c  html_page.o [1]
  .rodata            const     0x803'2098      0x3c  html_page.o [1]
  .rodata            const     0x803'20d4      0x3c  memp.o [1]
  .rodata            const     0x803'2110      0x3c  tcp_in.o [1]
  .rodata            const     0x803'214c      0x3c  tcp_out.o [1]
  .rodata            const     0x803'2188      0x3c  tcp_out.o [1]
  .text              ro code   0x803'21c4      0x3c  xcloseall.o [2]
  .rodata            const     0x803'2200      0x38  html_page.o [1]
  .rodata            const     0x803'2238      0x38  html_page.o [1]
  .rodata            const     0x803'2270      0x38  html_page.o [1]
  .rodata            const     0x803'22a8      0x38  html_page.o [1]
  .rodata            const     0x803'22e0      0x38  html_page.o [1]
  .rodata            const     0x803'2318      0x38  html_page.o [1]
  .rodata            const     0x803'2350      0x38  html_page.o [1]
  .rodata            const     0x803'2388      0x38  html_page.o [1]
  .rodata            const     0x803'23c0      0x38  html_page.o [1]
  .rodata            const     0x803'23f8      0x38  html_page.o [1]
  .rodata            const     0x803'2430      0x38  html_page.o [1]
  .rodata            const     0x803'2468      0x38  html_page.o [1]
  .rodata            const     0x803'24a0      0x38  html_page.o [1]
  .rodata            const     0x803'24d8      0x38  html_page.o [1]
  .rodata            const     0x803'2510      0x38  html_page.o [1]
  .rodata            const     0x803'2548      0x38  html_page.o [1]
  .rodata            const     0x803'2580      0x38  html_page.o [1]
  .rodata            const     0x803'25b8      0x38  html_page.o [1]
  .rodata            const     0x803'25f0      0x38  html_page.o [1]
  .rodata            const     0x803'2628      0x38  html_page.o [1]
  .rodata            const     0x803'2660      0x38  icmp.o [1]
  .rodata            const     0x803'2698      0x38  ip4_frag.o [1]
  .rodata            const     0x803'26d0      0x38  pbuf.o [1]
  .rodata            const     0x803'2708      0x38  snmp_core.o [1]
  .rodata            const     0x803'2740      0x38  snmp_core.o [1]
  .rodata            const     0x803'2778      0x38  snmp_core.o [1]
  .rodata            const     0x803'27b0      0x38  tcp_in.o [1]
  .rodata            const     0x803'27e8      0x38  tcp_out.o [1]
  .rodata            const     0x803'2820      0x38  tcp_out.o [1]
  .rodata            const     0x803'2858      0x34  api_msg.o [1]
  .rodata            const     0x803'288c      0x34  etharp.o [1]
  .rodata            const     0x803'28c0      0x34  ethernet.o [1]
  .rodata            const     0x803'28f4      0x34  html_page.o [1]
  .rodata            const     0x803'2928      0x34  html_page.o [1]
  .rodata            const     0x803'295c      0x34  html_page.o [1]
  .rodata            const     0x803'2990      0x34  html_page.o [1]
  .rodata            const     0x803'29c4      0x34  html_page.o [1]
  .rodata            const     0x803'29f8      0x34  html_page.o [1]
  .rodata            const     0x803'2a2c      0x34  html_page.o [1]
  .rodata            const     0x803'2a60      0x34  html_page.o [1]
  .rodata            const     0x803'2a94      0x34  html_page.o [1]
  .rodata            const     0x803'2ac8      0x34  html_page.o [1]
  .rodata            const     0x803'2afc      0x34  html_page.o [1]
  .rodata            const     0x803'2b30      0x34  html_page.o [1]
  .rodata            const     0x803'2b64      0x34  html_page.o [1]
  .rodata            const     0x803'2b98      0x34  html_page.o [1]
  .rodata            const     0x803'2bcc      0x34  html_page.o [1]
  .rodata            const     0x803'2c00      0x34  html_page.o [1]
  .rodata            const     0x803'2c34      0x34  html_page.o [1]
  .rodata            const     0x803'2c68      0x34  html_page.o [1]
  .rodata            const     0x803'2c9c      0x34  html_page.o [1]
  .rodata            const     0x803'2cd0      0x34  html_page.o [1]
  .rodata            const     0x803'2d04      0x34  httpserver-netconn.o [1]
  .rodata            const     0x803'2d38      0x34  icmp.o [1]
  .rodata            const     0x803'2d6c      0x34  pbuf.o [1]
  .rodata            const     0x803'2da0      0x34  pbuf.o [1]
  .rodata            const     0x803'2dd4      0x34  tcp.o [1]
  .rodata            const     0x803'2e08      0x34  tcp_out.o [1]
  .rodata            const     0x803'2e3c      0x34  tcp_out.o [1]
  .rodata            const     0x803'2e70      0x30  api_msg.o [1]
  .rodata            const     0x803'2ea0      0x30  etharp.o [1]
  .rodata            const     0x803'2ed0      0x30  html_page.o [1]
  .rodata            const     0x803'2f00      0x30  html_page.o [1]
  .rodata            const     0x803'2f30      0x30  html_page.o [1]
  .rodata            const     0x803'2f60      0x30  html_page.o [1]
  .rodata            const     0x803'2f90      0x30  html_page.o [1]
  .rodata            const     0x803'2fc0      0x30  html_page.o [1]
  .rodata            const     0x803'2ff0      0x30  html_page.o [1]
  .rodata            const     0x803'3020      0x30  html_page.o [1]
  .rodata            const     0x803'3050      0x30  html_page.o [1]
  .rodata            const     0x803'3080      0x30  html_page.o [1]
  .rodata            const     0x803'30b0      0x30  html_page.o [1]
  .rodata            const     0x803'30e0      0x30  html_page.o [1]
  .rodata            const     0x803'3110      0x30  html_page.o [1]
  .rodata            const     0x803'3140      0x30  html_page.o [1]
  .rodata            const     0x803'3170      0x30  html_page.o [1]
  .rodata            const     0x803'31a0      0x30  httpserver-netconn.o [1]
  .rodata            const     0x803'31d0      0x30  ip4.o [1]
  .rodata            const     0x803'3200      0x30  mem.o [1]
  .rodata            const     0x803'3230      0x30  mem.o [1]
  .rodata            const     0x803'3260      0x30  pbuf.o [1]
  .rodata            const     0x803'3290      0x30  pbuf.o [1]
  .rodata            const     0x803'32c0      0x30  pbuf.o [1]
  .rodata            const     0x803'32f0      0x30  pbuf.o [1]
  .rodata            const     0x803'3320      0x30  tcp.o [1]
  .rodata            const     0x803'3350      0x30  tcp.o [1]
  .rodata            const     0x803'3380      0x30  tcp.o [1]
  .rodata            const     0x803'33b0      0x30  tcp_in.o [1]
  .rodata            const     0x803'33e0      0x30  tcp_out.o [1]
  .rodata            const     0x803'3410      0x30  tcp_out.o [1]
  .rodata            const     0x803'3440      0x30  timeouts.o [1]
  .rodata            const     0x803'3470      0x30  udp.o [1]
  .rodata            const     0x803'34a0      0x2c  api_msg.o [1]
  .rodata            const     0x803'34cc      0x2c  dhcp.o [1]
  .rodata            const     0x803'34f8      0x2c  etharp.o [1]
  .rodata            const     0x803'3524      0x2c  html_page.o [1]
  .rodata            const     0x803'3550      0x2c  html_page.o [1]
  .rodata            const     0x803'357c      0x2c  html_page.o [1]
  .rodata            const     0x803'35a8      0x2c  html_page.o [1]
  .rodata            const     0x803'35d4      0x2c  html_page.o [1]
  .rodata            const     0x803'3600      0x2c  html_page.o [1]
  .rodata            const     0x803'362c      0x2c  html_page.o [1]
  .rodata            const     0x803'3658      0x2c  html_page.o [1]
  .rodata            const     0x803'3684      0x2c  html_page.o [1]
  .rodata            const     0x803'36b0      0x2c  html_page.o [1]
  .rodata            const     0x803'36dc      0x2c  html_page.o [1]
  .rodata            const     0x803'3708      0x2c  html_page.o [1]
  .rodata            const     0x803'3734      0x2c  html_page.o [1]
  .rodata            const     0x803'3760      0x2c  html_page.o [1]
  .rodata            const     0x803'378c      0x2c  html_page.o [1]
  .rodata            const     0x803'37b8      0x2c  icmp.o [1]
  .rodata            const     0x803'37e4      0x2c  mem.o [1]
  .rodata            const     0x803'3810      0x2c  pbuf.o [1]
  .rodata            const     0x803'383c      0x2c  pbuf.o [1]
  .rodata            const     0x803'3868      0x2c  snmp_core.o [1]
  .rodata            const     0x803'3894      0x2c  snmp_core.o [1]
  .rodata            const     0x803'38c0      0x2c  snmp_msg.o [1]
  .rodata            const     0x803'38ec      0x2c  tcp.o [1]
  .rodata            const     0x803'3918      0x2c  tcp.o [1]
  .rodata            const     0x803'3944      0x2c  tcp.o [1]
  .rodata            const     0x803'3970      0x2c  tcp.o [1]
  .rodata            const     0x803'399c      0x2c  tcp_in.o [1]
  .rodata            const     0x803'39c8      0x2c  tcp_in.o [1]
  .rodata            const     0x803'39f4      0x2c  tcp_in.o [1]
  .rodata            const     0x803'3a20      0x2c  tcp_out.o [1]
  .rodata            const     0x803'3a4c      0x2c  tcp_out.o [1]
  .rodata            const     0x803'3a78      0x28  api_lib.o [1]
  .rodata            const     0x803'3aa0      0x28  api_msg.o [1]
  .rodata            const     0x803'3ac8      0x28  api_msg.o [1]
  .rodata            const     0x803'3af0      0x28  dhcp.o [1]
  .rodata            const     0x803'3b18      0x28  dhcp.o [1]
  .rodata            const     0x803'3b40      0x28  dhcp.o [1]
  .rodata            const     0x803'3b68      0x28  dhcp.o [1]
  .rodata            const     0x803'3b90      0x28  dhcp.o [1]
  .rodata            const     0x803'3bb8      0x28  dhcp.o [1]
  .rodata            const     0x803'3be0      0x28  dns.o [1]
  .rodata            const     0x803'3c08      0x28  etharp.o [1]
  .rodata            const     0x803'3c30      0x28  etharp.o [1]
  .rodata            const     0x803'3c58      0x28  ethernet.o [1]
  .rodata            const     0x803'3c80      0x28  ethernetif.o [1]
  .rodata            const     0x803'3ca8      0x28  html_page.o [1]
  .rodata            const     0x803'3cd0      0x28  html_page.o [1]
  .rodata            const     0x803'3cf8      0x28  html_page.o [1]
  .rodata            const     0x803'3d20      0x28  html_page.o [1]
  .rodata            const     0x803'3d48      0x28  html_page.o [1]
  .rodata            const     0x803'3d70      0x28  html_page.o [1]
  .rodata            const     0x803'3d98      0x28  html_page.o [1]
  .rodata            const     0x803'3dc0      0x28  html_page.o [1]
  .rodata            const     0x803'3de8      0x28  html_page.o [1]
  .rodata            const     0x803'3e10      0x28  html_page.o [1]
  .rodata            const     0x803'3e38      0x28  html_page.o [1]
  .rodata            const     0x803'3e60      0x28  html_page.o [1]
  .rodata            const     0x803'3e88      0x28  html_page.o [1]
  .rodata            const     0x803'3eb0      0x28  html_page.o [1]
  .rodata            const     0x803'3ed8      0x28  httpserver-netconn.o [1]
  .rodata            const     0x803'3f00      0x28  icmp.o [1]
  .rodata            const     0x803'3f28      0x28  init.o [1]
  .rodata            const     0x803'3f50      0x28  ip4.o [1]
  .rodata            const     0x803'3f78      0x28  ip4_addr.o [1]
  .rodata            const     0x803'3fa0      0x28  ip4_frag.o [1]
  .rodata            const     0x803'3fc8      0x28  ip4_frag.o [1]
  .rodata            const     0x803'3ff0      0x28  mem.o [1]
  .rodata            const     0x803'4018      0x28  memp.o [1]
  .rodata            const     0x803'4040      0x28  netbuf.o [1]
  .rodata            const     0x803'4068      0x28  netif.o [1]
  .rodata            const     0x803'4090      0x28  pbuf.o [1]
  .rodata            const     0x803'40b8      0x28  ping.o [1]
  .rodata            const     0x803'40e0      0x28  raw.o [1]
  .rodata            const     0x803'4108      0x28  raw.o [1]
  .rodata            const     0x803'4130      0x28  smtp.o [1]
  .rodata            const     0x803'4158      0x28  snmp_core.o [1]
  .rodata            const     0x803'4180      0x28  snmp_mib2_system.o [1]
  .rodata            const     0x803'41a8      0x28  snmp_msg.o [1]
  .rodata            const     0x803'41d0      0x28  snmp_netconn.o [1]
  .rodata            const     0x803'41f8      0x28  snmp_threadsync.o [1]
  .rodata            const     0x803'4220      0x28  sockets.o [1]
  .rodata            const     0x803'4248      0x28  sockets.o [1]
  .rodata            const     0x803'4270      0x28  tcp.o [1]
  .rodata            const     0x803'4298      0x28  tcp.o [1]
  .rodata            const     0x803'42c0      0x28  tcp.o [1]
  .rodata            const     0x803'42e8      0x28  tcp.o [1]
  .rodata            const     0x803'4310      0x28  tcp.o [1]
  .rodata            const     0x803'4338      0x28  tcp.o [1]
  .rodata            const     0x803'4360      0x28  tcp.o [1]
  .rodata            const     0x803'4388      0x28  tcp.o [1]
  .rodata            const     0x803'43b0      0x28  tcp_in.o [1]
  .rodata            const     0x803'43d8      0x28  tcp_in.o [1]
  .rodata            const     0x803'4400      0x28  tcp_in.o [1]
  .rodata            const     0x803'4428      0x28  tcp_in.o [1]
  .rodata            const     0x803'4450      0x28  tcp_in.o [1]
  .rodata            const     0x803'4478      0x28  tcp_out.o [1]
  .rodata            const     0x803'44a0      0x28  tcp_out.o [1]
  .rodata            const     0x803'44c8      0x28  tcp_out.o [1]
  .rodata            const     0x803'44f0      0x28  tcpip.o [1]
  .rodata            const     0x803'4518      0x28  timeouts.o [1]
  .rodata            const     0x803'4540      0x28  udp.o [1]
  .text              ro code   0x803'4568      0x28  data_init.o [4]
  .rodata            const     0x803'4590      0x24  api_lib.o [1]
  .rodata            const     0x803'45b4      0x24  api_lib.o [1]
  .rodata            const     0x803'45d8      0x24  api_lib.o [1]
  .rodata            const     0x803'45fc      0x24  api_msg.o [1]
  .rodata            const     0x803'4620      0x24  api_msg.o [1]
  .rodata            const     0x803'4644      0x24  api_msg.o [1]
  .rodata            const     0x803'4668      0x24  api_msg.o [1]
  .rodata            const     0x803'468c      0x24  dhcp.o [1]
  .rodata            const     0x803'46b0      0x24  dhcp.o [1]
  .rodata            const     0x803'46d4      0x24  dhcp.o [1]
  .rodata            const     0x803'46f8      0x24  etharp.o [1]
  .rodata            const     0x803'471c      0x24  html_page.o [1]
  .rodata            const     0x803'4740      0x24  html_page.o [1]
  .rodata            const     0x803'4764      0x24  html_page.o [1]
  .rodata            const     0x803'4788      0x24  html_page.o [1]
  .rodata            const     0x803'47ac      0x24  html_page.o [1]
  .rodata            const     0x803'47d0      0x24  html_page.o [1]
  .rodata            const     0x803'47f4      0x24  html_page.o [1]
  .rodata            const     0x803'4818      0x24  html_page.o [1]
  .rodata            const     0x803'483c      0x24  html_page.o [1]
  .rodata            const     0x803'4860      0x24  html_page.o [1]
  .rodata            const     0x803'4884      0x24  html_page.o [1]
  .rodata            const     0x803'48a8      0x24  html_page.o [1]
  .rodata            const     0x803'48cc      0x24  ip4_frag.o [1]
  .rodata            const     0x803'48f0      0x24  LOGS.o [1]
  .rodata            const     0x803'4914      0x24  mem.o [1]
  .rodata            const     0x803'4938      0x24  mem.o [1]
  .rodata            const     0x803'495c      0x24  memp.o [1]
  .rodata            const     0x803'4980      0x24  netbuf.o [1]
  .rodata            const     0x803'49a4      0x24  pbuf.o [1]
  .rodata            const     0x803'49c8      0x24  pbuf.o [1]
  .rodata            const     0x803'49ec      0x24  pbuf.o [1]
  .rodata            const     0x803'4a10      0x24  snmp_core.o [1]
  .rodata            const     0x803'4a34      0x24  snmp_mib2_system.o [1]
  .rodata            const     0x803'4a58      0x24  sockets.o [1]
  .rodata            const     0x803'4a7c      0x24  tcp.o [1]
  .rodata            const     0x803'4aa0      0x24  tcp.o [1]
  .rodata            const     0x803'4ac4      0x24  tcpip.o [1]
  .rodata            const     0x803'4ae8      0x24  tcpip.o [1]
  .iar.init_table    const     0x803'4b0c      0x20  - Linker created -
  .rodata            const     0x803'4b2c      0x20  api_lib.o [1]
  .rodata            const     0x803'4b4c      0x20  api_lib.o [1]
  .rodata            const     0x803'4b6c      0x20  api_lib.o [1]
  .rodata            const     0x803'4b8c      0x20  api_lib.o [1]
  .rodata            const     0x803'4bac      0x20  api_lib.o [1]
  .rodata            const     0x803'4bcc      0x20  api_lib.o [1]
  .rodata            const     0x803'4bec      0x20  api_lib.o [1]
  .rodata            const     0x803'4c0c      0x20  api_lib.o [1]
  .rodata            const     0x803'4c2c      0x20  api_lib.o [1]
  .rodata            const     0x803'4c4c      0x20  api_msg.o [1]
  .rodata            const     0x803'4c6c      0x20  api_msg.o [1]
  .rodata            const     0x803'4c8c      0x20  api_msg.o [1]
  .rodata            const     0x803'4cac      0x20  api_msg.o [1]
  .rodata            const     0x803'4ccc      0x20  api_msg.o [1]
  .rodata            const     0x803'4cec      0x20  api_msg.o [1]
  .rodata            const     0x803'4d0c      0x20  api_msg.o [1]
  .rodata            const     0x803'4d2c      0x20  api_msg.o [1]
  .rodata            const     0x803'4d4c      0x20  api_msg.o [1]
  .rodata            const     0x803'4d6c      0x20  api_msg.o [1]
  .rodata            const     0x803'4d8c      0x20  dhcp.o [1]
  .rodata            const     0x803'4dac      0x20  dhcp.o [1]
  .rodata            const     0x803'4dcc      0x20  dhcp.o [1]
  .rodata            const     0x803'4dec      0x20  dns.o [1]
  .rodata            const     0x803'4e0c      0x20  html_page.o [1]
  .rodata            const     0x803'4e2c      0x20  html_page.o [1]
  .rodata            const     0x803'4e4c      0x20  html_page.o [1]
  .rodata            const     0x803'4e6c      0x20  html_page.o [1]
  .rodata            const     0x803'4e8c      0x20  html_page.o [1]
  .rodata            const     0x803'4eac      0x20  html_page.o [1]
  .rodata            const     0x803'4ecc      0x20  html_page.o [1]
  .rodata            const     0x803'4eec      0x20  html_page.o [1]
  .rodata            const     0x803'4f0c      0x20  html_page.o [1]
  .rodata            const     0x803'4f2c      0x20  html_page.o [1]
  .rodata            const     0x803'4f4c      0x20  html_page.o [1]
  .rodata            const     0x803'4f6c      0x20  httpserver-netconn.o [1]
  .rodata            const     0x803'4f8c      0x20  ip4_frag.o [1]
  .rodata            const     0x803'4fac      0x20  ip4_frag.o [1]
  .rodata            const     0x803'4fcc      0x20  ip4_frag.o [1]
  .rodata            const     0x803'4fec      0x20  mem.o [1]
  .rodata            const     0x803'500c      0x20  memp.o [1]
  .rodata            const     0x803'502c      0x20  memp.o [1]
  .rodata            const     0x803'504c      0x20  netbuf.o [1]
  .rodata            const     0x803'506c      0x20  pbuf.o [1]
  .rodata            const     0x803'508c      0x20  pbuf.o [1]
  .rodata            const     0x803'50ac      0x20  pbuf.o [1]
  .rodata            const     0x803'50cc      0x20  snmp_core.o [1]
  .rodata            const     0x803'50ec      0x20  snmp_core.o [1]
  .rodata            const     0x803'510c      0x20  snmp_core.o [1]
  .rodata            const     0x803'512c      0x20  snmp_core.o [1]
  .rodata            const     0x803'514c      0x20  snmp_core.o [1]
  .rodata            const     0x803'516c      0x20  sockets.o [1]
  .rodata            const     0x803'518c      0x20  tcp.o [1]
  .rodata            const     0x803'51ac      0x20  tcp_in.o [1]
  .rodata            const     0x803'51cc      0x20  tcp_in.o [1]
  .rodata            const     0x803'51ec      0x20  tcp_in.o [1]
  .rodata            const     0x803'520c      0x20  tcp_in.o [1]
  .rodata            const     0x803'522c      0x20  tcp_in.o [1]
  .rodata            const     0x803'524c      0x20  tcp_out.o [1]
  .rodata            const     0x803'526c      0x20  tcp_out.o [1]
  .rodata            const     0x803'528c      0x20  tcp_out.o [1]
  .rodata            const     0x803'52ac      0x20  tcpip.o [1]
  .text              ro code   0x803'52cc      0x20  snmp_mib2.o [1]
  .text              ro code   0x803'52ec      0x1e  cmain.o [4]
  .text              ro code   0x803'530a       0x4  low_level_init.o [2]
  .text              ro code   0x803'530e       0x4  exit.o [2]
  .text              ro code   0x803'5314       0xe  cexit.o [4]
  .rodata            const     0x803'5324      0x1c  api_lib.o [1]
  .rodata            const     0x803'5340      0x1c  api_lib.o [1]
  .rodata            const     0x803'535c      0x1c  api_lib.o [1]
  .rodata            const     0x803'5378      0x1c  api_lib.o [1]
  .rodata            const     0x803'5394      0x1c  api_lib.o [1]
  .rodata            const     0x803'53b0      0x1c  api_lib.o [1]
  .rodata            const     0x803'53cc      0x1c  api_msg.o [1]
  .rodata            const     0x803'53e8      0x1c  api_msg.o [1]
  .rodata            const     0x803'5404      0x1c  api_msg.o [1]
  .rodata            const     0x803'5420      0x1c  api_msg.o [1]
  .rodata            const     0x803'543c      0x1c  dhcp.o [1]
  .rodata            const     0x803'5458      0x1c  dhcp.o [1]
  .rodata            const     0x803'5474      0x1c  dhcp.o [1]
  .rodata            const     0x803'5490      0x1c  dns.o [1]
  .rodata            const     0x803'54ac      0x1c  etharp.o [1]
  .rodata            const     0x803'54c8      0x1c  ethernetif.o [1]
  .rodata            const     0x803'54e4      0x1c  html_page.o [1]
  .rodata            const     0x803'5500      0x1c  html_page.o [1]
  .rodata            const     0x803'551c      0x1c  html_page.o [1]
  .rodata            const     0x803'5538      0x1c  html_page.o [1]
  .rodata            const     0x803'5554      0x1c  html_page.o [1]
  .rodata            const     0x803'5570      0x1c  html_page.o [1]
  .rodata            const     0x803'558c      0x1c  html_page.o [1]
  .rodata            const     0x803'55a8      0x1c  html_page.o [1]
  .rodata            const     0x803'55c4      0x1c  html_page.o [1]
  .rodata            const     0x803'55e0      0x1c  html_page.o [1]
  .rodata            const     0x803'55fc      0x1c  html_page.o [1]
  .rodata            const     0x803'5618      0x1c  html_page.o [1]
  .rodata            const     0x803'5634      0x1c  html_page.o [1]
  .rodata            const     0x803'5650      0x1c  html_page.o [1]
  .rodata            const     0x803'566c      0x1c  html_page.o [1]
  .rodata            const     0x803'5688      0x1c  httpserver-netconn.o [1]
  .rodata            const     0x803'56a4      0x1c  httpserver-netconn.o [1]
  .rodata            const     0x803'56c0      0x1c  ip4_frag.o [1]
  .rodata            const     0x803'56dc      0x1c  ip4_frag.o [1]
  .rodata            const     0x803'56f8      0x1c  ip4_frag.o [1]
  .rodata            const     0x803'5714      0x1c  lwip.o [1]
  .rodata            const     0x803'5730      0x1c  main.o [1]
  .rodata            const     0x803'574c      0x1c  main.o [1]
  .rodata            const     0x803'5768      0x1c  main.o [1]
  .rodata            const     0x803'5784      0x1c  main.o [1]
  .rodata            const     0x803'57a0      0x1c  main.o [1]
  .rodata            const     0x803'57bc      0x1c  main.o [1]
  .rodata            const     0x803'57d8      0x1c  main.o [1]
  .rodata            const     0x803'57f4      0x1c  mem.o [1]
  .rodata            const     0x803'5810      0x1c  mem.o [1]
  .rodata            const     0x803'582c      0x1c  mem.o [1]
  .rodata            const     0x803'5848      0x1c  mem.o [1]
  .rodata            const     0x803'5864      0x1c  memp.o [1]
  .rodata            const     0x803'5880      0x1c  netbuf.o [1]
  .rodata            const     0x803'589c      0x1c  netbuf.o [1]
  .rodata            const     0x803'58b8      0x1c  netbuf.o [1]
  .rodata            const     0x803'58d4      0x1c  netbuf.o [1]
  .rodata            const     0x803'58f0      0x1c  pbuf.o [1]
  .rodata            const     0x803'590c      0x1c  pbuf.o [1]
  .rodata            const     0x803'5928      0x1c  pbuf.o [1]
  .rodata            const     0x803'5944      0x1c  pbuf.o [1]
  .rodata            const     0x803'5960      0x1c  pbuf.o [1]
  .rodata            const     0x803'597c      0x1c  pbuf.o [1]
  .rodata            const     0x803'5998      0x1c  smtp.o [1]
  .rodata            const     0x803'59b4      0x1c  smtp.o [1]
  .rodata            const     0x803'59d0      0x1c  smtp.o [1]
  .rodata            const     0x803'59ec      0x1c  snmp_mib2.o [1]
  .rodata            const     0x803'5a08      0x1c  snmp_netconn.o [1]
  .rodata            const     0x803'5a24      0x1c  snmp_threadsync.o [1]
  .rodata            const     0x803'5a40      0x1c  tcp.o [1]
  .rodata            const     0x803'5a5c      0x1c  tcp.o [1]
  .rodata            const     0x803'5a78      0x1c  tcp.o [1]
  .rodata            const     0x803'5a94      0x1c  tcp_in.o [1]
  .rodata            const     0x803'5ab0      0x1c  tcp_in.o [1]
  .rodata            const     0x803'5acc      0x18  api_lib.o [1]
  .rodata            const     0x803'5ae4      0x18  api_msg.o [1]
  .rodata            const     0x803'5afc      0x18  api_msg.o [1]
  .rodata            const     0x803'5b14      0x18  api_msg.o [1]
  .rodata            const     0x803'5b2c      0x18  dhcp.o [1]
  .rodata            const     0x803'5b44      0x18  dhcp.o [1]
  .rodata            const     0x803'5b5c      0x18  dhcp.o [1]
  .rodata            const     0x803'5b74      0x18  dhcp.o [1]
  .rodata            const     0x803'5b8c      0x18  dns.o [1]
  .rodata            const     0x803'5ba4      0x18  etharp.o [1]
  .rodata            const     0x803'5bbc      0x18  html_page.o [1]
  .rodata            const     0x803'5bd4      0x18  html_page.o [1]
  .rodata            const     0x803'5bec      0x18  html_page.o [1]
  .rodata            const     0x803'5c04      0x18  html_page.o [1]
  .rodata            const     0x803'5c1c      0x18  html_page.o [1]
  .rodata            const     0x803'5c34      0x18  html_page.o [1]
  .rodata            const     0x803'5c4c      0x18  html_page.o [1]
  .rodata            const     0x803'5c64      0x18  html_page.o [1]
  .rodata            const     0x803'5c7c      0x18  html_page.o [1]
  .rodata            const     0x803'5c94      0x18  html_page.o [1]
  .rodata            const     0x803'5cac      0x18  html_page.o [1]
  .rodata            const     0x803'5cc4      0x18  html_page.o [1]
  .rodata            const     0x803'5cdc      0x18  httpserver-netconn.o [1]
  .rodata            const     0x803'5cf4      0x18  httpserver-netconn.o [1]
  .rodata            const     0x803'5d0c      0x18  httpserver-netconn.o [1]
  .rodata            const     0x803'5d24      0x18  mem.o [1]
  .rodata            const     0x803'5d3c      0x18  mem.o [1]
  .rodata            const     0x803'5d54      0x18  mem.o [1]
  .rodata            const     0x803'5d6c      0x18  netbuf.o [1]
  .rodata            const     0x803'5d84      0x18  netif.o [1]
  .rodata            const     0x803'5d9c      0x18  pbuf.o [1]
  .rodata            const     0x803'5db4      0x18  pbuf.o [1]
  .rodata            const     0x803'5dcc      0x18  pbuf.o [1]
  .rodata            const     0x803'5de4      0x18  pbuf.o [1]
  .rodata            const     0x803'5dfc      0x18  pbuf.o [1]
  .rodata            const     0x803'5e14      0x18  pbuf.o [1]
  .rodata            const     0x803'5e2c      0x18  pbuf.o [1]
  .rodata            const     0x803'5e44      0x18  pbuf.o [1]
  .rodata            const     0x803'5e5c      0x18  ping.o [1]
  .rodata            const     0x803'5e74      0x18  smtp.o [1]
  .rodata            const     0x803'5e8c      0x18  smtp.o [1]
  .rodata            const     0x803'5ea4      0x18  snmp_msg.o [1]
  .rodata            const     0x803'5ebc      0x18  snmp_threadsync.o [1]
  .rodata            const     0x803'5ed4      0x18  tcp.o [1]
  .rodata            const     0x803'5eec      0x18  tcp.o [1]
  .rodata            const     0x803'5f04      0x18  tcp.o [1]
  .rodata            const     0x803'5f1c      0x18  tcp_in.o [1]
  .rodata            const     0x803'5f34      0x18  tcp_out.o [1]
  .rodata            const     0x803'5f4c      0x18  tcp_out.o [1]
  .rodata            const     0x803'5f64      0x18  tcp_out.o [1]
  .rodata            const     0x803'5f7c      0x18  tcp_out.o [1]
  .text              ro code   0x803'5f94      0x16  xprout.o [2]
  .text              ro code   0x803'5fac       0xc  putchar.o [2]
  .rodata            const     0x803'5fb8      0x14  api_msg.o [1]
  .rodata            const     0x803'5fcc      0x14  api_msg.o [1]
  .rodata            const     0x803'5fe0      0x14  api_msg.o [1]
  .rodata            const     0x803'5ff4      0x14  dhcp.o [1]
  .rodata            const     0x803'6008      0x14  dhcp.o [1]
  .rodata            const     0x803'601c      0x14  dhcp.o [1]
  .rodata            const     0x803'6030      0x14  dhcp.o [1]
  .rodata            const     0x803'6044      0x14  dhcp.o [1]
  .rodata            const     0x803'6058      0x14  etharp.o [1]
  .rodata            const     0x803'606c      0x14  flash_if.o [1]
  .rodata            const     0x803'6080      0x14  fs.o [1]
  .rodata            const     0x803'6094      0x14  fs.o [1]
  .rodata            const     0x803'60a8      0x14  html_page.o [1]
  .rodata            const     0x803'60bc      0x14  html_page.o [1]
  .rodata            const     0x803'60d0      0x14  html_page.o [1]
  .rodata            const     0x803'60e4      0x14  html_page.o [1]
  .rodata            const     0x803'60f8      0x14  html_page.o [1]
  .rodata            const     0x803'610c      0x14  html_page.o [1]
  .rodata            const     0x803'6120      0x14  html_page.o [1]
  .rodata            const     0x803'6134      0x14  html_page.o [1]
  .rodata            const     0x803'6148      0x14  html_page.o [1]
  .rodata            const     0x803'615c      0x14  html_page.o [1]
  .rodata            const     0x803'6170      0x14  html_page.o [1]
  .rodata            const     0x803'6184      0x14  html_page.o [1]
  .rodata            const     0x803'6198      0x14  html_page.o [1]
  .rodata            const     0x803'61ac      0x14  html_page.o [1]
  .rodata            const     0x803'61c0      0x14  html_page.o [1]
  .rodata            const     0x803'61d4      0x14  html_page.o [1]
  .rodata            const     0x803'61e8      0x14  html_page.o [1]
  .rodata            const     0x803'61fc      0x14  html_page.o [1]
  .rodata            const     0x803'6210      0x14  html_page.o [1]
  .rodata            const     0x803'6224      0x14  html_page.o [1]
  .rodata            const     0x803'6238      0x14  html_page.o [1]
  .rodata            const     0x803'624c      0x14  html_page.o [1]
  .rodata            const     0x803'6260      0x14  html_page.o [1]
  .rodata            const     0x803'6274      0x14  httpserver-netconn.o [1]
  .rodata            const     0x803'6288      0x14  httpserver-netconn.o [1]
  .rodata            const     0x803'629c      0x14  httpserver-netconn.o [1]
  .rodata            const     0x803'62b0      0x14  httpserver-netconn.o [1]
  .rodata            const     0x803'62c4      0x14  httpserver-netconn.o [1]
  .rodata            const     0x803'62d8      0x14  httpserver-netconn.o [1]
  .rodata            const     0x803'62ec      0x14  httpserver-netconn.o [1]
  .rodata            const     0x803'6300      0x14  httpserver-netconn.o [1]
  .rodata            const     0x803'6314      0x14  httpserver-netconn.o [1]
  .rodata            const     0x803'6328      0x14  httpserver-netconn.o [1]
  .rodata            const     0x803'633c      0x14  httpserver-netconn.o [1]
  .rodata            const     0x803'6350      0x14  httpserver-netconn.o [1]
  .rodata            const     0x803'6364      0x14  httpserver-netconn.o [1]
  .rodata            const     0x803'6378      0x14  httpserver-netconn.o [1]
  .rodata            const     0x803'638c      0x14  httpserver-netconn.o [1]
  .rodata            const     0x803'63a0      0x14  httpserver-netconn.o [1]
  .rodata            const     0x803'63b4      0x14  httpserver-netconn.o [1]
  .rodata            const     0x803'63c8      0x14  httpserver-netconn.o [1]
  .rodata            const     0x803'63dc      0x14  httpserver-netconn.o [1]
  .rodata            const     0x803'63f0      0x14  ip4_frag.o [1]
  .rodata            const     0x803'6404      0x14  mem.o [1]
  .rodata            const     0x803'6418      0x14  pbuf.o [1]
  .rodata            const     0x803'642c      0x14  pbuf.o [1]
  .rodata            const     0x803'6440      0x14  pbuf.o [1]
  .rodata            const     0x803'6454      0x14  smtp.o [1]
  .rodata            const     0x803'6468      0x14  smtp.o [1]
  .rodata            const     0x803'647c      0x14  tcp_in.o [1]
  .rodata            const     0x803'6490      0x14  tcp_in.o [1]
  .rodata            const     0x803'64a4      0x14  tcp_out.o [1]
  .rodata            const     0x803'64b8      0x14  tcp_out.o [1]
  .rodata            const     0x803'64cc      0x14  udp.o [1]
  .rodata            const     0x803'64e0      0x10  api_msg.o [1]
  .rodata            const     0x803'64f0      0x10  api_msg.o [1]
  .rodata            const     0x803'6500      0x10  api_msg.o [1]
  .rodata            const     0x803'6510      0x10  app.o [1]
  .rodata            const     0x803'6520      0x10  dhcp.o [1]
  .rodata            const     0x803'6530      0x10  dhcp.o [1]
  .rodata            const     0x803'6540      0x10  etharp.o [1]
  .rodata            const     0x803'6550      0x10  etharp.o [1]
  .rodata            const     0x803'6560      0x10  ethernetif.o [1]
  .rodata            const     0x803'6570      0x10  flash_if.o [1]
  .rodata            const     0x803'6580      0x10  flash_if.o [1]
  .rodata            const     0x803'6590      0x10  flash_if.o [1]
  .rodata            const     0x803'65a0      0x10  html_page.o [1]
  .rodata            const     0x803'65b0      0x10  html_page.o [1]
  .rodata            const     0x803'65c0      0x10  html_page.o [1]
  .rodata            const     0x803'65d0      0x10  html_page.o [1]
  .rodata            const     0x803'65e0      0x10  html_page.o [1]
  .rodata            const     0x803'65f0      0x10  html_page.o [1]
  .rodata            const     0x803'6600      0x10  html_page.o [1]
  .rodata            const     0x803'6610      0x10  html_page.o [1]
  .rodata            const     0x803'6620      0x10  html_page.o [1]
  .rodata            const     0x803'6630      0x10  html_page.o [1]
  .rodata            const     0x803'6640      0x10  html_page.o [1]
  .rodata            const     0x803'6650      0x10  html_page.o [1]
  .rodata            const     0x803'6660      0x10  html_page.o [1]
  .rodata            const     0x803'6670      0x10  html_page.o [1]
  .rodata            const     0x803'6680      0x10  html_page.o [1]
  .rodata            const     0x803'6690      0x10  html_page.o [1]
  .rodata            const     0x803'66a0      0x10  html_page.o [1]
  .rodata            const     0x803'66b0      0x10  html_page.o [1]
  .rodata            const     0x803'66c0      0x10  html_page.o [1]
  .rodata            const     0x803'66d0      0x10  html_page.o [1]
  .rodata            const     0x803'66e0      0x10  html_page.o [1]
  .rodata            const     0x803'66f0      0x10  html_page.o [1]
  .rodata            const     0x803'6700      0x10  html_page.o [1]
  .rodata            const     0x803'6710      0x10  html_page.o [1]
  .rodata            const     0x803'6720      0x10  html_page.o [1]
  .rodata            const     0x803'6730      0x10  html_page.o [1]
  .rodata            const     0x803'6740      0x10  html_page.o [1]
  .rodata            const     0x803'6750      0x10  html_page.o [1]
  .rodata            const     0x803'6760      0x10  html_page.o [1]
  .rodata            const     0x803'6770      0x10  html_page.o [1]
  .rodata            const     0x803'6780      0x10  html_page.o [1]
  .rodata            const     0x803'6790      0x10  html_page.o [1]
  .rodata            const     0x803'67a0      0x10  html_page.o [1]
  .rodata            const     0x803'67b0      0x10  html_page.o [1]
  .rodata            const     0x803'67c0      0x10  httpserver-netconn.o [1]
  .rodata            const     0x803'67d0      0x10  httpserver-netconn.o [1]
  .rodata            const     0x803'67e0      0x10  httpserver-netconn.o [1]
  .rodata            const     0x803'67f0      0x10  httpserver-netconn.o [1]
  .rodata            const     0x803'6800      0x10  httpserver-netconn.o [1]
  .rodata            const     0x803'6810      0x10  httpserver-netconn.o [1]
  .rodata            const     0x803'6820      0x10  httpserver-netconn.o [1]
  .rodata            const     0x803'6830      0x10  httpserver-netconn.o [1]
  .rodata            const     0x803'6840      0x10  httpserver-netconn.o [1]
  .rodata            const     0x803'6850      0x10  httpserver-netconn.o [1]
  .rodata            const     0x803'6860      0x10  httpserver-netconn.o [1]
  .rodata            const     0x803'6870      0x10  httpserver-netconn.o [1]
  .rodata            const     0x803'6880      0x10  httpserver-netconn.o [1]
  .rodata            const     0x803'6890      0x10  httpserver-netconn.o [1]
  .rodata            const     0x803'68a0      0x10  httpserver-netconn.o [1]
  .rodata            const     0x803'68b0      0x10  httpserver-netconn.o [1]
  .rodata            const     0x803'68c0      0x10  httpserver-netconn.o [1]
  .rodata            const     0x803'68d0      0x10  httpserver-netconn.o [1]
  .rodata            const     0x803'68e0      0x10  httpserver-netconn.o [1]
  .rodata            const     0x803'68f0      0x10  httpserver-netconn.o [1]
  .rodata            const     0x803'6900      0x10  httpserver-netconn.o [1]
  .rodata            const     0x803'6910      0x10  httpserver-netconn.o [1]
  .rodata            const     0x803'6920      0x10  httpserver-netconn.o [1]
  .rodata            const     0x803'6930      0x10  httpserver-netconn.o [1]
  .rodata            const     0x803'6940      0x10  httpserver-netconn.o [1]
  .rodata            const     0x803'6950      0x10  httpserver-netconn.o [1]
  .rodata            const     0x803'6960      0x10  httpserver-netconn.o [1]
  .rodata            const     0x803'6970      0x10  httpserver-netconn.o [1]
  .rodata            const     0x803'6980      0x10  httpserver-netconn.o [1]
  .rodata            const     0x803'6990      0x10  ip4_frag.o [1]
  .rodata            const     0x803'69a0      0x10  main.o [1]
  .rodata            const     0x803'69b0      0x10  main.o [1]
  .rodata            const     0x803'69c0      0x10  memp.o [1]
  .rodata            const     0x803'69d0      0x10  memp.o [1]
  .rodata            const     0x803'69e0      0x10  memp.o [1]
  .rodata            const     0x803'69f0      0x10  memp.o [1]
  .rodata            const     0x803'6a00      0x10  memp.o [1]
  .rodata            const     0x803'6a10      0x10  memp.o [1]
  .rodata            const     0x803'6a20      0x10  memp.o [1]
  .rodata            const     0x803'6a30      0x10  memp.o [1]
  .rodata            const     0x803'6a40      0x10  memp.o [1]
  .rodata            const     0x803'6a50      0x10  memp.o [1]
  .rodata            const     0x803'6a60      0x10  memp.o [1]
  .rodata            const     0x803'6a70      0x10  memp.o [1]
  .rodata            const     0x803'6a80      0x10  memp.o [1]
  .rodata            const     0x803'6a90      0x10  memp.o [1]
  .rodata            const     0x803'6aa0      0x10  memp.o [1]
  .rodata            const     0x803'6ab0      0x10  pbuf.o [1]
  .rodata            const     0x803'6ac0      0x10  pbuf.o [1]
  .rodata            const     0x803'6ad0      0x10  pbuf.o [1]
  .rodata            const     0x803'6ae0      0x10  smtp.o [1]
  .rodata            const     0x803'6af0      0x10  smtp.o [1]
  .rodata            const     0x803'6b00      0x10  smtp.o [1]
  .rodata            const     0x803'6b10      0x10  smtp.o [1]
  .rodata            const     0x803'6b20      0x10  smtp.o [1]
  .rodata            const     0x803'6b30      0x10  smtp.o [1]
  .rodata            const     0x803'6b40      0x10  smtp.o [1]
  .rodata            const     0x803'6b50      0x10  snmp_mib2.o [1]
  .rodata            const     0x803'6b60      0x10  snmp_mib2_system.o [1]
  .rodata            const     0x803'6b70      0x10  snmp_netconn.o [1]
  .rodata            const     0x803'6b80      0x10  sockets.o [1]
  .rodata            const     0x803'6b90      0x10  stm32f1xx_hal_rcc.o [1]
  .rodata            const     0x803'6ba0      0x10  stm32f1xx_hal_rcc.o [1]
  .rodata            const     0x803'6bb0      0x10  stm32f1xx_hal_rcc_ex.o [1]
  .rodata            const     0x803'6bc0      0x10  stm32f1xx_hal_rcc_ex.o [1]
  .rodata            const     0x803'6bd0      0x10  sys_arch.o [1]
  .rodata            const     0x803'6be0      0x10  system_stm32f1xx.o [1]
  .rodata            const     0x803'6bf0      0x10  tcp.o [1]
  .rodata            const     0x803'6c00      0x10  tcp.o [1]
  .rodata            const     0x803'6c10      0x10  tcp.o [1]
  .rodata            const     0x803'6c20      0x10  tcp_in.o [1]
  .rodata            const     0x803'6c30      0x10  tcp_in.o [1]
  .rodata            const     0x803'6c40      0x10  tcp_in.o [1]
  .rodata            const     0x803'6c50      0x10  tcp_in.o [1]
  .rodata            const     0x803'6c60      0x10  tcp_out.o [1]
  .rodata            const     0x803'6c70      0x10  tcpip.o [1]
[...]
snmp_varbind_length      0x802'5997   0x12c  Code  Gb  snmp_msg.o [1]
snmp_vb_enumerator_get_next
                         0x802'5fa9   0x2b0  Code  Gb  snmp_msg.o [1]
snmp_vb_enumerator_init
                         0x802'5f95    0x14  Code  Gb  snmp_msg.o [1]
snmp_write_callback     0x2000'8604     0x4  Data  Gb  snmp_msg.o [1]
snmp_write_callback_arg
                        0x2000'8608     0x4  Data  Gb  snmp_msg.o [1]
sockets                 0x2000'7adc    0xa0  Data  Lc  sockets.o [1]
sprintf                  0x800'd675    0x40  Code  Gb  sprintf.o [2]
start_time              0x2000'83f4     0xc  Data  Gb  flash_if.o [1]
stats_init               0x801'e445     0x2  Code  Gb  stats.o [1]
status_NTP_activ        0x2000'86ea     0x1  Data  Gb  flash_if.o [1]
strcat                   0x800'd7fb    0x1e  Code  Gb  strcat.o [2]
strchr                   0x801'0bb1          Code  Gb  strchr.o [4]
strcmp                   0x802'4cc1          Code  Gb  strcmp.o [4]
strcpy                   0x802'9e99          Code  Gb  strcpy.o [4]
strlen                   0x800'd819          Code  Gb  strlen.o [4]
strncmp                  0x802'4ae1    0x28  Code  Gb  strncmp.o [2]
strstr                   0x802'9f41    0x2c  Code  Gb  strstr.o [2]
strtol                   0x802'9f3d     0x4  Code  Gb  iar_Stolx.o [2]
swich_mess_event         0x800'7151   0x296  Code  Gb  html_page.o [1]
swich_mess_event_en      0x800'73e7   0x296  Code  Gb  html_page.o [1]
sys_arch_mbox_fetch      0x801'6609    0x50  Code  Gb  sys_arch.o [1]
sys_arch_mbox_tryfetch   0x801'6659    0x24  Code  Gb  sys_arch.o [1]
sys_arch_protect         0x801'6817    0x12  Code  Gb  sys_arch.o [1]
sys_arch_sem_wait        0x801'66f5    0x44  Code  Gb  sys_arch.o [1]
sys_arch_unprotect       0x801'6829     0xc  Code  Gb  sys_arch.o [1]
sys_check_timeouts       0x801'815d    0x68  Code  Lc  timeouts.o [1]
sys_init                 0x801'676d     0xe  Code  Gb  sys_arch.o [1]
sys_mbox_free            0x801'659d    0x2e  Code  Gb  sys_arch.o [1]
sys_mbox_new             0x801'654d    0x50  Code  Gb  sys_arch.o [1]
sys_mbox_post            0x801'65cb    0x18  Code  Gb  sys_arch.o [1]
sys_mbox_set_invalid     0x801'668b     0x6  Code  Gb  sys_arch.o [1]
sys_mbox_trypost         0x801'65e3    0x26  Code  Gb  sys_arch.o [1]
sys_mbox_valid           0x801'667d     0xe  Code  Gb  sys_arch.o [1]
sys_mutex_lock           0x801'67cd     0xe  Code  Gb  sys_arch.o [1]
sys_mutex_new            0x801'677b    0x52  Code  Gb  sys_arch.o [1]
sys_mutex_unlock         0x801'67db     0xa  Code  Gb  sys_arch.o [1]
sys_now                  0x801'4801     0x8  Code  Gb  ethernetif.o [1]
sys_sem_free             0x801'6743    0x16  Code  Gb  sys_arch.o [1]
sys_sem_new              0x801'6691    0x64  Code  Gb  sys_arch.o [1]
sys_sem_set_invalid      0x801'6767     0x6  Code  Gb  sys_arch.o [1]
sys_sem_signal           0x801'6739     0xa  Code  Gb  sys_arch.o [1]
sys_sem_valid            0x801'6759     0xe  Code  Gb  sys_arch.o [1]
sys_thread_new           0x801'67e5    0x32  Code  Gb  sys_arch.o [1]
sys_timeout              0x801'809d    0xc0  Code  Gb  timeouts.o [1]
sys_timeouts_init        0x801'8077    0x26  Code  Gb  timeouts.o [1]
sys_timeouts_mbox_fetch
                         0x801'81f5    0x3a  Code  Gb  timeouts.o [1]
sys_timeouts_sleeptime   0x801'81c5    0x30  Code  Lc  timeouts.o [1]
syscontact              0x2000'009c     0x4  Data  Lc  snmp_mib2_system.o [1]
syscontact_bufsize      0x2000'86cc     0x2  Data  Lc  snmp_mib2_system.o [1]
syscontact_default       0x801'0d2e     0x1  Data  Lc  snmp_mib2_system.o [1]
syscontact_len          0x2000'85e4     0x4  Data  Lc  snmp_mib2_system.o [1]
syscontact_wr           0x2000'85e8     0x4  Data  Lc  snmp_mib2_system.o [1]
syscontact_wr_len       0x2000'85ec     0x4  Data  Lc  snmp_mib2_system.o [1]
sysdescr                0x2000'0098     0x4  Data  Lc  snmp_mib2_system.o [1]
sysdescr_default         0x803'73d8     0x8  Data  Lc  snmp_mib2_system.o [1]
sysdescr_len            0x2000'85e0     0x4  Data  Lc  snmp_mib2_system.o [1]
syslocation             0x2000'00a0     0x4  Data  Lc  snmp_mib2_system.o [1]
syslocation_bufsize     0x2000'86d0     0x2  Data  Lc  snmp_mib2_system.o [1]
syslocation_default      0x801'0d2f     0x1  Data  Lc  snmp_mib2_system.o [1]
syslocation_len         0x2000'85f8     0x4  Data  Lc  snmp_mib2_system.o [1]
syslocation_wr          0x2000'85fc     0x4  Data  Lc  snmp_mib2_system.o [1]
syslocation_wr_len      0x2000'8600     0x4  Data  Lc  snmp_mib2_system.o [1]
syslog_init              0x801'072d    0x3e  Code  Gb  syslog.o [1]
syslog_message          0x2000'758c   0x100  Data  Lc  syslog.o [1]
syslog_printf            0x801'0681    0xac  Code  Gb  syslog.o [1]
sysname_bufsize         0x2000'86ce     0x2  Data  Lc  snmp_mib2_system.o [1]
sysname_wr              0x2000'85f0     0x4  Data  Lc  snmp_mib2_system.o [1]
sysname_wr_len          0x2000'85f4     0x4  Data  Lc  snmp_mib2_system.o [1]
system_get_value         0x802'cad5   0x1b0  Code  Lc  snmp_mib2_system.o [1]
system_nodes             0x803'0e24    0x58  Data  Lc  snmp_mib2_system.o [1]
system_set_test          0x802'cc85    0x5c  Code  Lc  snmp_mib2_system.o [1]
system_set_value         0x802'cce9    0x6a  Code  Lc  snmp_mib2_system.o [1]
tcp_abandon              0x801'85cb    0xf4  Code  Gb  tcp.o [1]
tcp_abort                0x801'86bf     0xa  Code  Gb  tcp.o [1]
tcp_accept               0x801'9339     0xe  Code  Gb  tcp.o [1]
tcp_accept_null          0x801'8795     0xe  Code  Lc  tcp.o [1]
tcp_active_pcbs         0x2000'8674     0x4  Data  Gb  tcp.o [1]
tcp_active_pcbs_changed
                        0x2000'86f8     0x1  Data  Gb  tcp.o [1]
tcp_alloc                0x801'91a1   0x10e  Code  Gb  tcp.o [1]
tcp_arg                  0x801'92bf     0x8  Code  Gb  tcp.o [1]
tcp_backoff              0x803'6c00    0x10  Data  Lc  tcp.o [1]
tcp_bind                 0x801'86c9    0xcc  Code  Gb  tcp.o [1]
tcp_bound_pcbs          0x2000'866c     0x4  Data  Gb  tcp.o [1]
tcp_close                0x801'854f    0x18  Code  Gb  tcp.o [1]
tcp_close_shutdown       0x801'8331   0x158  Code  Lc  tcp.o [1]
tcp_close_shutdown_fin   0x801'8489    0xc6  Code  Lc  tcp.o [1]
tcp_connect              0x801'89a1   0x138  Code  Gb  tcp.o [1]
tcp_create_segment       0x801'9f11    0xfa  Code  Lc  tcp_out.o [1]
tcp_eff_send_mss_impl    0x801'9481    0x38  Code  Gb  tcp.o [1]
tcp_enqueue_flags        0x801'a795   0x1a0  Code  Gb  tcp_out.o [1]
tcp_err                  0x801'9315    0x24  Code  Gb  tcp.o [1]
tcp_fasttmr              0x801'8f15    0x7a  Code  Gb  tcp.o [1]
tcp_getoptbyte           0x802'0873    0x42  Code  Lc  tcp_in.o [1]
tcp_init                 0x801'82b1     0x2  Code  Gb  tcp.o [1]
tcp_input                0x801'ef71   0x608  Code  Gb  tcp_in.o [1]
tcp_input_delayed_close
                         0x801'f579    0x42  Code  Lc  tcp_in.o [1]
tcp_input_pcb           0x2000'8690     0x4  Data  Gb  tcp_in.o [1]
tcp_keepalive            0x801'af4b    0x64  Code  Gb  tcp_out.o [1]
tcp_kill_prio            0x801'90ad    0x4e  Code  Lc  tcp.o [1]
tcp_kill_state           0x801'90fb    0x68  Code  Lc  tcp.o [1]
tcp_kill_timewait        0x801'9163    0x34  Code  Lc  tcp.o [1]
tcp_listen_closed        0x801'82e3    0x4e  Code  Lc  tcp.o [1]
tcp_listen_input         0x801'f5bb   0x130  Code  Lc  tcp_in.o [1]
tcp_listen_pcbs         0x2000'8670     0x4  Data  Gb  tcp.o [1]
tcp_listen_with_backlog_and_err
                         0x801'87a3    0xbe  Code  Gb  tcp.o [1]
tcp_netif_ip_addr_changed
                         0x801'94db    0x4a  Code  Gb  tcp.o [1]
tcp_netif_ip_addr_changed_pcblist
                         0x801'94b9    0x22  Code  Lc  tcp.o [1]
tcp_new_ip_type          0x801'92b5     0xa  Code  Gb  tcp.o [1]
tcp_new_port             0x801'893f    0x62  Code  Lc  tcp.o [1]
tcp_next_iss             0x801'946b    0x10  Code  Gb  tcp.o [1]
tcp_next_iss::iss       0x2000'00b8     0x4  Data  Lc  tcp.o [1]
tcp_oos_insert_segment   0x801'fd01    0x8c  Code  Lc  tcp_in.o [1]
tcp_optidx              0x2000'86d6     0x2  Data  Lc  tcp_in.o [1]
tcp_output               0x801'a9cd   0x2ac  Code  Gb  tcp_out.o [1]
tcp_output_alloc_header
                         0x801'9e25    0xa2  Code  Lc  tcp_out.o [1]
tcp_output_segment       0x801'ac81    0xde  Code  Lc  tcp_out.o [1]
tcp_parseopt             0x802'08b5    0x8a  Code  Lc  tcp_in.o [1]
tcp_pbuf_prealloc        0x801'a00b    0x9c  Code  Lc  tcp_out.o [1]
tcp_pcb_lists            0x803'6c10    0x10  Data  Gb  tcp.o [1]
tcp_pcb_purge            0x801'937d    0x52  Code  Gb  tcp.o [1]
tcp_pcb_remove           0x801'93cf    0x9c  Code  Gb  tcp.o [1]
tcp_persist_backoff      0x803'7418     0x8  Data  Lc  tcp.o [1]
tcp_poll                 0x801'9347    0x24  Code  Gb  tcp.o [1]
tcp_port                0x2000'023e     0x2  Data  Lc  tcp.o [1]
tcp_process              0x801'f791   0x564  Code  Lc  tcp_in.o [1]
tcp_process_refused_data
                         0x801'8f99    0x94  Code  Gb  tcp.o [1]
tcp_receive              0x801'fde5   0xa8e  Code  Lc  tcp_in.o [1]
tcp_recv                 0x801'92c7    0x24  Code  Gb  tcp.o [1]
tcp_recv_null            0x801'9087    0x26  Code  Gb  tcp.o [1]
tcp_recved               0x801'88c3    0x7c  Code  Gb  tcp.o [1]
tcp_remove_listener      0x801'82cf    0x14  Code  Lc  tcp.o [1]
tcp_rexmit               0x801'ae6d    0x6e  Code  Gb  tcp_out.o [1]
tcp_rexmit_fast          0x801'aee1    0x6a  Code  Gb  tcp_out.o [1]
tcp_rexmit_rto           0x801'ae31    0x3c  Code  Gb  tcp_out.o [1]
tcp_rst                  0x801'ad65    0xc2  Code  Gb  tcp_out.o [1]
tcp_seg_copy             0x801'905d    0x2a  Code  Gb  tcp.o [1]
tcp_seg_free             0x801'903f    0x1e  Code  Gb  tcp.o [1]
tcp_segs_free            0x801'902d    0x12  Code  Gb  tcp.o [1]
tcp_send_empty_ack       0x801'a94d    0x80  Code  Gb  tcp_out.o [1]
tcp_send_fin             0x801'9ec7    0x4a  Code  Gb  tcp_out.o [1]
tcp_sent                 0x801'92eb    0x22  Code  Gb  tcp.o [1]
tcp_shutdown             0x801'8567    0x64  Code  Gb  tcp.o [1]
tcp_slowtmr              0x801'8b05   0x408  Code  Gb  tcp.o [1]
tcp_ticks               0x2000'8668     0x4  Data  Gb  tcp.o [1]
tcp_timer               0x2000'86f9     0x1  Data  Lc  tcp.o [1]
tcp_timer_ctr           0x2000'86fa     0x1  Data  Lc  tcp.o [1]
tcp_timer_needed         0x801'8037    0x2a  Code  Gb  timeouts.o [1]
tcp_timewait_input       0x801'f6eb    0x84  Code  Lc  tcp_in.o [1]
tcp_tmr                  0x801'82b3    0x1c  Code  Gb  tcp.o [1]
tcp_trigger_input_pcb_close
                         0x802'093f     0xc  Code  Gb  tcp_in.o [1]
tcp_tw_pcbs             0x2000'8678     0x4  Data  Gb  tcp.o [1]
tcp_update_rcv_ann_wnd   0x801'8861    0x62  Code  Gb  tcp.o [1]
tcp_write                0x801'a169   0x62c  Code  Gb  tcp_out.o [1]
tcp_write_checks         0x801'a0a7    0xc2  Code  Lc  tcp_out.o [1]
tcp_zero_window_probe    0x801'afb9    0xe8  Code  Gb  tcp_out.o [1]
tcphdr                  0x2000'867c     0x4  Data  Lc  tcp_in.o [1]
tcphdr_opt1len          0x2000'86d4     0x2  Data  Lc  tcp_in.o [1]
tcphdr_opt2             0x2000'8680     0x4  Data  Lc  tcp_in.o [1]
tcphdr_optlen           0x2000'86d2     0x2  Data  Lc  tcp_in.o [1]
tcpip_callback_with_block
                         0x801'4ab7    0x6c  Code  Gb  tcpip.o [1]
tcpip_init               0x801'4b3f    0x58  Code  Gb  tcpip.o [1]
tcpip_init_done         0x2000'8694     0x4  Data  Lc  tcpip.o [1]
tcpip_init_done_arg     0x2000'8698     0x4  Data  Lc  tcpip.o [1]
tcpip_inpkt              0x801'4a3b    0x60  Code  Gb  tcpip.o [1]
tcpip_input              0x801'4a9b    0x1c  Code  Gb  tcpip.o [1]
tcpip_send_msg_wait_sem
                         0x801'4b23    0x1c  Code  Gb  tcpip.o [1]
tcpip_tcp_timer          0x801'800d    0x2a  Code  Lc  timeouts.o [1]
tcpip_tcp_timer_active  0x2000'86ac     0x4  Data  Lc  timeouts.o [1]
tcpip_thread             0x801'49a1    0x9a  Code  Lc  tcpip.o [1]
tcplen                  0x2000'86da     0x2  Data  Lc  tcp_in.o [1]
timeout_Queue           0x2000'8560     0x4  Data  Gb  main.o [1]
timeouts_last_time      0x2000'86a8     0x4  Data  Lc  timeouts.o [1]
timer_to_app            0x2000'8518     0x4  Data  Gb  flash_if.o [1]
times                   0x2000'8540     0x4  Data  Gb  LOGS.o [1]
tipaddr                 0x2000'85dc     0x4  Data  Gb  snmp_ex.o [1]
tolower                  0x802'a0c1    0x14  Code  Gb  tolower.o [2]
trap_dst                0x2000'83c8    0x10  Data  Lc  snmp_traps.o [1]
tryget_socket            0x802'c011    0x24  Code  Lc  sockets.o [1]
ucMaxSysCallPriority    0x2000'86f5     0x1  Data  Lc  port.o [1]
udp_bind                 0x801'9c73    0x8e  Code  Gb  udp.o [1]
udp_connect              0x801'9d01    0x66  Code  Gb  udp.o [1]
udp_init                 0x801'9861     0x2  Code  Gb  udp.o [1]
udp_input                0x801'98fd   0x1d8  Code  Gb  udp.o [1]
udp_input_local_match    0x801'98af    0x4e  Code  Lc  udp.o [1]
udp_netif_ip_addr_changed
                         0x801'9dcd    0x32  Code  Gb  udp.o [1]
udp_new                  0x801'9da3    0x22  Code  Gb  udp.o [1]
udp_new_ip_type          0x801'9dc5     0x8  Code  Gb  udp.o [1]
udp_new_port             0x801'9863    0x4c  Code  Lc  udp.o [1]
udp_pcbs                0x2000'86b0     0x4  Data  Gb  udp.o [1]
udp_port                0x2000'0240     0x2  Data  Lc  udp.o [1]
udp_recv                 0x801'9d67     0x6  Code  Gb  udp.o [1]
udp_remove               0x801'9d6d    0x36  Code  Gb  udp.o [1]
udp_send                 0x801'9ad5    0x16  Code  Gb  udp.o [1]
udp_sendto               0x801'9aeb    0x48  Code  Gb  udp.o [1]
udp_sendto_if            0x801'9b33    0x46  Code  Gb  udp.o [1]
udp_sendto_if_src        0x801'9b79    0xfa  Code  Gb  udp.o [1]
ulMaxPRIGROUPValue      0x2000'85c8     0x4  Data  Lc  port.o [1]
unb64                    0x802'e0b0   0x100  Data  Lc  base64.o [1]
unbase64                 0x802'4bc1    0xf6  Code  Gb  base64.o [1]
uwTick                  0x2000'8618     0x4  Data  Gb  stm32f1xx_hal.o [1]
uwTickFreq              0x2000'0244     0x1  Data  Gb  stm32f1xx_hal.o [1]
uwTickPrio              0x2000'00b0     0x4  Data  Gb  stm32f1xx_hal.o [1]
uxCriticalNesting       0x2000'0088     0x4  Data  Lc  port.o [1]
uxCurrentNumberOfTasks  0x2000'863c     0x4  Data  Lc  tasks.o [1]
uxDeletedTasksWaitingCleanUp
                        0x2000'8638     0x4  Data  Lc  tasks.o [1]
uxListRemove             0x801'16bf    0x26  Code  Gb  list.o [1]
uxPendedTicks           0x2000'864c     0x4  Data  Lc  tasks.o [1]
uxQueueMessagesWaiting   0x801'bfe3    0x26  Code  Gb  queue.o [1]
uxQueueMessagesWaitingFromISR
                         0x801'c009    0x18  Code  Gb  queue.o [1]
uxSchedulerSuspended    0x2000'8664     0x4  Data  Lc  tasks.o [1]
uxTaskNumber            0x2000'8658     0x4  Data  Lc  tasks.o [1]
uxTopReadyPriority      0x2000'8644     0x4  Data  Lc  tasks.o [1]
vApplicationGetIdleTaskMemory
                         0x801'18e5    0x18  Code  Gb  freertos.o [1]
vListInitialise          0x801'164d    0x1e  Code  Gb  list.o [1]
vListInitialiseItem      0x801'166b     0x6  Code  Gb  list.o [1]
vListInsert              0x801'1689    0x36  Code  Gb  list.o [1]
vListInsertEnd           0x801'1671    0x18  Code  Gb  list.o [1]
vPortDefineHeapRegions   0x800'da2f    0xe4  Code  Gb  heap_5.o [1]
vPortEnterCritical       0x801'17bd    0x34  Code  Gb  port.o [1]
vPortExitCritical        0x801'17f1    0x2c  Code  Gb  port.o [1]
vPortFree                0x800'd95f    0x72  Code  Gb  heap_5.o [1]
vPortStartFirstTask      0x801'3f97          Code  Gb  portasm.o [1]
vPortValidateInterruptPriority
                         0x801'1845    0x4a  Code  Gb  port.o [1]
vQueueDelete             0x801'c021    0x2e  Code  Gb  queue.o [1]
vQueueUnregisterQueue    0x801'c1bb    0x26  Code  Gb  queue.o [1]
vTaskDelay               0x800'f681    0x4c  Code  Gb  tasks.o [1]
vTaskInternalSetTimeOutState
                         0x800'fa6f    0x12  Code  Gb  tasks.o [1]
vTaskMissedYield         0x800'fb03     0xa  Code  Gb  tasks.o [1]
vTaskPlaceOnEventList    0x800'f9c7    0x2e  Code  Gb  tasks.o [1]
vTaskPriorityDisinheritAfterTimeout
                         0x800'fdc5    0xb4  Code  Gb  tasks.o [1]
vTaskStartScheduler      0x800'f6cd    0x8e  Code  Gb  tasks.o [1]
vTaskSuspendAll          0x800'f75b     0xc  Code  Gb  tasks.o [1]
vTaskSwitchContext       0x800'f95b    0x6c  Code  Gb  tasks.o [1]
vbt_tr                  0x2000'795c    0xdc  Data  Gb  snmp_ex.o [1]
vsnprintf                0x801'3361    0x3c  Code  Gb  vsnprint.o [2]
xBlockAllocatedBit      0x2000'8528     0x4  Data  Lc  heap_5.o [1]
xDelayedTaskList1       0x2000'8314    0x14  Data  Lc  tasks.o [1]
xDelayedTaskList2       0x2000'8328    0x14  Data  Lc  tasks.o [1]
xFreeBytesRemaining     0x2000'8520     0x4  Data  Gb  heap_5.o [1]
xHeapStructSize          0x803'7428     0x4  Data  Lc  heap_5.o [1]
xIdleStack              0x2000'6550   0x200  Data  Lc  freertos.o [1]
xIdleTaskHandle         0x2000'8660     0x4  Data  Lc  tasks.o [1]
xIdleTaskTCBBuffer      0x2000'806c    0x4c  Data  Lc  freertos.o [1]
xMinimumEverFreeBytesRemaining
                        0x2000'8524     0x4  Data  Gb  heap_5.o [1]
xNextTaskUnblockTime    0x2000'865c     0x4  Data  Lc  tasks.o [1]
xNumOfOverflows         0x2000'8654     0x4  Data  Lc  tasks.o [1]
xPendingReadyList       0x2000'833c    0x14  Data  Lc  tasks.o [1]
xPortStartScheduler      0x801'172f    0x8e  Code  Gb  port.o [1]
xQueueCreateMutex        0x801'b8db    0x1a  Code  Gb  queue.o [1]
xQueueCreateMutexStatic
                         0x801'b8f5    0x20  Code  Gb  queue.o [1]
xQueueGenericCreate      0x801'b851    0x50  Code  Gb  queue.o [1]
xQueueGenericCreateStatic
                         0x801'b7ab    0xa6  Code  Gb  queue.o [1]
xQueueGenericReset       0x801'b719    0x92  Code  Gb  queue.o [1]
xQueueGenericSend        0x801'b915   0x196  Code  Gb  queue.o [1]
xQueueGenericSendFromISR
                         0x801'baab    0xde  Code  Gb  queue.o [1]
xQueueGiveFromISR        0x801'bb89    0xb8  Code  Gb  queue.o [1]
xQueueReceive            0x801'bc41   0x15a  Code  Gb  queue.o [1]
xQueueReceiveFromISR     0x801'bf35    0xae  Code  Gb  queue.o [1]
xQueueRegistry          0x2000'81d0    0x40  Data  Gb  queue.o [1]
xQueueSemaphoreTake      0x801'bd9b   0x196  Code  Gb  queue.o [1]
xSchedulerRunning       0x2000'8648     0x4  Data  Lc  tasks.o [1]
xStart                  0x2000'84dc     0x8  Data  Lc  heap_5.o [1]
xSuspendedTaskList      0x2000'8364    0x14  Data  Lc  tasks.o [1]
xTaskCheckForTimeOut     0x800'fa81    0x82  Code  Gb  tasks.o [1]
xTaskCreate              0x800'f4cb    0x72  Code  Gb  tasks.o [1]
xTaskCreateStatic        0x800'f449    0x82  Code  Gb  tasks.o [1]
xTaskGetSchedulerState   0x800'fc4d    0x20  Code  Gb  tasks.o [1]
xTaskGetTickCount        0x800'f84b     0x8  Code  Gb  tasks.o [1]
xTaskGetTickCountFromISR
                         0x800'f853    0x10  Code  Gb  tasks.o [1]
xTaskIncrementTick       0x800'f863    0xf8  Code  Gb  tasks.o [1]
xTaskPriorityDisinherit
                         0x800'fd11    0xae  Code  Gb  tasks.o [1]
xTaskPriorityInherit     0x800'fc6d    0xa0  Code  Gb  tasks.o [1]
xTaskRemoveFromEventList
                         0x800'f9f5    0x7a  Code  Gb  tasks.o [1]
xTaskResumeAll           0x800'f767    0xe4  Code  Gb  tasks.o [1]
xTasksWaitingTermination
                        0x2000'8350    0x14  Data  Lc  tasks.o [1]
xTickCount              0x2000'8640     0x4  Data  Lc  tasks.o [1]
xYieldPending           0x2000'8650     0x4  Data  Lc  tasks.o [1]


[1] = D:\ika\development\NETPING_PROJECT\59\smart-switch\IAR\EWARM\test_app_rev0\Obj
[2] = dl7M_tlf.a
[3] = m7M_tl.a
[4] = rt7M_tl.a
[5] = shb_l.a

  155'867 bytes of readonly  code memory
   42'370 bytes of readonly  data memory
   64'506 bytes of readwrite data memory

Errors: none
Warnings: none
