###############################################################################
#
# IAR ELF Linker V8.42.1.236/W32 for ARM                  13/Jul/2021  02:18:34
# Copyright 2007-2019 IAR Systems AB.
#
#    Output file  =
#        D:\ika\development\NETPING_PROJECT\59\smart-switch\IAR\EWARM\test_app_rev0\Exe\test_app_rev0.out
#    Map file     =
#        D:\ika\development\NETPING_PROJECT\59\smart-switch\IAR\EWARM\test_app_rev0\List\test_app_rev0.map
#    Command line =
#        -f C:\Users\ivanov\AppData\Local\Temp\EW9C3C.tmp
#        (D:\ika\development\NETPING_PROJECT\59\smart-switch\IAR\EWARM\test_app_rev0\Obj\api_lib.o
#        D:\ika\development\NETPING_PROJECT\59\smart-switch\IAR\EWARM\test_app_rev0\Obj\api_msg.o
#        D:\ika\development\NETPING_PROJECT\59\smart-switch\IAR\EWARM\test_app_rev0\Obj\app.o
#        D:\ika\development\NETPING_PROJECT\59\smart-switch\IAR\EWARM\test_app_rev0\Obj\auth.o
#        D:\ika\development\NETPING_PROJECT\59\smart-switch\IAR\EWARM\test_app_rev0\Obj\autoip.o
#        D:\ika\development\NETPING_PROJECT\59\smart-switch\IAR\EWARM\test_app_rev0\Obj\base64.o
#        D:\ika\development\NETPING_PROJECT\59\smart-switch\IAR\EWARM\test_app_rev0\Obj\ccp.o
#        D:\ika\development\NETPING_PROJECT\59\smart-switch\IAR\EWARM\test_app_rev0\Obj\chap-md5.o
#        D:\ika\development\NETPING_PROJECT\59\smart-switch\IAR\EWARM\test_app_rev0\Obj\chap-new.o
#        D:\ika\development\NETPING_PROJECT\59\smart-switch\IAR\EWARM\test_app_rev0\Obj\chap_ms.o
#        D:\ika\development\NETPING_PROJECT\59\smart-switch\IAR\EWARM\test_app_rev0\Obj\cmsis_os.o
#        D:\ika\development\NETPING_PROJECT\59\smart-switch\IAR\EWARM\test_app_rev0\Obj\crc16.o
#        D:\ika\development\NETPING_PROJECT\59\smart-switch\IAR\EWARM\test_app_rev0\Obj\croutine.o
#        D:\ika\development\NETPING_PROJECT\59\smart-switch\IAR\EWARM\test_app_rev0\Obj\def.o
#        D:\ika\development\NETPING_PROJECT\59\smart-switch\IAR\EWARM\test_app_rev0\Obj\demand.o
#        D:\ika\development\NETPING_PROJECT\59\smart-switch\IAR\EWARM\test_app_rev0\Obj\dhcp.o
#        D:\ika\development\NETPING_PROJECT\59\smart-switch\IAR\EWARM\test_app_rev0\Obj\dhcp6.o
#        D:\ika\development\NETPING_PROJECT\59\smart-switch\IAR\EWARM\test_app_rev0\Obj\dns.o
#        D:\ika\development\NETPING_PROJECT\59\smart-switch\IAR\EWARM\test_app_rev0\Obj\eap.o
#        D:\ika\development\NETPING_PROJECT\59\smart-switch\IAR\EWARM\test_app_rev0\Obj\ecp.o
#        D:\ika\development\NETPING_PROJECT\59\smart-switch\IAR\EWARM\test_app_rev0\Obj\err.o
#        D:\ika\development\NETPING_PROJECT\59\smart-switch\IAR\EWARM\test_app_rev0\Obj\etharp.o
#        D:\ika\development\NETPING_PROJECT\59\smart-switch\IAR\EWARM\test_app_rev0\Obj\ethernet.o
#        D:\ika\development\NETPING_PROJECT\59\smart-switch\IAR\EWARM\test_app_rev0\Obj\ethernetif.o
#        D:\ika\development\NETPING_PROJECT\59\smart-switch\IAR\EWARM\test_app_rev0\Obj\ethip6.o
#        D:\ika\development\NETPING_PROJECT\59\smart-switch\IAR\EWARM\test_app_rev0\Obj\eui64.o
#        D:\ika\development\NETPING_PROJECT\59\smart-switch\IAR\EWARM\test_app_rev0\Obj\event_groups.o
#        D:\ika\development\NETPING_PROJECT\59\smart-switch\IAR\EWARM\test_app_rev0\Obj\flash_if.o
#        D:\ika\development\NETPING_PROJECT\59\smart-switch\IAR\EWARM\test_app_rev0\Obj\freertos.o
#        D:\ika\development\NETPING_PROJECT\59\smart-switch\IAR\EWARM\test_app_rev0\Obj\fs.o
#        D:\ika\development\NETPING_PROJECT\59\smart-switch\IAR\EWARM\test_app_rev0\Obj\fsm.o
#        D:\ika\development\NETPING_PROJECT\59\smart-switch\IAR\EWARM\test_app_rev0\Obj\hard_config.o
#        D:\ika\development\NETPING_PROJECT\59\smart-switch\IAR\EWARM\test_app_rev0\Obj\heap_5.o
#        D:\ika\development\NETPING_PROJECT\59\smart-switch\IAR\EWARM\test_app_rev0\Obj\html_page.o
#        D:\ika\development\NETPING_PROJECT\59\smart-switch\IAR\EWARM\test_app_rev0\Obj\httpd.o
#        D:\ika\development\NETPING_PROJECT\59\smart-switch\IAR\EWARM\test_app_rev0\Obj\httpserver-netconn.o
#        D:\ika\development\NETPING_PROJECT\59\smart-switch\IAR\EWARM\test_app_rev0\Obj\icmp.o
#        D:\ika\development\NETPING_PROJECT\59\smart-switch\IAR\EWARM\test_app_rev0\Obj\icmp6.o
#        D:\ika\development\NETPING_PROJECT\59\smart-switch\IAR\EWARM\test_app_rev0\Obj\igmp.o
#        D:\ika\development\NETPING_PROJECT\59\smart-switch\IAR\EWARM\test_app_rev0\Obj\inet6.o
#        D:\ika\development\NETPING_PROJECT\59\smart-switch\IAR\EWARM\test_app_rev0\Obj\inet_chksum.o
#        D:\ika\development\NETPING_PROJECT\59\smart-switch\IAR\EWARM\test_app_rev0\Obj\init.o
#        D:\ika\development\NETPING_PROJECT\59\smart-switch\IAR\EWARM\test_app_rev0\Obj\ip.o
#        D:\ika\development\NETPING_PROJECT\59\smart-switch\IAR\EWARM\test_app_rev0\Obj\ip4.o
#        D:\ika\development\NETPING_PROJECT\59\smart-switch\IAR\EWARM\test_app_rev0\Obj\ip4_addr.o
#        D:\ika\development\NETPING_PROJECT\59\smart-switch\IAR\EWARM\test_app_rev0\Obj\ip4_frag.o
#        D:\ika\development\NETPING_PROJECT\59\smart-switch\IAR\EWARM\test_app_rev0\Obj\ip6.o
#        D:\ika\development\NETPING_PROJECT\59\smart-switch\IAR\EWARM\test_app_rev0\Obj\ip6_addr.o
#        D:\ika\development\NETPING_PROJECT\59\smart-switch\IAR\EWARM\test_app_rev0\Obj\ip6_frag.o
#        D:\ika\development\NETPING_PROJECT\59\smart-switch\IAR\EWARM\test_app_rev0\Obj\ipcp.o
#        D:\ika\development\NETPING_PROJECT\59\smart-switch\IAR\EWARM\test_app_rev0\Obj\ipv6cp.o
#        D:\ika\development\NETPING_PROJECT\59\smart-switch\IAR\EWARM\test_app_rev0\Obj\lcp.o
#        D:\ika\development\NETPING_PROJECT\59\smart-switch\IAR\EWARM\test_app_rev0\Obj\list.o
#        D:\ika\development\NETPING_PROJECT\59\smart-switch\IAR\EWARM\test_app_rev0\Obj\LOGS.o
#        D:\ika\development\NETPING_PROJECT\59\smart-switch\IAR\EWARM\test_app_rev0\Obj\lowpan6.o
#        D:\ika\development\NETPING_PROJECT\59\smart-switch\IAR\EWARM\test_app_rev0\Obj\lwip.o
#        D:\ika\development\NETPING_PROJECT\59\smart-switch\IAR\EWARM\test_app_rev0\Obj\magic.o
#        D:\ika\development\NETPING_PROJECT\59\smart-switch\IAR\EWARM\test_app_rev0\Obj\main.o
#        D:\ika\development\NETPING_PROJECT\59\smart-switch\IAR\EWARM\test_app_rev0\Obj\mem.o
#        D:\ika\development\NETPING_PROJECT\59\smart-switch\IAR\EWARM\test_app_rev0\Obj\memp.o
#        D:\ika\development\NETPING_PROJECT\59\smart-switch\IAR\EWARM\test_app_rev0\Obj\mld6.o
#        D:\ika\development\NETPING_PROJECT\59\smart-switch\IAR\EWARM\test_app_rev0\Obj\mppe.o
#        D:\ika\development\NETPING_PROJECT\59\smart-switch\IAR\EWARM\test_app_rev0\Obj\mqtt.o
#        D:\ika\development\NETPING_PROJECT\59\smart-switch\IAR\EWARM\test_app_rev0\Obj\multilink.o
#        D:\ika\development\NETPING_PROJECT\59\smart-switch\IAR\EWARM\test_app_rev0\Obj\nd6.o
#        D:\ika\development\NETPING_PROJECT\59\smart-switch\IAR\EWARM\test_app_rev0\Obj\netbuf.o
#        D:\ika\development\NETPING_PROJECT\59\smart-switch\IAR\EWARM\test_app_rev0\Obj\netdb.o
#        D:\ika\development\NETPING_PROJECT\59\smart-switch\IAR\EWARM\test_app_rev0\Obj\netif.o
#        D:\ika\development\NETPING_PROJECT\59\smart-switch\IAR\EWARM\test_app_rev0\Obj\netifapi.o
#        D:\ika\development\NETPING_PROJECT\59\smart-switch\IAR\EWARM\test_app_rev0\Obj\ntp.o
#        D:\ika\development\NETPING_PROJECT\59\smart-switch\IAR\EWARM\test_app_rev0\Obj\pbuf.o
#        D:\ika\development\NETPING_PROJECT\59\smart-switch\IAR\EWARM\test_app_rev0\Obj\ping.o
#        D:\ika\development\NETPING_PROJECT\59\smart-switch\IAR\EWARM\test_app_rev0\Obj\port.o
#        D:\ika\development\NETPING_PROJECT\59\smart-switch\IAR\EWARM\test_app_rev0\Obj\portasm.o
#        D:\ika\development\NETPING_PROJECT\59\smart-switch\IAR\EWARM\test_app_rev0\Obj\ppp.o
#        D:\ika\development\NETPING_PROJECT\59\smart-switch\IAR\EWARM\test_app_rev0\Obj\pppapi.o
#        D:\ika\development\NETPING_PROJECT\59\smart-switch\IAR\EWARM\test_app_rev0\Obj\pppcrypt.o
#        D:\ika\development\NETPING_PROJECT\59\smart-switch\IAR\EWARM\test_app_rev0\Obj\pppoe.o
#        D:\ika\development\NETPING_PROJECT\59\smart-switch\IAR\EWARM\test_app_rev0\Obj\pppol2tp.o
#        D:\ika\development\NETPING_PROJECT\59\smart-switch\IAR\EWARM\test_app_rev0\Obj\pppos.o
#        D:\ika\development\NETPING_PROJECT\59\smart-switch\IAR\EWARM\test_app_rev0\Obj\queue.o
#        D:\ika\development\NETPING_PROJECT\59\smart-switch\IAR\EWARM\test_app_rev0\Obj\raw.o
#        D:\ika\development\NETPING_PROJECT\59\smart-switch\IAR\EWARM\test_app_rev0\Obj\slipif.o
#        D:\ika\development\NETPING_PROJECT\59\smart-switch\IAR\EWARM\test_app_rev0\Obj\smtp.o
#        D:\ika\development\NETPING_PROJECT\59\smart-switch\IAR\EWARM\test_app_rev0\Obj\snmp_asn1.o
#        D:\ika\development\NETPING_PROJECT\59\smart-switch\IAR\EWARM\test_app_rev0\Obj\snmp_core.o
#        D:\ika\development\NETPING_PROJECT\59\smart-switch\IAR\EWARM\test_app_rev0\Obj\snmp_ex.o
#        D:\ika\development\NETPING_PROJECT\59\smart-switch\IAR\EWARM\test_app_rev0\Obj\snmp_mib2.o
#        D:\ika\development\NETPING_PROJECT\59\smart-switch\IAR\EWARM\test_app_rev0\Obj\snmp_mib2_system.o
#        D:\ika\development\NETPING_PROJECT\59\smart-switch\IAR\EWARM\test_app_rev0\Obj\snmp_msg.o
#        D:\ika\development\NETPING_PROJECT\59\smart-switch\IAR\EWARM\test_app_rev0\Obj\snmp_netconn.o
#        D:\ika\development\NETPING_PROJECT\59\smart-switch\IAR\EWARM\test_app_rev0\Obj\snmp_pbuf_stream.o
#        D:\ika\development\NETPING_PROJECT\59\smart-switch\IAR\EWARM\test_app_rev0\Obj\snmp_scalar.o
#        D:\ika\development\NETPING_PROJECT\59\smart-switch\IAR\EWARM\test_app_rev0\Obj\snmp_table.o
#        D:\ika\development\NETPING_PROJECT\59\smart-switch\IAR\EWARM\test_app_rev0\Obj\snmp_threadsync.o
#        D:\ika\development\NETPING_PROJECT\59\smart-switch\IAR\EWARM\test_app_rev0\Obj\snmp_traps.o
#        D:\ika\development\NETPING_PROJECT\59\smart-switch\IAR\EWARM\test_app_rev0\Obj\sockets.o
#        D:\ika\development\NETPING_PROJECT\59\smart-switch\IAR\EWARM\test_app_rev0\Obj\startup_stm32f107xc.o
#        D:\ika\development\NETPING_PROJECT\59\smart-switch\IAR\EWARM\test_app_rev0\Obj\stats.o
#        D:\ika\development\NETPING_PROJECT\59\smart-switch\IAR\EWARM\test_app_rev0\Obj\stm32f1xx_hal.o
#        D:\ika\development\NETPING_PROJECT\59\smart-switch\IAR\EWARM\test_app_rev0\Obj\stm32f1xx_hal_cortex.o
#        D:\ika\development\NETPING_PROJECT\59\smart-switch\IAR\EWARM\test_app_rev0\Obj\stm32f1xx_hal_dma.o
#        D:\ika\development\NETPING_PROJECT\59\smart-switch\IAR\EWARM\test_app_rev0\Obj\stm32f1xx_hal_eth.o
#        D:\ika\development\NETPING_PROJECT\59\smart-switch\IAR\EWARM\test_app_rev0\Obj\stm32f1xx_hal_exti.o
#        D:\ika\development\NETPING_PROJECT\59\smart-switch\IAR\EWARM\test_app_rev0\Obj\stm32f1xx_hal_flash.o
#        D:\ika\development\NETPING_PROJECT\59\smart-switch\IAR\EWARM\test_app_rev0\Obj\stm32f1xx_hal_flash_ex.o
#        D:\ika\development\NETPING_PROJECT\59\smart-switch\IAR\EWARM\test_app_rev0\Obj\stm32f1xx_hal_gpio.o
#        D:\ika\development\NETPING_PROJECT\59\smart-switch\IAR\EWARM\test_app_rev0\Obj\stm32f1xx_hal_gpio_ex.o
#        D:\ika\development\NETPING_PROJECT\59\smart-switch\IAR\EWARM\test_app_rev0\Obj\stm32f1xx_hal_iwdg.o
#        D:\ika\development\NETPING_PROJECT\59\smart-switch\IAR\EWARM\test_app_rev0\Obj\stm32f1xx_hal_msp.o
#        D:\ika\development\NETPING_PROJECT\59\smart-switch\IAR\EWARM\test_app_rev0\Obj\stm32f1xx_hal_pwr.o
#        D:\ika\development\NETPING_PROJECT\59\smart-switch\IAR\EWARM\test_app_rev0\Obj\stm32f1xx_hal_rcc.o
#        D:\ika\development\NETPING_PROJECT\59\smart-switch\IAR\EWARM\test_app_rev0\Obj\stm32f1xx_hal_rcc_ex.o
#        D:\ika\development\NETPING_PROJECT\59\smart-switch\IAR\EWARM\test_app_rev0\Obj\stm32f1xx_hal_rtc.o
#        D:\ika\development\NETPING_PROJECT\59\smart-switch\IAR\EWARM\test_app_rev0\Obj\stm32f1xx_hal_rtc_ex.o
#        D:\ika\development\NETPING_PROJECT\59\smart-switch\IAR\EWARM\test_app_rev0\Obj\stm32f1xx_hal_tim.o
#        D:\ika\development\NETPING_PROJECT\59\smart-switch\IAR\EWARM\test_app_rev0\Obj\stm32f1xx_hal_tim_ex.o
#        D:\ika\development\NETPING_PROJECT\59\smart-switch\IAR\EWARM\test_app_rev0\Obj\stm32f1xx_hal_timebase_tim.o
#        D:\ika\development\NETPING_PROJECT\59\smart-switch\IAR\EWARM\test_app_rev0\Obj\stm32f1xx_hal_uart.o
#        D:\ika\development\NETPING_PROJECT\59\smart-switch\IAR\EWARM\test_app_rev0\Obj\stm32f1xx_it.o
#        D:\ika\development\NETPING_PROJECT\59\smart-switch\IAR\EWARM\test_app_rev0\Obj\stream_buffer.o
#        D:\ika\development\NETPING_PROJECT\59\smart-switch\IAR\EWARM\test_app_rev0\Obj\sys.o
#        D:\ika\development\NETPING_PROJECT\59\smart-switch\IAR\EWARM\test_app_rev0\Obj\sys_arch.o
#        D:\ika\development\NETPING_PROJECT\59\smart-switch\IAR\EWARM\test_app_rev0\Obj\syslog.o
#        D:\ika\development\NETPING_PROJECT\59\smart-switch\IAR\EWARM\test_app_rev0\Obj\system_stm32f1xx.o
#        D:\ika\development\NETPING_PROJECT\59\smart-switch\IAR\EWARM\test_app_rev0\Obj\tasks.o
#        D:\ika\development\NETPING_PROJECT\59\smart-switch\IAR\EWARM\test_app_rev0\Obj\tcp.o
#        D:\ika\development\NETPING_PROJECT\59\smart-switch\IAR\EWARM\test_app_rev0\Obj\tcp_in.o
#        D:\ika\development\NETPING_PROJECT\59\smart-switch\IAR\EWARM\test_app_rev0\Obj\tcp_out.o
#        D:\ika\development\NETPING_PROJECT\59\smart-switch\IAR\EWARM\test_app_rev0\Obj\tcpip.o
#        D:\ika\development\NETPING_PROJECT\59\smart-switch\IAR\EWARM\test_app_rev0\Obj\timeouts.o
#        D:\ika\development\NETPING_PROJECT\59\smart-switch\IAR\EWARM\test_app_rev0\Obj\timers.o
#        D:\ika\development\NETPING_PROJECT\59\smart-switch\IAR\EWARM\test_app_rev0\Obj\udp.o
#        D:\ika\development\NETPING_PROJECT\59\smart-switch\IAR\EWARM\test_app_rev0\Obj\upap.o
#        D:\ika\development\NETPING_PROJECT\59\smart-switch\IAR\EWARM\test_app_rev0\Obj\utils.o
#        D:\ika\development\NETPING_PROJECT\59\smart-switch\IAR\EWARM\test_app_rev0\Obj\vj.o
#        --no_out_extension -o
#        D:\ika\development\NETPING_PROJECT\59\smart-switch\IAR\EWARM\test_app_rev0\Exe\test_app_rev0.out
#        --redirect _Printf=_PrintfFullNoMb --redirect _Scanf=_ScanfFullNoMb
#        --map
#        D:\ika\development\NETPING_PROJECT\59\smart-switch\IAR\EWARM\test_app_rev0\List\test_app_rev0.map
#        --config
#        D:\ika\development\NETPING_PROJECT\59\smart-switch\IAR\EWARM\stm32f103xg_flash_offset.icf
#        --semihosting --entry __iar_program_start --redirect
#        __iar_sh_stdout=__iar_sh_stdout_swo --vfe --text_out locale)
#
###############################################################################

*******************************************************************************
*** RUNTIME MODEL ATTRIBUTES
***

CppFlavor       = *
__Heap_Handler  = DLMalloc
__SystemLibrary = DLib
__dlib_version  = 6


*******************************************************************************
*** HEAP SELECTION
***

The advanced heap was selected because the application calls memory
allocation functions outside of system library functions, and there
are calls to deallocation functions in the application.


*******************************************************************************
*** PLACEMENT SUMMARY
***

"A0":  place at address 0x800'7000 { ro section .intvec };
"P1":  place in [from 0x800'7000 to 0x803'ffff] { ro };
define block CSTACK with size = 1'280, alignment = 8 { };
define block HEAP with size = 28K, alignment = 8 { };
"P2":  place in [from 0x2000'0000 to 0x2000'ffff] {
          rw, block CSTACK, block HEAP };
initialize by copy { rw };

  Section            Kind         Address      Size  Object
  -------            ----         -------      ----  ------
"A0":                                         0x150
  .intvec            ro code   0x800'7000     0x150  startup_stm32f107xc.o [1]
                             - 0x800'7150     0x150

"P1":                                      0x3'163b
  .text              ro code   0x800'7150    0x6484  html_page.o [1]
  .text              ro code   0x800'd5d4      0x40  sprintf.o [2]
  .text              ro code   0x800'd614      0x66  ABImemset.o [4]
  .text              ro code   0x800'd67a      0x3a  zero_init3.o [4]
  .text              ro code   0x800'd6b4      0xa6  ABImemcpy.o [4]
  .text              ro code   0x800'd75a      0x1e  strcat.o [2]
  .text              ro code   0x800'd778      0x36  strlen.o [4]
  .text              ro code   0x800'd7ae       0xa  xsprout.o [2]
  .text              ro code   0x800'd7b8     0x2c4  heap_5.o [1]
  .text              ro code   0x800'da7c     0x22c  LOGS.o [1]
  .text              ro code   0x800'dca8     0x724  stm32f1xx_hal_rtc.o [1]
  .text              ro code   0x800'e3cc     0xfc2  xprintffull_nomb.o [2]
  .rodata            const     0x800'f38e       0x2  xlocale_c.o [2]
  .text              ro code   0x800'f390     0xb2c  tasks.o [1]
  .text              ro code   0x800'febc     0x6e8  flash_if.o [1]
  .text              ro code   0x801'05a4      0x30  crc16.o [1]
  .text              ro code   0x801'05d4     0x100  syslog.o [1]
  .text              ro code   0x801'06d4      0x9c  stm32f1xx_hal_msp.o [1]
  .text              ro code   0x801'0770     0x37c  stm32f1xx_hal_rcc_ex.o [1]
  .text              ro code   0x801'0aec      0x14  memset.o [4]
  .text              ro code   0x801'0b00       0xc  stm32f1xx_hal.o [1]
  .text              ro code   0x801'0b0c      0x16  strchr.o [4]
  .rodata            const     0x801'0b22       0x2  xlocale_c.o [2]
  .text              ro code   0x801'0b24      0x40  xfail_s.o [2]
  .text              ro code   0x801'0b64      0x58  memchr.o [4]
  .text              ro code   0x801'0bbc      0x70  frexp.o [3]
  .text              ro code   0x801'0c2c      0x2e  DblCmpLe.o [3]
  .rodata            const     0x801'0c5a       0x1  snmp_mib2_system.o [1]
  .rodata            const     0x801'0c5b       0x1  snmp_mib2_system.o [1]
  .text              ro code   0x801'0c5c      0x2e  DblCmpGe.o [3]
  .rodata            const     0x801'0c8a       0x1  xlocale_c.o [2]
  .text              ro code   0x801'0c8c     0x13a  ldexp.o [3]
  .text              ro code   0x801'0dc8      0x3a  DblToS32.o [3]
  .text              ro code   0x801'0e04      0x22  S32ToDbl.o [3]
  .text              ro code   0x801'0e28      0xe2  DblSub.o [3]
  .text              ro code   0x801'0f0c     0x246  DblDiv.o [3]
  .text              ro code   0x801'1154      0x28  DblToU32.o [3]
  .text              ro code   0x801'117c      0x1a  U32ToDbl.o [3]
  .text              ro code   0x801'1198     0x1a2  DblMul.o [3]
  .text              ro code   0x801'133c      0x3c  xlocale_c.o [2]
  .text              ro code   0x801'1378     0x230  I64DivMod.o [4]
  .text              ro code   0x801'15a8      0x98  list.o [1]
  .text              ro code   0x801'1640     0x200  port.o [1]
  .text              ro code   0x801'1840      0x18  freertos.o [1]
  .text              ro code   0x801'1858     0x1bc  stm32f1xx_hal_flash.o [1]
  .text              ro code   0x801'1a14     0x8bc  stm32f1xx_hal_rcc.o [1]
  .text              ro code   0x801'22d0      0x58  stm32f1xx_hal.o [1]
  .text              ro code   0x801'2328      0x90  stm32f1xx_hal_timebase_tim.o [1]
  .text              ro code   0x801'23b8      0x68  stm32f1xx_hal_rtc_ex.o [1]
  .text              ro code   0x801'2420     0xaf0  stm32f1xx_hal_eth.o [1]
  .text              ro code   0x801'2f10      0xf4  stm32f1xx_hal_flash_ex.o [1]
  .text              ro code   0x801'3004     0x744  api_lib.o [1]
  .text              ro code   0x801'3748     0x1b0  netbuf.o [1]
  .text              ro code   0x801'38f8     0x11c  stm32f1xx_hal_cortex.o [1]
  .text              ro code   0x801'3a14       0xc  stm32f1xx_hal_pwr.o [1]
  .text              ro code   0x801'3a20       0x6  abort.o [2]
  .text              ro code   0x801'3a28     0x16a  DblAdd.o [3]
  .text              ro code   0x801'3b94       0x2  I64DivZer.o [4]
  CODE               ro code   0x801'3b98      0x88  portasm.o [1]
  .text              ro code   0x801'3c20      0x1e  U64Shr.o [4]
  .text              ro code   0x801'3c3e       0x2  stm32f1xx_hal.o [1]
  .text              ro code   0x801'3c40     0x2f2  stm32f1xx_hal_tim.o [1]
  .text              ro code   0x801'3f32       0x2  stm32f1xx_hal_rtc_ex.o [1]
  .text              ro code   0x801'3f34       0x2  stm32f1xx_hal_rtc_ex.o [1]
  .text              ro code   0x801'3f38     0x6a6  ethernetif.o [1]
  .text              ro code   0x801'45de       0x2  stm32f1xx_hal_eth.o [1]
  .text              ro code   0x801'45e0       0x2  stm32f1xx_hal_eth.o [1]
  .text              ro code   0x801'45e4      0x28  stm32f1xx_hal.o [1]
  .text              ro code   0x801'460c     0x230  tcpip.o [1]
  .text              ro code   0x801'483c    0x1954  api_msg.o [1]
  .text              ro code   0x801'6190      0x28  printf.o [2]
  .text              ro code   0x801'61b8     0x304  sys_arch.o [1]
  .text              ro code   0x801'64bc     0x184  memp.o [1]
  .text              ro code   0x801'6640     0xd28  pbuf.o [1]
  .text              ro code   0x801'7368      0x14  exit.o [5]
  .text              ro code   0x801'737c       0x2  stm32f1xx_hal_tim.o [1]
  .text              ro code   0x801'737e       0x2  stm32f1xx_hal_tim.o [1]
  .text              ro code   0x801'7380       0x2  stm32f1xx_hal_tim.o [1]
  .text              ro code   0x801'7384     0x260  hard_config.o [1]
  .text              ro code   0x801'75e4       0x2  stm32f1xx_hal_tim_ex.o [1]
  .text              ro code   0x801'75e6       0x2  stm32f1xx_hal_tim.o [1]
  .text              ro code   0x801'75e8       0x2  stm32f1xx_hal_tim_ex.o [1]
  .text              ro code   0x801'75ec     0x30c  stm32f1xx_hal_gpio.o [1]
  .text              ro code   0x801'78f8     0x432  cmsis_os.o [1]
  .text              ro code   0x801'7d2c     0x258  netif.o [1]
  .text              ro code   0x801'7f84     0x254  timeouts.o [1]
  .text              ro code   0x801'81d8      0x50  init.o [1]
  .text              ro code   0x801'8228    0x12f8  tcp.o [1]
  .text              ro code   0x801'9520     0x2b8  raw.o [1]
  .text              ro code   0x801'97d8     0x5c4  udp.o [1]
  .text              ro code   0x801'9d9c    0x12c8  tcp_out.o [1]
  .text              ro code   0x801'b064       0x6  ABImemclr4.o [4]
  .text              ro code   0x801'b06c     0x60c  mem.o [1]
  .text              ro code   0x801'b678      0x18  stm32f1xx_hal.o [1]
  .text              ro code   0x801'b690     0xad4  queue.o [1]
  .text              ro code   0x801'c164     0xb3c  etharp.o [1]
  .text              ro code   0x801'cca0    0x1720  dhcp.o [1]
  .text              ro code   0x801'e3c0       0x2  stats.o [1]
  .text              ro code   0x801'e3c4     0xb28  dns.o [1]
  .text              ro code   0x801'eeec    0x1a48  tcp_in.o [1]
  .text              ro code   0x802'0934     0x514  ip4.o [1]
  .text              ro code   0x802'0e48     0x2be  ip4_addr.o [1]
  .text              ro code   0x802'1108      0xbc  def.o [1]
  .text              ro code   0x802'11c4     0x3a4  icmp.o [1]
  .text              ro code   0x802'1568      0x32  ABImemset48.o [4]
  .text              ro code   0x802'159c     0x180  ethernet.o [1]
  .text              ro code   0x802'171c      0x9c  rand.o [2]
  .text              ro code   0x802'17b8     0x924  ip4_frag.o [1]
  .text              ro code   0x802'20dc      0x68  memcmp.o [4]
  .text              ro code   0x802'2144    0x30f8  httpserver-netconn.o [1]
  .text              ro code   0x802'523c      0x28  strncmp.o [2]
  .text              ro code   0x802'5264      0x4e  fs.o [1]
  .text              ro code   0x802'52b4      0xfc  base64.o [1]
  .text              ro code   0x802'53b0      0x12  strcmp.o [4]
  .text              ro code   0x802'53c4    0x159c  snmp_msg.o [1]
  .text              ro code   0x802'6960      0xf4  snmp_netconn.o [1]
  .text              ro code   0x802'6a54     0x800  snmp_core.o [1]
  .text              ro code   0x802'7254     0x15c  snmp_pbuf_stream.o [1]
  .text              ro code   0x802'73b0     0x7fa  snmp_asn1.o [1]
  .text              ro code   0x802'7bac     0x4c4  snmp_traps.o [1]
  .text              ro code   0x802'8070    0x149c  dlmalloc.o [2]
  .text              ro code   0x802'950c      0x2c  xgetmemchunk.o [2]
  .text              ro code   0x802'9538    0x1068  smtp.o [1]
  .text              ro code   0x802'a5a0      0x18  strcpy.o [4]
  .text              ro code   0x802'a5b8      0x90  iar_Stolx.o [2]
  .text              ro code   0x802'a648      0x2c  strstr.o [2]
  .text              ro code   0x802'a674      0x14  isspace.o [2]
  .text              ro code   0x802'a688     0x140  iar_Stoulx.o [2]
  .text              ro code   0x802'a7c8      0x14  tolower.o [2]
  .text              ro code   0x802'a7dc     0xda4  app.o [1]
  .text              ro code   0x802'b580     0x1e8  lwip.o [1]
  .text              ro code   0x802'b768     0x3b0  ping.o [1]
  .text              ro code   0x802'bb18      0xbc  snmp_ex.o [1]
  .text              ro code   0x802'bbd4       0xc  memcpy.o [4]
  .text              ro code   0x802'bbe0     0xa48  sockets.o [1]
  .text              ro code   0x802'c628      0x50  snmp_threadsync.o [1]
  .text              ro code   0x802'c678     0x39c  snmp_mib2_system.o [1]
  .text              ro code   0x802'ca14      0x28  err.o [1]
  .rodata            const     0x802'ca3c     0xce0  fs.o [1]
  .rodata            const     0x802'd71c     0x3dc  html_page.o [1]
  .text              ro code   0x802'daf8     0x2f4  ntp.o [1]
  .text              ro code   0x802'ddec      0x1a  localtim.o [2]
  .text              ro code   0x802'de06       0x4  xTzoff_nop.o [2]
  .text              ro code   0x802'de0c     0x10c  xttotm.o [2]
  .text              ro code   0x802'df18      0x6c  xDaysTo.o [2]
  .text              ro code   0x802'df84       0x6  xisdst_nop.o [2]
  .rodata            const     0x802'df8c     0x2e4  fs.o [1]
  .rodata            const     0x802'e270     0x200  crc16.o [1]
  .rodata            const     0x802'e470     0x18c  html_page.o [1]
  .text              ro code   0x802'e5fc     0x168  snmp_scalar.o [1]
  .text              ro code   0x802'e764     0x140  main.o [1]
  .rodata            const     0x802'e8a4     0x108  html_page.o [1]
  .rodata            const     0x802'e9ac     0x100  base64.o [1]
  .rodata            const     0x802'eaac      0xf8  html_page.o [1]
  .rodata            const     0x802'eba4      0xf8  html_page.o [1]
  .rodata            const     0x802'ec9c      0xf8  html_page.o [1]
  .rodata            const     0x802'ed94      0xf8  html_page.o [1]
  .rodata            const     0x802'ee8c      0xf8  html_page.o [1]
  .rodata            const     0x802'ef84      0xf8  html_page.o [1]
  .rodata            const     0x802'f07c      0xf8  html_page.o [1]
  .rodata            const     0x802'f174      0xf8  html_page.o [1]
  .rodata            const     0x802'f26c      0xf8  html_page.o [1]
  .rodata            const     0x802'f364      0xf8  html_page.o [1]
  .rodata            const     0x802'f45c      0xf8  html_page.o [1]
  .text              ro code   0x802'f554      0xd8  xfspos.o [2]
  .text              ro code   0x802'f62c      0xac  fflush.o [2]
  .text              ro code   0x802'f6d8       0xc  xfgpos.o [2]
  .text              ro code   0x802'f6e4      0x4a  lseek.o [5]
  .text              ro code   0x802'f72e      0x10  write.o [5]
  .text              ro code   0x802'f740      0x44  XShHandles.o [2]
  .text              ro code   0x802'f784      0x4c  XShHandles.o [2]
  .text              ro code   0x802'f7d0      0x1e  dwrite.o [5]
  .text              ro code   0x802'f7f0      0x50  iarwstdswo.o [5]
  .text              ro code   0x802'f840      0x22  iarwrite.o [5]
  .rodata            const     0x802'f864      0xcc  snmp_core.o [1]
  .rodata            const     0x802'f930      0xcc  snmp_traps.o [1]
  .text              ro code   0x802'f9fc      0xb4  xfwprep.o [2]
  .text              ro code   0x802'fab0      0x24  fseek.o [2]
  .text              ro code   0x802'fad4      0x9c  xfofind.o [2]
  .text              ro code   0x802'fb70       0x4  heaptramp0.o [2]
  .rodata            const     0x802'fb74      0x94  html_page.o [1]
  .rodata            const     0x802'fc08      0x8c  html_page.o [1]
  .rodata            const     0x802'fc94      0x88  html_page.o [1]
  .rodata            const     0x802'fd1c      0x88  html_page.o [1]
  .rodata            const     0x802'fda4      0x84  html_page.o [1]
  .rodata            const     0x802'fe28      0x80  html_page.o [1]
  .text              ro code   0x802'fea8      0x7e  fclose.o [2]
  .text              ro code   0x802'ff26      0x18  close.o [5]
  .text              ro code   0x802'ff3e      0x14  remove.o [5]
  .text              ro code   0x802'ff54      0x48  XShHandles.o [2]
  .rodata            const     0x802'ff9c      0x7c  html_page.o [1]
  .rodata            const     0x803'0018      0x78  html_page.o [1]
  .rodata            const     0x803'0090      0x78  html_page.o [1]
  .text              ro code   0x803'0108      0x78  lz77_init_single.o [4]
  .rodata            const     0x803'0180      0x74  html_page.o [1]
  .rodata            const     0x803'01f4      0x74  html_page.o [1]
  .rodata            const     0x803'0268      0x74  html_page.o [1]
  .rodata            const     0x803'02dc      0x74  html_page.o [1]
  .rodata            const     0x803'0350      0x74  snmp_mib2_system.o [1]
  .rodata            const     0x803'03c4      0x70  html_page.o [1]
  .rodata            const     0x803'0434      0x70  html_page.o [1]
  .rodata            const     0x803'04a4      0x70  html_page.o [1]
  .rodata            const     0x803'0514      0x70  html_page.o [1]
  .rodata            const     0x803'0584      0x70  html_page.o [1]
  .rodata            const     0x803'05f4      0x70  html_page.o [1]
  .rodata            const     0x803'0664      0x70  snmp_netconn.o [1]
  .rodata            const     0x803'06d4      0x70  snmp_threadsync.o [1]
  .rodata            const     0x803'0744      0x6c  html_page.o [1]
  .rodata            const     0x803'07b0      0x6c  html_page.o [1]
  .rodata            const     0x803'081c      0x6c  html_page.o [1]
  .rodata            const     0x803'0888      0x6c  ip4_addr.o [1]
  .rodata            const     0x803'08f4      0x6c  ip4_frag.o [1]
  .rodata            const     0x803'0960      0x6c  snmp_core.o [1]
  .rodata            const     0x803'09cc      0x6c  snmp_msg.o [1]
  .rodata            const     0x803'0a38      0x68  dhcp.o [1]
  .rodata            const     0x803'0aa0      0x68  etharp.o [1]
  .rodata            const     0x803'0b08      0x68  ethernet.o [1]
  .rodata            const     0x803'0b70      0x68  html_page.o [1]
  .rodata            const     0x803'0bd8      0x68  html_page.o [1]
  .rodata            const     0x803'0c40      0x68  icmp.o [1]
  .rodata            const     0x803'0ca8      0x68  ping.o [1]
  .rodata            const     0x803'0d10      0x64  api_lib.o [1]
  .rodata            const     0x803'0d74      0x64  api_msg.o [1]
  .rodata            const     0x803'0dd8      0x64  html_page.o [1]
  .rodata            const     0x803'0e3c      0x64  html_page.o [1]
  .rodata            const     0x803'0ea0      0x64  html_page.o [1]
  .rodata            const     0x803'0f04      0x64  html_page.o [1]
  .rodata            const     0x803'0f68      0x64  html_page.o [1]
  .rodata            const     0x803'0fcc      0x64  html_page.o [1]
  .rodata            const     0x803'1030      0x64  html_page.o [1]
  .rodata            const     0x803'1094      0x64  ip4.o [1]
  .rodata            const     0x803'10f8      0x64  netbuf.o [1]
  .rodata            const     0x803'115c      0x64  netif.o [1]
  .rodata            const     0x803'11c0      0x64  sockets.o [1]
  .rodata            const     0x803'1224      0x64  tcp_in.o [1]
  .rodata            const     0x803'1288      0x64  tcp_out.o [1]
  .rodata            const     0x803'12ec      0x64  timeouts.o [1]
  .rodata            const     0x803'1350      0x60  dns.o [1]
  .rodata            const     0x803'13b0      0x60  html_page.o [1]
  .rodata            const     0x803'1410      0x60  html_page.o [1]
  .rodata            const     0x803'1470      0x60  init.o [1]
  .rodata            const     0x803'14d0      0x60  mem.o [1]
  .rodata            const     0x803'1530      0x60  memp.o [1]
  .rodata            const     0x803'1590      0x60  pbuf.o [1]
  .rodata            const     0x803'15f0      0x60  raw.o [1]
  .rodata            const     0x803'1650      0x60  tcp.o [1]
  .rodata            const     0x803'16b0      0x60  tcpip.o [1]
  .rodata            const     0x803'1710      0x60  udp.o [1]
  .rodata            const     0x803'1770      0x5c  html_page.o [1]
  .rodata            const     0x803'17cc      0x5c  html_page.o [1]
  .rodata            const     0x803'1828      0x58  html_page.o [1]
  .rodata            const     0x803'1880      0x58  html_page.o [1]
  .rodata            const     0x803'18d8      0x58  html_page.o [1]
  .rodata            const     0x803'1930      0x58  html_page.o [1]
  .rodata            const     0x803'1988      0x58  html_page.o [1]
  .rodata            const     0x803'19e0      0x58  html_page.o [1]
  .rodata            const     0x803'1a38      0x58  html_page.o [1]
  .rodata            const     0x803'1a90      0x58  html_page.o [1]
  .rodata            const     0x803'1ae8      0x58  html_page.o [1]
  .rodata            const     0x803'1b40      0x58  snmp_mib2_system.o [1]
  .rodata            const     0x803'1b98      0x58  tcp_out.o [1]
  .rodata            const     0x803'1bf0      0x54  html_page.o [1]
  .rodata            const     0x803'1c44      0x54  html_page.o [1]
  .text              ro code   0x803'1c98      0x54  fputc.o [2]
  .rodata            const     0x803'1cec      0x50  html_page.o [1]
  .rodata            const     0x803'1d3c      0x50  html_page.o [1]
  .rodata            const     0x803'1d8c      0x50  html_page.o [1]
  .rodata            const     0x803'1ddc      0x50  html_page.o [1]
  .rodata            const     0x803'1e2c      0x50  html_page.o [1]
  .rodata            const     0x803'1e7c      0x50  html_page.o [1]
  .rodata            const     0x803'1ecc      0x50  html_page.o [1]
  .rodata            const     0x803'1f1c      0x50  iar_Stoulx.o [2]
  .rodata            const     0x803'1f6c      0x4c  ethernetif.o [1]
  .rodata            const     0x803'1fb8      0x4c  html_page.o [1]
  .rodata            const     0x803'2004      0x4c  html_page.o [1]
  .rodata            const     0x803'2050      0x4c  html_page.o [1]
  .rodata            const     0x803'209c      0x4c  html_page.o [1]
  .rodata            const     0x803'20e8      0x4c  html_page.o [1]
  .rodata            const     0x803'2134      0x4c  html_page.o [1]
  .rodata            const     0x803'2180      0x4c  html_page.o [1]
  .rodata            const     0x803'21cc      0x4c  html_page.o [1]
  .rodata            const     0x803'2218      0x4c  html_page.o [1]
  .rodata            const     0x803'2264      0x4c  html_page.o [1]
  .rodata            const     0x803'22b0      0x4c  raw.o [1]
  .rodata            const     0x803'22fc      0x48  dhcp.o [1]
  .rodata            const     0x803'2344      0x48  html_page.o [1]
  .rodata            const     0x803'238c      0x48  html_page.o [1]
  .rodata            const     0x803'23d4      0x48  html_page.o [1]
  .rodata            const     0x803'241c      0x48  html_page.o [1]
  .rodata            const     0x803'2464      0x48  html_page.o [1]
  .rodata            const     0x803'24ac      0x48  html_page.o [1]
  .rodata            const     0x803'24f4      0x44  dhcp.o [1]
  .rodata            const     0x803'2538      0x44  err.o [1]
  .rodata            const     0x803'257c      0x44  etharp.o [1]
  .rodata            const     0x803'25c0      0x44  html_page.o [1]
  .rodata            const     0x803'2604      0x44  html_page.o [1]
  .rodata            const     0x803'2648      0x44  html_page.o [1]
  .rodata            const     0x803'268c      0x44  html_page.o [1]
  .rodata            const     0x803'26d0      0x44  init.o [1]
  .rodata            const     0x803'2714      0x44  smtp.o [1]
  .rodata            const     0x803'2758      0x40  api_msg.o [1]
  .rodata            const     0x803'2798      0x40  dhcp.o [1]
  .rodata            const     0x803'27d8      0x40  dhcp.o [1]
  .rodata            const     0x803'2818      0x40  dhcp.o [1]
  .rodata            const     0x803'2858      0x40  etharp.o [1]
  .rodata            const     0x803'2898      0x40  html_page.o [1]
  .rodata            const     0x803'28d8      0x40  html_page.o [1]
  .rodata            const     0x803'2918      0x40  html_page.o [1]
  .rodata            const     0x803'2958      0x40  html_page.o [1]
  .rodata            const     0x803'2998      0x40  html_page.o [1]
  .rodata            const     0x803'29d8      0x40  html_page.o [1]
  .rodata            const     0x803'2a18      0x40  html_page.o [1]
  .rodata            const     0x803'2a58      0x40  html_page.o [1]
  .rodata            const     0x803'2a98      0x40  html_page.o [1]
  .rodata            const     0x803'2ad8      0x40  html_page.o [1]
  .rodata            const     0x803'2b18      0x40  html_page.o [1]
  .rodata            const     0x803'2b58      0x40  html_page.o [1]
  .rodata            const     0x803'2b98      0x40  httpserver-netconn.o [1]
  .rodata            const     0x803'2bd8      0x40  smtp.o [1]
  .rodata            const     0x803'2c18      0x40  tcp_out.o [1]
  .rodata            const     0x803'2c58      0x40  timeouts.o [1]
  .text              ro code   0x803'2c98      0x40  stm32f1xx_it.o [1]
  .rodata            const     0x803'2cd8      0x3c  api_msg.o [1]
  .rodata            const     0x803'2d14      0x3c  api_msg.o [1]
  .rodata            const     0x803'2d50      0x3c  dhcp.o [1]
  .rodata            const     0x803'2d8c      0x3c  html_page.o [1]
  .rodata            const     0x803'2dc8      0x3c  html_page.o [1]
  .rodata            const     0x803'2e04      0x3c  html_page.o [1]
  .rodata            const     0x803'2e40      0x3c  html_page.o [1]
  .rodata            const     0x803'2e7c      0x3c  html_page.o [1]
  .rodata            const     0x803'2eb8      0x3c  html_page.o [1]
  .rodata            const     0x803'2ef4      0x3c  html_page.o [1]
  .rodata            const     0x803'2f30      0x3c  html_page.o [1]
  .rodata            const     0x803'2f6c      0x3c  html_page.o [1]
  .rodata            const     0x803'2fa8      0x3c  memp.o [1]
  .rodata            const     0x803'2fe4      0x3c  tcp_in.o [1]
  .rodata            const     0x803'3020      0x3c  tcp_out.o [1]
  .rodata            const     0x803'305c      0x3c  tcp_out.o [1]
  .text              ro code   0x803'3098      0x3c  xcloseall.o [2]
  .rodata            const     0x803'30d4      0x38  html_page.o [1]
  .rodata            const     0x803'310c      0x38  html_page.o [1]
  .rodata            const     0x803'3144      0x38  html_page.o [1]
  .rodata            const     0x803'317c      0x38  html_page.o [1]
  .rodata            const     0x803'31b4      0x38  html_page.o [1]
  .rodata            const     0x803'31ec      0x38  html_page.o [1]
  .rodata            const     0x803'3224      0x38  html_page.o [1]
  .rodata            const     0x803'325c      0x38  html_page.o [1]
  .rodata            const     0x803'3294      0x38  html_page.o [1]
  .rodata            const     0x803'32cc      0x38  html_page.o [1]
  .rodata            const     0x803'3304      0x38  html_page.o [1]
  .rodata            const     0x803'333c      0x38  html_page.o [1]
  .rodata            const     0x803'3374      0x38  html_page.o [1]
  .rodata            const     0x803'33ac      0x38  html_page.o [1]
  .rodata            const     0x803'33e4      0x38  html_page.o [1]
  .rodata            const     0x803'341c      0x38  html_page.o [1]
  .rodata            const     0x803'3454      0x38  html_page.o [1]
  .rodata            const     0x803'348c      0x38  html_page.o [1]
  .rodata            const     0x803'34c4      0x38  html_page.o [1]
  .rodata            const     0x803'34fc      0x38  icmp.o [1]
  .rodata            const     0x803'3534      0x38  ip4_frag.o [1]
  .rodata            const     0x803'356c      0x38  pbuf.o [1]
  .rodata            const     0x803'35a4      0x38  snmp_core.o [1]
  .rodata            const     0x803'35dc      0x38  snmp_core.o [1]
  .rodata            const     0x803'3614      0x38  snmp_core.o [1]
  .rodata            const     0x803'364c      0x38  tcp_in.o [1]
  .rodata            const     0x803'3684      0x38  tcp_out.o [1]
  .rodata            const     0x803'36bc      0x38  tcp_out.o [1]
  .rodata            const     0x803'36f4      0x34  api_msg.o [1]
  .rodata            const     0x803'3728      0x34  etharp.o [1]
  .rodata            const     0x803'375c      0x34  ethernet.o [1]
  .rodata            const     0x803'3790      0x34  html_page.o [1]
  .rodata            const     0x803'37c4      0x34  html_page.o [1]
  .rodata            const     0x803'37f8      0x34  html_page.o [1]
  .rodata            const     0x803'382c      0x34  html_page.o [1]
  .rodata            const     0x803'3860      0x34  html_page.o [1]
  .rodata            const     0x803'3894      0x34  html_page.o [1]
  .rodata            const     0x803'38c8      0x34  html_page.o [1]
  .rodata            const     0x803'38fc      0x34  html_page.o [1]
  .rodata            const     0x803'3930      0x34  html_page.o [1]
  .rodata            const     0x803'3964      0x34  html_page.o [1]
  .rodata            const     0x803'3998      0x34  html_page.o [1]
  .rodata            const     0x803'39cc      0x34  html_page.o [1]
  .rodata            const     0x803'3a00      0x34  html_page.o [1]
  .rodata            const     0x803'3a34      0x34  html_page.o [1]
  .rodata            const     0x803'3a68      0x34  html_page.o [1]
  .rodata            const     0x803'3a9c      0x34  html_page.o [1]
  .rodata            const     0x803'3ad0      0x34  html_page.o [1]
  .rodata            const     0x803'3b04      0x34  html_page.o [1]
  .rodata            const     0x803'3b38      0x34  html_page.o [1]
  .rodata            const     0x803'3b6c      0x34  html_page.o [1]
  .rodata            const     0x803'3ba0      0x34  httpserver-netconn.o [1]
  .rodata            const     0x803'3bd4      0x34  httpserver-netconn.o [1]
  .rodata            const     0x803'3c08      0x34  httpserver-netconn.o [1]
  .rodata            const     0x803'3c3c      0x34  icmp.o [1]
  .rodata            const     0x803'3c70      0x34  pbuf.o [1]
  .rodata            const     0x803'3ca4      0x34  pbuf.o [1]
  .rodata            const     0x803'3cd8      0x34  tcp.o [1]
  .rodata            const     0x803'3d0c      0x34  tcp_out.o [1]
  .rodata            const     0x803'3d40      0x34  tcp_out.o [1]
  .rodata            const     0x803'3d74      0x30  api_msg.o [1]
  .rodata            const     0x803'3da4      0x30  etharp.o [1]
  .rodata            const     0x803'3dd4      0x30  html_page.o [1]
  .rodata            const     0x803'3e04      0x30  html_page.o [1]
  .rodata            const     0x803'3e34      0x30  html_page.o [1]
  .rodata            const     0x803'3e64      0x30  html_page.o [1]
  .rodata            const     0x803'3e94      0x30  html_page.o [1]
  .rodata            const     0x803'3ec4      0x30  html_page.o [1]
  .rodata            const     0x803'3ef4      0x30  html_page.o [1]
  .rodata            const     0x803'3f24      0x30  html_page.o [1]
  .rodata            const     0x803'3f54      0x30  html_page.o [1]
  .rodata            const     0x803'3f84      0x30  html_page.o [1]
  .rodata            const     0x803'3fb4      0x30  html_page.o [1]
  .rodata            const     0x803'3fe4      0x30  html_page.o [1]
  .rodata            const     0x803'4014      0x30  html_page.o [1]
  .rodata            const     0x803'4044      0x30  html_page.o [1]
  .rodata            const     0x803'4074      0x30  html_page.o [1]
  .rodata            const     0x803'40a4      0x30  html_page.o [1]
  .rodata            const     0x803'40d4      0x30  httpserver-netconn.o [1]
  .rodata            const     0x803'4104      0x30  httpserver-netconn.o [1]
  .rodata            const     0x803'4134      0x30  httpserver-netconn.o [1]
  .rodata            const     0x803'4164      0x30  ip4.o [1]
  .rodata            const     0x803'4194      0x30  mem.o [1]
  .rodata            const     0x803'41c4      0x30  mem.o [1]
  .rodata            const     0x803'41f4      0x30  pbuf.o [1]
  .rodata            const     0x803'4224      0x30  pbuf.o [1]
  .rodata            const     0x803'4254      0x30  pbuf.o [1]
  .rodata            const     0x803'4284      0x30  pbuf.o [1]
  .rodata            const     0x803'42b4      0x30  tcp.o [1]
  .rodata            const     0x803'42e4      0x30  tcp.o [1]
  .rodata            const     0x803'4314      0x30  tcp.o [1]
  .rodata            const     0x803'4344      0x30  tcp_in.o [1]
  .rodata            const     0x803'4374      0x30  tcp_out.o [1]
  .rodata            const     0x803'43a4      0x30  tcp_out.o [1]
  .rodata            const     0x803'43d4      0x30  timeouts.o [1]
  .rodata            const     0x803'4404      0x30  udp.o [1]
  .rodata            const     0x803'4434      0x2c  api_msg.o [1]
  .rodata            const     0x803'4460      0x2c  dhcp.o [1]
  .rodata            const     0x803'448c      0x2c  etharp.o [1]
  .rodata            const     0x803'44b8      0x2c  html_page.o [1]
  .rodata            const     0x803'44e4      0x2c  html_page.o [1]
  .rodata            const     0x803'4510      0x2c  html_page.o [1]
  .rodata            const     0x803'453c      0x2c  html_page.o [1]
  .rodata            const     0x803'4568      0x2c  html_page.o [1]
  .rodata            const     0x803'4594      0x2c  html_page.o [1]
  .rodata            const     0x803'45c0      0x2c  html_page.o [1]
  .rodata            const     0x803'45ec      0x2c  html_page.o [1]
  .rodata            const     0x803'4618      0x2c  html_page.o [1]
  .rodata            const     0x803'4644      0x2c  html_page.o [1]
  .rodata            const     0x803'4670      0x2c  html_page.o [1]
  .rodata            const     0x803'469c      0x2c  html_page.o [1]
  .rodata            const     0x803'46c8      0x2c  html_page.o [1]
  .rodata            const     0x803'46f4      0x2c  html_page.o [1]
  .rodata            const     0x803'4720      0x2c  html_page.o [1]
  .rodata            const     0x803'474c      0x2c  html_page.o [1]
  .rodata            const     0x803'4778      0x2c  html_page.o [1]
  .rodata            const     0x803'47a4      0x2c  icmp.o [1]
  .rodata            const     0x803'47d0      0x2c  mem.o [1]
  .rodata            const     0x803'47fc      0x2c  pbuf.o [1]
  .rodata            const     0x803'4828      0x2c  pbuf.o [1]
  .rodata            const     0x803'4854      0x2c  snmp_core.o [1]
  .rodata            const     0x803'4880      0x2c  snmp_core.o [1]
  .rodata            const     0x803'48ac      0x2c  snmp_msg.o [1]
  .rodata            const     0x803'48d8      0x2c  tcp.o [1]
  .rodata            const     0x803'4904      0x2c  tcp.o [1]
  .rodata            const     0x803'4930      0x2c  tcp.o [1]
  .rodata            const     0x803'495c      0x2c  tcp.o [1]
  .rodata            const     0x803'4988      0x2c  tcp_in.o [1]
  .rodata            const     0x803'49b4      0x2c  tcp_in.o [1]
  .rodata            const     0x803'49e0      0x2c  tcp_in.o [1]
  .rodata            const     0x803'4a0c      0x2c  tcp_out.o [1]
  .rodata            const     0x803'4a38      0x2c  tcp_out.o [1]
  .rodata            const     0x803'4a64      0x28  api_lib.o [1]
  .rodata            const     0x803'4a8c      0x28  api_msg.o [1]
  .rodata            const     0x803'4ab4      0x28  api_msg.o [1]
  .rodata            const     0x803'4adc      0x28  dhcp.o [1]
  .rodata            const     0x803'4b04      0x28  dhcp.o [1]
  .rodata            const     0x803'4b2c      0x28  dhcp.o [1]
  .rodata            const     0x803'4b54      0x28  dhcp.o [1]
  .rodata            const     0x803'4b7c      0x28  dhcp.o [1]
  .rodata            const     0x803'4ba4      0x28  dhcp.o [1]
  .rodata            const     0x803'4bcc      0x28  dns.o [1]
  .rodata            const     0x803'4bf4      0x28  etharp.o [1]
  .rodata            const     0x803'4c1c      0x28  etharp.o [1]
  .rodata            const     0x803'4c44      0x28  ethernet.o [1]
  .rodata            const     0x803'4c6c      0x28  ethernetif.o [1]
  .rodata            const     0x803'4c94      0x28  html_page.o [1]
  .rodata            const     0x803'4cbc      0x28  html_page.o [1]
  .rodata            const     0x803'4ce4      0x28  html_page.o [1]
  .rodata            const     0x803'4d0c      0x28  html_page.o [1]
  .rodata            const     0x803'4d34      0x28  html_page.o [1]
  .rodata            const     0x803'4d5c      0x28  html_page.o [1]
  .rodata            const     0x803'4d84      0x28  html_page.o [1]
  .rodata            const     0x803'4dac      0x28  html_page.o [1]
  .rodata            const     0x803'4dd4      0x28  html_page.o [1]
  .rodata            const     0x803'4dfc      0x28  html_page.o [1]
  .rodata            const     0x803'4e24      0x28  html_page.o [1]
  .rodata            const     0x803'4e4c      0x28  html_page.o [1]
  .rodata            const     0x803'4e74      0x28  httpserver-netconn.o [1]
  .rodata            const     0x803'4e9c      0x28  icmp.o [1]
  .rodata            const     0x803'4ec4      0x28  init.o [1]
  .rodata            const     0x803'4eec      0x28  ip4.o [1]
  .rodata            const     0x803'4f14      0x28  ip4_addr.o [1]
  .rodata            const     0x803'4f3c      0x28  ip4_frag.o [1]
  .rodata            const     0x803'4f64      0x28  ip4_frag.o [1]
  .rodata            const     0x803'4f8c      0x28  mem.o [1]
  .rodata            const     0x803'4fb4      0x28  memp.o [1]
  .rodata            const     0x803'4fdc      0x28  netbuf.o [1]
  .rodata            const     0x803'5004      0x28  netif.o [1]
  .rodata            const     0x803'502c      0x28  pbuf.o [1]
  .rodata            const     0x803'5054      0x28  ping.o [1]
  .rodata            const     0x803'507c      0x28  raw.o [1]
  .rodata            const     0x803'50a4      0x28  raw.o [1]
  .rodata            const     0x803'50cc      0x28  smtp.o [1]
  .rodata            const     0x803'50f4      0x28  snmp_core.o [1]
  .rodata            const     0x803'511c      0x28  snmp_mib2_system.o [1]
  .rodata            const     0x803'5144      0x28  snmp_msg.o [1]
  .rodata            const     0x803'516c      0x28  snmp_netconn.o [1]
  .rodata            const     0x803'5194      0x28  snmp_threadsync.o [1]
  .rodata            const     0x803'51bc      0x28  sockets.o [1]
  .rodata            const     0x803'51e4      0x28  sockets.o [1]
  .rodata            const     0x803'520c      0x28  tcp.o [1]
  .rodata            const     0x803'5234      0x28  tcp.o [1]
  .rodata            const     0x803'525c      0x28  tcp.o [1]
  .rodata            const     0x803'5284      0x28  tcp.o [1]
  .rodata            const     0x803'52ac      0x28  tcp.o [1]
  .rodata            const     0x803'52d4      0x28  tcp.o [1]
  .rodata            const     0x803'52fc      0x28  tcp.o [1]
  .rodata            const     0x803'5324      0x28  tcp.o [1]
  .rodata            const     0x803'534c      0x28  tcp_in.o [1]
  .rodata            const     0x803'5374      0x28  tcp_in.o [1]
  .rodata            const     0x803'539c      0x28  tcp_in.o [1]
  .rodata            const     0x803'53c4      0x28  tcp_in.o [1]
  .rodata            const     0x803'53ec      0x28  tcp_in.o [1]
  .rodata            const     0x803'5414      0x28  tcp_out.o [1]
  .rodata            const     0x803'543c      0x28  tcp_out.o [1]
  .rodata            const     0x803'5464      0x28  tcp_out.o [1]
  .rodata            const     0x803'548c      0x28  tcpip.o [1]
  .rodata            const     0x803'54b4      0x28  timeouts.o [1]
  .rodata            const     0x803'54dc      0x28  udp.o [1]
  .text              ro code   0x803'5504      0x28  data_init.o [4]
  .rodata            const     0x803'552c      0x24  api_lib.o [1]
  .rodata            const     0x803'5550      0x24  api_lib.o [1]
  .rodata            const     0x803'5574      0x24  api_lib.o [1]
  .rodata            const     0x803'5598      0x24  api_msg.o [1]
  .rodata            const     0x803'55bc      0x24  api_msg.o [1]
  .rodata            const     0x803'55e0      0x24  api_msg.o [1]
  .rodata            const     0x803'5604      0x24  api_msg.o [1]
  .rodata            const     0x803'5628      0x24  dhcp.o [1]
  .rodata            const     0x803'564c      0x24  dhcp.o [1]
  .rodata            const     0x803'5670      0x24  dhcp.o [1]
  .rodata            const     0x803'5694      0x24  etharp.o [1]
  .rodata            const     0x803'56b8      0x24  html_page.o [1]
  .rodata            const     0x803'56dc      0x24  html_page.o [1]
  .rodata            const     0x803'5700      0x24  html_page.o [1]
  .rodata            const     0x803'5724      0x24  html_page.o [1]
  .rodata            const     0x803'5748      0x24  html_page.o [1]
  .rodata            const     0x803'576c      0x24  html_page.o [1]
  .rodata            const     0x803'5790      0x24  html_page.o [1]
  .rodata            const     0x803'57b4      0x24  html_page.o [1]
  .rodata            const     0x803'57d8      0x24  html_page.o [1]
  .rodata            const     0x803'57fc      0x24  html_page.o [1]
  .rodata            const     0x803'5820      0x24  html_page.o [1]
  .rodata            const     0x803'5844      0x24  html_page.o [1]
  .rodata            const     0x803'5868      0x24  html_page.o [1]
  .rodata            const     0x803'588c      0x24  html_page.o [1]
  .rodata            const     0x803'58b0      0x24  ip4_frag.o [1]
  .rodata            const     0x803'58d4      0x24  LOGS.o [1]
  .rodata            const     0x803'58f8      0x24  mem.o [1]
  .rodata            const     0x803'591c      0x24  mem.o [1]
  .rodata            const     0x803'5940      0x24  memp.o [1]
  .rodata            const     0x803'5964      0x24  netbuf.o [1]
  .rodata            const     0x803'5988      0x24  pbuf.o [1]
  .rodata            const     0x803'59ac      0x24  pbuf.o [1]
  .rodata            const     0x803'59d0      0x24  pbuf.o [1]
  .rodata            const     0x803'59f4      0x24  snmp_core.o [1]
  .rodata            const     0x803'5a18      0x24  snmp_mib2_system.o [1]
  .rodata            const     0x803'5a3c      0x24  sockets.o [1]
  .rodata            const     0x803'5a60      0x24  tcp.o [1]
  .rodata            const     0x803'5a84      0x24  tcp.o [1]
  .rodata            const     0x803'5aa8      0x24  tcpip.o [1]
  .rodata            const     0x803'5acc      0x24  tcpip.o [1]
  .iar.init_table    const     0x803'5af0      0x20  - Linker created -
  .rodata            const     0x803'5b10      0x20  api_lib.o [1]
  .rodata            const     0x803'5b30      0x20  api_lib.o [1]
  .rodata            const     0x803'5b50      0x20  api_lib.o [1]
  .rodata            const     0x803'5b70      0x20  api_lib.o [1]
  .rodata            const     0x803'5b90      0x20  api_lib.o [1]
  .rodata            const     0x803'5bb0      0x20  api_lib.o [1]
  .rodata            const     0x803'5bd0      0x20  api_lib.o [1]
  .rodata            const     0x803'5bf0      0x20  api_lib.o [1]
  .rodata            const     0x803'5c10      0x20  api_lib.o [1]
  .rodata            const     0x803'5c30      0x20  api_msg.o [1]
  .rodata            const     0x803'5c50      0x20  api_msg.o [1]
  .rodata            const     0x803'5c70      0x20  api_msg.o [1]
  .rodata            const     0x803'5c90      0x20  api_msg.o [1]
  .rodata            const     0x803'5cb0      0x20  api_msg.o [1]
  .rodata            const     0x803'5cd0      0x20  api_msg.o [1]
  .rodata            const     0x803'5cf0      0x20  api_msg.o [1]
  .rodata            const     0x803'5d10      0x20  api_msg.o [1]
  .rodata            const     0x803'5d30      0x20  api_msg.o [1]
  .rodata            const     0x803'5d50      0x20  api_msg.o [1]
  .rodata            const     0x803'5d70      0x20  dhcp.o [1]
  .rodata            const     0x803'5d90      0x20  dhcp.o [1]
  .rodata            const     0x803'5db0      0x20  dhcp.o [1]
  .rodata            const     0x803'5dd0      0x20  dns.o [1]
  .rodata            const     0x803'5df0      0x20  html_page.o [1]
  .rodata            const     0x803'5e10      0x20  html_page.o [1]
  .rodata            const     0x803'5e30      0x20  html_page.o [1]
  .rodata            const     0x803'5e50      0x20  html_page.o [1]
  .rodata            const     0x803'5e70      0x20  html_page.o [1]
  .rodata            const     0x803'5e90      0x20  html_page.o [1]
  .rodata            const     0x803'5eb0      0x20  html_page.o [1]
  .rodata            const     0x803'5ed0      0x20  html_page.o [1]
  .rodata            const     0x803'5ef0      0x20  html_page.o [1]
  .rodata            const     0x803'5f10      0x20  html_page.o [1]
  .rodata            const     0x803'5f30      0x20  html_page.o [1]
  .rodata            const     0x803'5f50      0x20  html_page.o [1]
  .rodata            const     0x803'5f70      0x20  html_page.o [1]
  .rodata            const     0x803'5f90      0x20  html_page.o [1]
  .rodata            const     0x803'5fb0      0x20  httpserver-netconn.o [1]
  .rodata            const     0x803'5fd0      0x20  httpserver-netconn.o [1]
  .rodata            const     0x803'5ff0      0x20  ip4_frag.o [1]
  .rodata            const     0x803'6010      0x20  ip4_frag.o [1]
  .rodata            const     0x803'6030      0x20  ip4_frag.o [1]
  .rodata            const     0x803'6050      0x20  mem.o [1]
  .rodata            const     0x803'6070      0x20  memp.o [1]
  .rodata            const     0x803'6090      0x20  memp.o [1]
  .rodata            const     0x803'60b0      0x20  netbuf.o [1]
  .rodata            const     0x803'60d0      0x20  pbuf.o [1]
  .rodata            const     0x803'60f0      0x20  pbuf.o [1]
  .rodata            const     0x803'6110      0x20  pbuf.o [1]
  .rodata            const     0x803'6130      0x20  snmp_core.o [1]
  .rodata            const     0x803'6150      0x20  snmp_core.o [1]
  .rodata            const     0x803'6170      0x20  snmp_core.o [1]
  .rodata            const     0x803'6190      0x20  snmp_core.o [1]
  .rodata            const     0x803'61b0      0x20  snmp_core.o [1]
  .rodata            const     0x803'61d0      0x20  sockets.o [1]
  .rodata            const     0x803'61f0      0x20  tcp.o [1]
  .rodata            const     0x803'6210      0x20  tcp_in.o [1]
  .rodata            const     0x803'6230      0x20  tcp_in.o [1]
  .rodata            const     0x803'6250      0x20  tcp_in.o [1]
  .rodata            const     0x803'6270      0x20  tcp_in.o [1]
  .rodata            const     0x803'6290      0x20  tcp_in.o [1]
  .rodata            const     0x803'62b0      0x20  tcp_out.o [1]
  .rodata            const     0x803'62d0      0x20  tcp_out.o [1]
  .rodata            const     0x803'62f0      0x20  tcp_out.o [1]
  .rodata            const     0x803'6310      0x20  tcpip.o [1]
  .text              ro code   0x803'6330      0x20  snmp_mib2.o [1]
  .text              ro code   0x803'6350      0x1e  cmain.o [4]
  .text              ro code   0x803'636e       0x4  low_level_init.o [2]
  .text              ro code   0x803'6372       0x4  exit.o [2]
  .text              ro code   0x803'6378       0xe  cexit.o [4]
  .rodata            const     0x803'6388      0x1c  api_lib.o [1]
  .rodata            const     0x803'63a4      0x1c  api_lib.o [1]
  .rodata            const     0x803'63c0      0x1c  api_lib.o [1]
  .rodata            const     0x803'63dc      0x1c  api_lib.o [1]
  .rodata            const     0x803'63f8      0x1c  api_lib.o [1]
  .rodata            const     0x803'6414      0x1c  api_lib.o [1]
  .rodata            const     0x803'6430      0x1c  api_msg.o [1]
  .rodata            const     0x803'644c      0x1c  api_msg.o [1]
  .rodata            const     0x803'6468      0x1c  api_msg.o [1]
  .rodata            const     0x803'6484      0x1c  api_msg.o [1]
  .rodata            const     0x803'64a0      0x1c  dhcp.o [1]
  .rodata            const     0x803'64bc      0x1c  dhcp.o [1]
  .rodata            const     0x803'64d8      0x1c  dhcp.o [1]
  .rodata            const     0x803'64f4      0x1c  dns.o [1]
  .rodata            const     0x803'6510      0x1c  etharp.o [1]
  .rodata            const     0x803'652c      0x1c  ethernetif.o [1]
  .rodata            const     0x803'6548      0x1c  html_page.o [1]
  .rodata            const     0x803'6564      0x1c  html_page.o [1]
  .rodata            const     0x803'6580      0x1c  html_page.o [1]
  .rodata            const     0x803'659c      0x1c  html_page.o [1]
  .rodata            const     0x803'65b8      0x1c  html_page.o [1]
  .rodata            const     0x803'65d4      0x1c  html_page.o [1]
  .rodata            const     0x803'65f0      0x1c  html_page.o [1]
  .rodata            const     0x803'660c      0x1c  html_page.o [1]
  .rodata            const     0x803'6628      0x1c  html_page.o [1]
  .rodata            const     0x803'6644      0x1c  html_page.o [1]
  .rodata            const     0x803'6660      0x1c  html_page.o [1]
  .rodata            const     0x803'667c      0x1c  html_page.o [1]
  .rodata            const     0x803'6698      0x1c  html_page.o [1]
  .rodata            const     0x803'66b4      0x1c  html_page.o [1]
  .rodata            const     0x803'66d0      0x1c  html_page.o [1]
  .rodata            const     0x803'66ec      0x1c  html_page.o [1]
  .rodata            const     0x803'6708      0x1c  html_page.o [1]
  .rodata            const     0x803'6724      0x1c  html_page.o [1]
  .rodata            const     0x803'6740      0x1c  httpserver-netconn.o [1]
  .rodata            const     0x803'675c      0x1c  httpserver-netconn.o [1]
  .rodata            const     0x803'6778      0x1c  httpserver-netconn.o [1]
  .rodata            const     0x803'6794      0x1c  ip4_frag.o [1]
  .rodata            const     0x803'67b0      0x1c  ip4_frag.o [1]
  .rodata            const     0x803'67cc      0x1c  ip4_frag.o [1]
  .rodata            const     0x803'67e8      0x1c  lwip.o [1]
  .rodata            const     0x803'6804      0x1c  main.o [1]
  .rodata            const     0x803'6820      0x1c  main.o [1]
  .rodata            const     0x803'683c      0x1c  main.o [1]
  .rodata            const     0x803'6858      0x1c  main.o [1]
  .rodata            const     0x803'6874      0x1c  main.o [1]
  .rodata            const     0x803'6890      0x1c  main.o [1]
  .rodata            const     0x803'68ac      0x1c  mem.o [1]
  .rodata            const     0x803'68c8      0x1c  mem.o [1]
  .rodata            const     0x803'68e4      0x1c  mem.o [1]
  .rodata            const     0x803'6900      0x1c  mem.o [1]
  .rodata            const     0x803'691c      0x1c  memp.o [1]
  .rodata            const     0x803'6938      0x1c  netbuf.o [1]
  .rodata            const     0x803'6954      0x1c  netbuf.o [1]
  .rodata            const     0x803'6970      0x1c  netbuf.o [1]
  .rodata            const     0x803'698c      0x1c  netbuf.o [1]
  .rodata            const     0x803'69a8      0x1c  pbuf.o [1]
  .rodata            const     0x803'69c4      0x1c  pbuf.o [1]
  .rodata            const     0x803'69e0      0x1c  pbuf.o [1]
  .rodata            const     0x803'69fc      0x1c  pbuf.o [1]
  .rodata            const     0x803'6a18      0x1c  pbuf.o [1]
  .rodata            const     0x803'6a34      0x1c  pbuf.o [1]
  .rodata            const     0x803'6a50      0x1c  smtp.o [1]
  .rodata            const     0x803'6a6c      0x1c  smtp.o [1]
  .rodata            const     0x803'6a88      0x1c  smtp.o [1]
  .rodata            const     0x803'6aa4      0x1c  snmp_mib2.o [1]
  .rodata            const     0x803'6ac0      0x1c  snmp_netconn.o [1]
  .rodata            const     0x803'6adc      0x1c  snmp_threadsync.o [1]
  .rodata            const     0x803'6af8      0x1c  tcp.o [1]
  .rodata            const     0x803'6b14      0x1c  tcp.o [1]
  .rodata            const     0x803'6b30      0x1c  tcp.o [1]
  .rodata            const     0x803'6b4c      0x1c  tcp_in.o [1]
  .rodata            const     0x803'6b68      0x1c  tcp_in.o [1]
  .rodata            const     0x803'6b84      0x18  api_lib.o [1]
  .rodata            const     0x803'6b9c      0x18  api_msg.o [1]
  .rodata            const     0x803'6bb4      0x18  api_msg.o [1]
  .rodata            const     0x803'6bcc      0x18  api_msg.o [1]
  .rodata            const     0x803'6be4      0x18  dhcp.o [1]
  .rodata            const     0x803'6bfc      0x18  dhcp.o [1]
  .rodata            const     0x803'6c14      0x18  dhcp.o [1]
  .rodata            const     0x803'6c2c      0x18  dhcp.o [1]
  .rodata            const     0x803'6c44      0x18  dns.o [1]
  .rodata            const     0x803'6c5c      0x18  etharp.o [1]
  .rodata            const     0x803'6c74      0x18  html_page.o [1]
  .rodata            const     0x803'6c8c      0x18  html_page.o [1]
  .rodata            const     0x803'6ca4      0x18  html_page.o [1]
  .rodata            const     0x803'6cbc      0x18  html_page.o [1]
  .rodata            const     0x803'6cd4      0x18  html_page.o [1]
  .rodata            const     0x803'6cec      0x18  html_page.o [1]
  .rodata            const     0x803'6d04      0x18  html_page.o [1]
  .rodata            const     0x803'6d1c      0x18  html_page.o [1]
  .rodata            const     0x803'6d34      0x18  html_page.o [1]
  .rodata            const     0x803'6d4c      0x18  html_page.o [1]
  .rodata            const     0x803'6d64      0x18  html_page.o [1]
  .rodata            const     0x803'6d7c      0x18  html_page.o [1]
  .rodata            const     0x803'6d94      0x18  html_page.o [1]
  .rodata            const     0x803'6dac      0x18  httpserver-netconn.o [1]
  .rodata            const     0x803'6dc4      0x18  httpserver-netconn.o [1]
  .rodata            const     0x803'6ddc      0x18  httpserver-netconn.o [1]
  .rodata            const     0x803'6df4      0x18  httpserver-netconn.o [1]
  .rodata            const     0x803'6e0c      0x18  mem.o [1]
  .rodata            const     0x803'6e24      0x18  mem.o [1]
  .rodata            const     0x803'6e3c      0x18  mem.o [1]
  .rodata            const     0x803'6e54      0x18  netbuf.o [1]
  .rodata            const     0x803'6e6c      0x18  netif.o [1]
  .rodata            const     0x803'6e84      0x18  pbuf.o [1]
  .rodata            const     0x803'6e9c      0x18  pbuf.o [1]
  .rodata            const     0x803'6eb4      0x18  pbuf.o [1]
  .rodata            const     0x803'6ecc      0x18  pbuf.o [1]
  .rodata            const     0x803'6ee4      0x18  pbuf.o [1]
  .rodata            const     0x803'6efc      0x18  pbuf.o [1]
  .rodata            const     0x803'6f14      0x18  pbuf.o [1]
  .rodata            const     0x803'6f2c      0x18  pbuf.o [1]
  .rodata            const     0x803'6f44      0x18  ping.o [1]
  .rodata            const     0x803'6f5c      0x18  smtp.o [1]
  .rodata            const     0x803'6f74      0x18  smtp.o [1]
  .rodata            const     0x803'6f8c      0x18  snmp_msg.o [1]
  .rodata            const     0x803'6fa4      0x18  snmp_threadsync.o [1]
  .rodata            const     0x803'6fbc      0x18  tcp.o [1]
  .rodata            const     0x803'6fd4      0x18  tcp.o [1]
  .rodata            const     0x803'6fec      0x18  tcp.o [1]
  .rodata            const     0x803'7004      0x18  tcp_in.o [1]
  .rodata            const     0x803'701c      0x18  tcp_out.o [1]
  .rodata            const     0x803'7034      0x18  tcp_out.o [1]
  .rodata            const     0x803'704c      0x18  tcp_out.o [1]
  .rodata            const     0x803'7064      0x18  tcp_out.o [1]
  .text              ro code   0x803'707c      0x16  xprout.o [2]
  .text              ro code   0x803'7094       0xc  putchar.o [2]
  .rodata            const     0x803'70a0      0x14  api_msg.o [1]
  .rodata            const     0x803'70b4      0x14  api_msg.o [1]
  .rodata            const     0x803'70c8      0x14  api_msg.o [1]
  .rodata            const     0x803'70dc      0x14  dhcp.o [1]
  .rodata            const     0x803'70f0      0x14  dhcp.o [1]
  .rodata            const     0x803'7104      0x14  dhcp.o [1]
  .rodata            const     0x803'7118      0x14  dhcp.o [1]
  .rodata            const     0x803'712c      0x14  dhcp.o [1]
  .rodata            const     0x803'7140      0x14  etharp.o [1]
  .rodata            const     0x803'7154      0x14  flash_if.o [1]
  .rodata            const     0x803'7168      0x14  fs.o [1]
  .rodata            const     0x803'717c      0x14  fs.o [1]
  .rodata            const     0x803'7190      0x14  html_page.o [1]
  .rodata            const     0x803'71a4      0x14  html_page.o [1]
  .rodata            const     0x803'71b8      0x14  html_page.o [1]
  .rodata            const     0x803'71cc      0x14  html_page.o [1]
  .rodata            const     0x803'71e0      0x14  html_page.o [1]
  .rodata            const     0x803'71f4      0x14  html_page.o [1]
  .rodata            const     0x803'7208      0x14  html_page.o [1]
  .rodata            const     0x803'721c      0x14  html_page.o [1]
  .rodata            const     0x803'7230      0x14  html_page.o [1]
  .rodata            const     0x803'7244      0x14  html_page.o [1]
  .rodata            const     0x803'7258      0x14  html_page.o [1]
  .rodata            const     0x803'726c      0x14  html_page.o [1]
  .rodata            const     0x803'7280      0x14  html_page.o [1]
  .rodata            const     0x803'7294      0x14  html_page.o [1]
  .rodata            const     0x803'72a8      0x14  html_page.o [1]
  .rodata            const     0x803'72bc      0x14  html_page.o [1]
  .rodata            const     0x803'72d0      0x14  html_page.o [1]
  .rodata            const     0x803'72e4      0x14  html_page.o [1]
  .rodata            const     0x803'72f8      0x14  html_page.o [1]
  .rodata            const     0x803'730c      0x14  html_page.o [1]
  .rodata            const     0x803'7320      0x14  html_page.o [1]
  .rodata            const     0x803'7334      0x14  html_page.o [1]
  .rodata            const     0x803'7348      0x14  html_page.o [1]
  .rodata            const     0x803'735c      0x14  httpserver-netconn.o [1]
  .rodata            const     0x803'7370      0x14  httpserver-netconn.o [1]
  .rodata            const     0x803'7384      0x14  httpserver-netconn.o [1]
  .rodata            const     0x803'7398      0x14  httpserver-netconn.o [1]
  .rodata            const     0x803'73ac      0x14  httpserver-netconn.o [1]
  .rodata            const     0x803'73c0      0x14  httpserver-netconn.o [1]
  .rodata            const     0x803'73d4      0x14  httpserver-netconn.o [1]
  .rodata            const     0x803'73e8      0x14  httpserver-netconn.o [1]
  .rodata            const     0x803'73fc      0x14  httpserver-netconn.o [1]
  .rodata            const     0x803'7410      0x14  httpserver-netconn.o [1]
  .rodata            const     0x803'7424      0x14  httpserver-netconn.o [1]
  .rodata            const     0x803'7438      0x14  httpserver-netconn.o [1]
  .rodata            const     0x803'744c      0x14  httpserver-netconn.o [1]
  .rodata            const     0x803'7460      0x14  httpserver-netconn.o [1]
  .rodata            const     0x803'7474      0x14  httpserver-netconn.o [1]
  .rodata            const     0x803'7488      0x14  httpserver-netconn.o [1]
  .rodata            const     0x803'749c      0x14  httpserver-netconn.o [1]
  .rodata            const     0x803'74b0      0x14  httpserver-netconn.o [1]
  .rodata            const     0x803'74c4      0x14  httpserver-netconn.o [1]
  .rodata            const     0x803'74d8      0x14  httpserver-netconn.o [1]
  .rodata            const     0x803'74ec      0x14  httpserver-netconn.o [1]
  .rodata            const     0x803'7500      0x14  httpserver-netconn.o [1]
  .rodata            const     0x803'7514      0x14  ip4_frag.o [1]
  .rodata            const     0x803'7528      0x14  mem.o [1]
  .rodata            const     0x803'753c      0x14  pbuf.o [1]
  .rodata            const     0x803'7550      0x14  pbuf.o [1]
  .rodata            const     0x803'7564      0x14  pbuf.o [1]
  .rodata            const     0x803'7578      0x14  smtp.o [1]
  .rodata            const     0x803'758c      0x14  smtp.o [1]
  .rodata            const     0x803'75a0      0x14  tcp_in.o [1]
  .rodata            const     0x803'75b4      0x14  tcp_in.o [1]
  .rodata            const     0x803'75c8      0x14  tcp_out.o [1]
  .rodata            const     0x803'75dc      0x14  tcp_out.o [1]
  .rodata            const     0x803'75f0      0x14  udp.o [1]
  .rodata            const     0x803'7604      0x10  api_msg.o [1]
  .rodata            const     0x803'7614      0x10  api_msg.o [1]
  .rodata            const     0x803'7624      0x10  api_msg.o [1]
  .rodata            const     0x803'7634      0x10  app.o [1]
  .rodata            const     0x803'7644      0x10  dhcp.o [1]
  .rodata            const     0x803'7654      0x10  dhcp.o [1]
  .rodata            const     0x803'7664      0x10  etharp.o [1]
  .rodata            const     0x803'7674      0x10  etharp.o [1]
  .rodata            const     0x803'7684      0x10  ethernetif.o [1]
  .rodata            const     0x803'7694      0x10  flash_if.o [1]
  .rodata            const     0x803'76a4      0x10  flash_if.o [1]
  .rodata            const     0x803'76b4      0x10  flash_if.o [1]
  .rodata            const     0x803'76c4      0x10  html_page.o [1]
  .rodata            const     0x803'76d4      0x10  html_page.o [1]
  .rodata            const     0x803'76e4      0x10  html_page.o [1]
  .rodata            const     0x803'76f4      0x10  html_page.o [1]
  .rodata            const     0x803'7704      0x10  html_page.o [1]
  .rodata            const     0x803'7714      0x10  html_page.o [1]
  .rodata            const     0x803'7724      0x10  html_page.o [1]
  .rodata            const     0x803'7734      0x10  html_page.o [1]
  .rodata            const     0x803'7744      0x10  html_page.o [1]
  .rodata            const     0x803'7754      0x10  html_page.o [1]
  .rodata            const     0x803'7764      0x10  html_page.o [1]
  .rodata            const     0x803'7774      0x10  html_page.o [1]
  .rodata            const     0x803'7784      0x10  html_page.o [1]
  .rodata            const     0x803'7794      0x10  html_page.o [1]
  .rodata            const     0x803'77a4      0x10  html_page.o [1]
  .rodata            const     0x803'77b4      0x10  html_page.o [1]
  .rodata            const     0x803'77c4      0x10  html_page.o [1]
  .rodata            const     0x803'77d4      0x10  html_page.o [1]
  .rodata            const     0x803'77e4      0x10  html_page.o [1]
  .rodata            const     0x803'77f4      0x10  html_page.o [1]
  .rodata            const     0x803'7804      0x10  html_page.o [1]
  .rodata            const     0x803'7814      0x10  html_page.o [1]
  .rodata            const     0x803'7824      0x10  html_page.o [1]
  .rodata            const     0x803'7834      0x10  html_page.o [1]
  .rodata            const     0x803'7844      0x10  html_page.o [1]
  .rodata            const     0x803'7854      0x10  html_page.o [1]
  .rodata            const     0x803'7864      0x10  html_page.o [1]
  .rodata            const     0x803'7874      0x10  html_page.o [1]
  .rodata            const     0x803'7884      0x10  html_page.o [1]
  .rodata            const     0x803'7894      0x10  html_page.o [1]
  .rodata            const     0x803'78a4      0x10  html_page.o [1]
  .rodata            const     0x803'78b4      0x10  html_page.o [1]
  .rodata            const     0x803'78c4      0x10  html_page.o [1]
  .rodata            const     0x803'78d4      0x10  html_page.o [1]
  .rodata            const     0x803'78e4      0x10  httpserver-netconn.o [1]
  .rodata            const     0x803'78f4      0x10  httpserver-netconn.o [1]
  .rodata            const     0x803'7904      0x10  httpserver-netconn.o [1]
  .rodata            const     0x803'7914      0x10  httpserver-netconn.o [1]
  .rodata            const     0x803'7924      0x10  httpserver-netconn.o [1]
  .rodata            const     0x803'7934      0x10  httpserver-netconn.o [1]
  .rodata            const     0x803'7944      0x10  httpserver-netconn.o [1]
  .rodata            const     0x803'7954      0x10  httpserver-netconn.o [1]
  .rodata            const     0x803'7964      0x10  httpserver-netconn.o [1]
  .rodata            const     0x803'7974      0x10  httpserver-netconn.o [1]
  .rodata            const     0x803'7984      0x10  httpserver-netconn.o [1]
  .rodata            const     0x803'7994      0x10  httpserver-netconn.o [1]
  .rodata            const     0x803'79a4      0x10  httpserver-netconn.o [1]
  .rodata            const     0x803'79b4      0x10  httpserver-netconn.o [1]
  .rodata            const     0x803'79c4      0x10  httpserver-netconn.o [1]
  .rodata            const     0x803'79d4      0x10  httpserver-netconn.o [1]
  .rodata            const     0x803'79e4      0x10  httpserver-netconn.o [1]
  .rodata            const     0x803'79f4      0x10  httpserver-netconn.o [1]
  .rodata            const     0x803'7a04      0x10  httpserver-netconn.o [1]
  .rodata            const     0x803'7a14      0x10  httpserver-netconn.o [1]
  .rodata            const     0x803'7a24      0x10  httpserver-netconn.o [1]
  .rodata            const     0x803'7a34      0x10  httpserver-netconn.o [1]
  .rodata            const     0x803'7a44      0x10  httpserver-netconn.o [1]
  .rodata            const     0x803'7a54      0x10  httpserver-netconn.o [1]
  .rodata            const     0x803'7a64      0x10  httpserver-netconn.o [1]
  .rodata            const     0x803'7a74      0x10  httpserver-netconn.o [1]
  .rodata            const     0x803'7a84      0x10  httpserver-netconn.o [1]
  .rodata            const     0x803'7a94      0x10  httpserver-netconn.o [1]
  .rodata            const     0x803'7aa4      0x10  httpserver-netconn.o [1]
  .rodata            const     0x803'7ab4      0x10  httpserver-netconn.o [1]
  .rodata            const     0x803'7ac4      0x10  ip4_frag.o [1]
  .rodata            const     0x803'7ad4      0x10  main.o [1]
  .rodata            const     0x803'7ae4      0x10  memp.o [1]
  .rodata            const     0x803'7af4      0x10  memp.o [1]
  .rodata            const     0x803'7b04      0x10  memp.o [1]
  .rodata            const     0x803'7b14      0x10  memp.o [1]
  .rodata            const     0x803'7b24      0x10  memp.o [1]
  .rodata            const     0x803'7b34      0x10  memp.o [1]
  .rodata            const     0x803'7b44      0x10  memp.o [1]
  .rodata            const     0x803'7b54      0x10  memp.o [1]
  .rodata            const     0x803'7b64      0x10  memp.o [1]
  .rodata            const     0x803'7b74      0x10  memp.o [1]
[...]
snmp_traps_handle       0x2000'85f8     0x4  Data  Gb  snmp_traps.o [1]
snmp_varbind_length      0x802'6087   0x12c  Code  Gb  snmp_msg.o [1]
snmp_vb_enumerator_get_next
                         0x802'6699   0x2b0  Code  Gb  snmp_msg.o [1]
snmp_vb_enumerator_init
                         0x802'6685    0x14  Code  Gb  snmp_msg.o [1]
snmp_write_callback     0x2000'85f0     0x4  Data  Gb  snmp_msg.o [1]
snmp_write_callback_arg
                        0x2000'85f4     0x4  Data  Gb  snmp_msg.o [1]
sockets                 0x2000'7acc    0xa0  Data  Lc  sockets.o [1]
sprintf                  0x800'd5d5    0x40  Code  Gb  sprintf.o [2]
start_time              0x2000'83dc     0xc  Data  Gb  flash_if.o [1]
stats_init               0x801'e3c1     0x2  Code  Gb  stats.o [1]
status_NTP_activ        0x2000'86d8     0x1  Data  Gb  flash_if.o [1]
strcat                   0x800'd75b    0x1e  Code  Gb  strcat.o [2]
strchr                   0x801'0b0d          Code  Gb  strchr.o [4]
strcmp                   0x802'53b1          Code  Gb  strcmp.o [4]
strcpy                   0x802'a5a1          Code  Gb  strcpy.o [4]
strlen                   0x800'd779          Code  Gb  strlen.o [4]
strncmp                  0x802'523d    0x28  Code  Gb  strncmp.o [2]
strstr                   0x802'a649    0x2c  Code  Gb  strstr.o [2]
strtol                   0x802'a645     0x4  Code  Gb  iar_Stolx.o [2]
swich_mess_event         0x800'7151   0x21e  Code  Gb  html_page.o [1]
swich_mess_event_en      0x800'736f   0x20e  Code  Gb  html_page.o [1]
sys_arch_mbox_fetch      0x801'6275    0x50  Code  Gb  sys_arch.o [1]
sys_arch_mbox_tryfetch   0x801'62c5    0x24  Code  Gb  sys_arch.o [1]
sys_arch_protect         0x801'6483    0x12  Code  Gb  sys_arch.o [1]
sys_arch_sem_wait        0x801'6361    0x44  Code  Gb  sys_arch.o [1]
sys_arch_unprotect       0x801'6495     0xc  Code  Gb  sys_arch.o [1]
sys_check_timeouts       0x801'80d5    0x68  Code  Lc  timeouts.o [1]
sys_init                 0x801'63d9     0xe  Code  Gb  sys_arch.o [1]
sys_mbox_free            0x801'6209    0x2e  Code  Gb  sys_arch.o [1]
sys_mbox_new             0x801'61b9    0x50  Code  Gb  sys_arch.o [1]
sys_mbox_post            0x801'6237    0x18  Code  Gb  sys_arch.o [1]
sys_mbox_set_invalid     0x801'62f7     0x6  Code  Gb  sys_arch.o [1]
sys_mbox_trypost         0x801'624f    0x26  Code  Gb  sys_arch.o [1]
sys_mbox_valid           0x801'62e9     0xe  Code  Gb  sys_arch.o [1]
sys_mutex_lock           0x801'6439     0xe  Code  Gb  sys_arch.o [1]
sys_mutex_new            0x801'63e7    0x52  Code  Gb  sys_arch.o [1]
sys_mutex_unlock         0x801'6447     0xa  Code  Gb  sys_arch.o [1]
sys_now                  0x801'446d     0x8  Code  Gb  ethernetif.o [1]
sys_sem_free             0x801'63af    0x16  Code  Gb  sys_arch.o [1]
sys_sem_new              0x801'62fd    0x64  Code  Gb  sys_arch.o [1]
sys_sem_set_invalid      0x801'63d3     0x6  Code  Gb  sys_arch.o [1]
sys_sem_signal           0x801'63a5     0xa  Code  Gb  sys_arch.o [1]
sys_sem_valid            0x801'63c5     0xe  Code  Gb  sys_arch.o [1]
sys_thread_new           0x801'6451    0x32  Code  Gb  sys_arch.o [1]
sys_timeout              0x801'8015    0xc0  Code  Gb  timeouts.o [1]
sys_timeouts_init        0x801'7fef    0x26  Code  Gb  timeouts.o [1]
sys_timeouts_mbox_fetch
                         0x801'816d    0x3a  Code  Gb  timeouts.o [1]
sys_timeouts_sleeptime   0x801'813d    0x30  Code  Lc  timeouts.o [1]
syscontact              0x2000'009c     0x4  Data  Lc  snmp_mib2_system.o [1]
syscontact_bufsize      0x2000'86b8     0x2  Data  Lc  snmp_mib2_system.o [1]
syscontact_default       0x801'0c5a     0x1  Data  Lc  snmp_mib2_system.o [1]
syscontact_len          0x2000'85d0     0x4  Data  Lc  snmp_mib2_system.o [1]
syscontact_wr           0x2000'85d4     0x4  Data  Lc  snmp_mib2_system.o [1]
syscontact_wr_len       0x2000'85d8     0x4  Data  Lc  snmp_mib2_system.o [1]
sysdescr                0x2000'0098     0x4  Data  Lc  snmp_mib2_system.o [1]
sysdescr_default         0x803'8504     0x8  Data  Lc  snmp_mib2_system.o [1]
sysdescr_len            0x2000'85cc     0x4  Data  Lc  snmp_mib2_system.o [1]
syslocation             0x2000'00a0     0x4  Data  Lc  snmp_mib2_system.o [1]
syslocation_bufsize     0x2000'86bc     0x2  Data  Lc  snmp_mib2_system.o [1]
syslocation_default      0x801'0c5b     0x1  Data  Lc  snmp_mib2_system.o [1]
syslocation_len         0x2000'85e4     0x4  Data  Lc  snmp_mib2_system.o [1]
syslocation_wr          0x2000'85e8     0x4  Data  Lc  snmp_mib2_system.o [1]
syslocation_wr_len      0x2000'85ec     0x4  Data  Lc  snmp_mib2_system.o [1]
syslog_init              0x801'0683    0x3e  Code  Gb  syslog.o [1]
syslog_message          0x2000'757c   0x100  Data  Lc  syslog.o [1]
syslog_printf            0x801'05d5    0xae  Code  Gb  syslog.o [1]
sysname_bufsize         0x2000'86ba     0x2  Data  Lc  snmp_mib2_system.o [1]
sysname_wr              0x2000'85dc     0x4  Data  Lc  snmp_mib2_system.o [1]
sysname_wr_len          0x2000'85e0     0x4  Data  Lc  snmp_mib2_system.o [1]
system_get_value         0x802'c6df   0x1e0  Code  Lc  snmp_mib2_system.o [1]
system_nodes             0x803'1b40    0x58  Data  Lc  snmp_mib2_system.o [1]
system_set_test          0x802'c8bf    0x5c  Code  Lc  snmp_mib2_system.o [1]
system_set_value         0x802'c921    0x6a  Code  Lc  snmp_mib2_system.o [1]
tcp_abandon              0x801'8543    0xf4  Code  Gb  tcp.o [1]
tcp_abort                0x801'8637     0xa  Code  Gb  tcp.o [1]
tcp_accept               0x801'92b1     0xe  Code  Gb  tcp.o [1]
tcp_accept_null          0x801'870d     0xe  Code  Lc  tcp.o [1]
tcp_active_pcbs         0x2000'8660     0x4  Data  Gb  tcp.o [1]
tcp_active_pcbs_changed
                        0x2000'86e6     0x1  Data  Gb  tcp.o [1]
tcp_alloc                0x801'9119   0x10e  Code  Gb  tcp.o [1]
tcp_arg                  0x801'9237     0x8  Code  Gb  tcp.o [1]
tcp_backoff              0x803'7d24    0x10  Data  Lc  tcp.o [1]
tcp_bind                 0x801'8641    0xcc  Code  Gb  tcp.o [1]
tcp_bound_pcbs          0x2000'8658     0x4  Data  Gb  tcp.o [1]
tcp_close                0x801'84c7    0x18  Code  Gb  tcp.o [1]
tcp_close_shutdown       0x801'82a9   0x158  Code  Lc  tcp.o [1]
tcp_close_shutdown_fin   0x801'8401    0xc6  Code  Lc  tcp.o [1]
tcp_connect              0x801'8919   0x138  Code  Gb  tcp.o [1]
tcp_create_segment       0x801'9e89    0xfa  Code  Lc  tcp_out.o [1]
tcp_eff_send_mss_impl    0x801'93f9    0x38  Code  Gb  tcp.o [1]
tcp_enqueue_flags        0x801'a70d   0x1a0  Code  Gb  tcp_out.o [1]
tcp_err                  0x801'928d    0x24  Code  Gb  tcp.o [1]
tcp_fasttmr              0x801'8e8d    0x7a  Code  Gb  tcp.o [1]
tcp_getoptbyte           0x802'07ef    0x42  Code  Lc  tcp_in.o [1]
tcp_init                 0x801'8229     0x2  Code  Gb  tcp.o [1]
tcp_input                0x801'eeed   0x608  Code  Gb  tcp_in.o [1]
tcp_input_delayed_close
                         0x801'f4f5    0x42  Code  Lc  tcp_in.o [1]
tcp_input_pcb           0x2000'867c     0x4  Data  Gb  tcp_in.o [1]
tcp_keepalive            0x801'aec3    0x64  Code  Gb  tcp_out.o [1]
tcp_kill_prio            0x801'9025    0x4e  Code  Lc  tcp.o [1]
tcp_kill_state           0x801'9073    0x68  Code  Lc  tcp.o [1]
tcp_kill_timewait        0x801'90db    0x34  Code  Lc  tcp.o [1]
tcp_listen_closed        0x801'825b    0x4e  Code  Lc  tcp.o [1]
tcp_listen_input         0x801'f537   0x130  Code  Lc  tcp_in.o [1]
tcp_listen_pcbs         0x2000'865c     0x4  Data  Gb  tcp.o [1]
tcp_listen_with_backlog_and_err
                         0x801'871b    0xbe  Code  Gb  tcp.o [1]
tcp_netif_ip_addr_changed
                         0x801'9453    0x4a  Code  Gb  tcp.o [1]
tcp_netif_ip_addr_changed_pcblist
                         0x801'9431    0x22  Code  Lc  tcp.o [1]
tcp_new_ip_type          0x801'922d     0xa  Code  Gb  tcp.o [1]
tcp_new_port             0x801'88b7    0x62  Code  Lc  tcp.o [1]
tcp_next_iss             0x801'93e3    0x10  Code  Gb  tcp.o [1]
tcp_next_iss::iss       0x2000'00b8     0x4  Data  Lc  tcp.o [1]
tcp_oos_insert_segment   0x801'fc7d    0x8c  Code  Lc  tcp_in.o [1]
tcp_optidx              0x2000'86c2     0x2  Data  Lc  tcp_in.o [1]
tcp_output               0x801'a945   0x2ac  Code  Gb  tcp_out.o [1]
tcp_output_alloc_header
                         0x801'9d9d    0xa2  Code  Lc  tcp_out.o [1]
tcp_output_segment       0x801'abf9    0xde  Code  Lc  tcp_out.o [1]
tcp_parseopt             0x802'0831    0x8a  Code  Lc  tcp_in.o [1]
tcp_pbuf_prealloc        0x801'9f83    0x9c  Code  Lc  tcp_out.o [1]
tcp_pcb_lists            0x803'7d34    0x10  Data  Gb  tcp.o [1]
tcp_pcb_purge            0x801'92f5    0x52  Code  Gb  tcp.o [1]
tcp_pcb_remove           0x801'9347    0x9c  Code  Gb  tcp.o [1]
tcp_persist_backoff      0x803'854c     0x8  Data  Lc  tcp.o [1]
tcp_poll                 0x801'92bf    0x24  Code  Gb  tcp.o [1]
tcp_port                0x2000'023e     0x2  Data  Lc  tcp.o [1]
tcp_process              0x801'f70d   0x564  Code  Lc  tcp_in.o [1]
tcp_process_refused_data
                         0x801'8f11    0x94  Code  Gb  tcp.o [1]
tcp_receive              0x801'fd61   0xa8e  Code  Lc  tcp_in.o [1]
tcp_recv                 0x801'923f    0x24  Code  Gb  tcp.o [1]
tcp_recv_null            0x801'8fff    0x26  Code  Gb  tcp.o [1]
tcp_recved               0x801'883b    0x7c  Code  Gb  tcp.o [1]
tcp_remove_listener      0x801'8247    0x14  Code  Lc  tcp.o [1]
tcp_rexmit               0x801'ade5    0x6e  Code  Gb  tcp_out.o [1]
tcp_rexmit_fast          0x801'ae59    0x6a  Code  Gb  tcp_out.o [1]
tcp_rexmit_rto           0x801'ada9    0x3c  Code  Gb  tcp_out.o [1]
tcp_rst                  0x801'acdd    0xc2  Code  Gb  tcp_out.o [1]
tcp_seg_copy             0x801'8fd5    0x2a  Code  Gb  tcp.o [1]
tcp_seg_free             0x801'8fb7    0x1e  Code  Gb  tcp.o [1]
tcp_segs_free            0x801'8fa5    0x12  Code  Gb  tcp.o [1]
tcp_send_empty_ack       0x801'a8c5    0x80  Code  Gb  tcp_out.o [1]
tcp_send_fin             0x801'9e3f    0x4a  Code  Gb  tcp_out.o [1]
tcp_sent                 0x801'9263    0x22  Code  Gb  tcp.o [1]
tcp_shutdown             0x801'84df    0x64  Code  Gb  tcp.o [1]
tcp_slowtmr              0x801'8a7d   0x408  Code  Gb  tcp.o [1]
tcp_ticks               0x2000'8654     0x4  Data  Gb  tcp.o [1]
tcp_timer               0x2000'86e7     0x1  Data  Lc  tcp.o [1]
tcp_timer_ctr           0x2000'86e8     0x1  Data  Lc  tcp.o [1]
tcp_timer_needed         0x801'7faf    0x2a  Code  Gb  timeouts.o [1]
tcp_timewait_input       0x801'f667    0x84  Code  Lc  tcp_in.o [1]
tcp_tmr                  0x801'822b    0x1c  Code  Gb  tcp.o [1]
tcp_trigger_input_pcb_close
                         0x802'08bb     0xc  Code  Gb  tcp_in.o [1]
tcp_tw_pcbs             0x2000'8664     0x4  Data  Gb  tcp.o [1]
tcp_update_rcv_ann_wnd   0x801'87d9    0x62  Code  Gb  tcp.o [1]
tcp_write                0x801'a0e1   0x62c  Code  Gb  tcp_out.o [1]
tcp_write_checks         0x801'a01f    0xc2  Code  Lc  tcp_out.o [1]
tcp_zero_window_probe    0x801'af31    0xe8  Code  Gb  tcp_out.o [1]
tcphdr                  0x2000'8668     0x4  Data  Lc  tcp_in.o [1]
tcphdr_opt1len          0x2000'86c0     0x2  Data  Lc  tcp_in.o [1]
tcphdr_opt2             0x2000'866c     0x4  Data  Lc  tcp_in.o [1]
tcphdr_optlen           0x2000'86be     0x2  Data  Lc  tcp_in.o [1]
tcpip_callback_with_block
                         0x801'4723    0x6c  Code  Gb  tcpip.o [1]
tcpip_init               0x801'47ab    0x58  Code  Gb  tcpip.o [1]
tcpip_init_done         0x2000'8680     0x4  Data  Lc  tcpip.o [1]
tcpip_init_done_arg     0x2000'8684     0x4  Data  Lc  tcpip.o [1]
tcpip_inpkt              0x801'46a7    0x60  Code  Gb  tcpip.o [1]
tcpip_input              0x801'4707    0x1c  Code  Gb  tcpip.o [1]
tcpip_send_msg_wait_sem
                         0x801'478f    0x1c  Code  Gb  tcpip.o [1]
tcpip_tcp_timer          0x801'7f85    0x2a  Code  Lc  timeouts.o [1]
tcpip_tcp_timer_active  0x2000'8698     0x4  Data  Lc  timeouts.o [1]
tcpip_thread             0x801'460d    0x9a  Code  Lc  tcpip.o [1]
tcplen                  0x2000'86c6     0x2  Data  Lc  tcp_in.o [1]
timeout_Queue           0x2000'854c     0x4  Data  Gb  main.o [1]
timeouts_last_time      0x2000'8694     0x4  Data  Lc  timeouts.o [1]
timer_to_app            0x2000'8504     0x4  Data  Gb  flash_if.o [1]
times                   0x2000'852c     0x4  Data  Gb  LOGS.o [1]
tipaddr                 0x2000'85c8     0x4  Data  Gb  snmp_ex.o [1]
tolower                  0x802'a7c9    0x14  Code  Gb  tolower.o [2]
trap_dst                0x2000'84dc     0x8  Data  Lc  snmp_traps.o [1]
tryget_socket            0x802'bc11    0x24  Code  Lc  sockets.o [1]
ucMaxSysCallPriority    0x2000'86e3     0x1  Data  Lc  port.o [1]
udp_bind                 0x801'9beb    0x8e  Code  Gb  udp.o [1]
udp_connect              0x801'9c79    0x66  Code  Gb  udp.o [1]
udp_init                 0x801'97d9     0x2  Code  Gb  udp.o [1]
udp_input                0x801'9875   0x1d8  Code  Gb  udp.o [1]
udp_input_local_match    0x801'9827    0x4e  Code  Lc  udp.o [1]
udp_netif_ip_addr_changed
                         0x801'9d45    0x32  Code  Gb  udp.o [1]
udp_new                  0x801'9d1b    0x22  Code  Gb  udp.o [1]
udp_new_ip_type          0x801'9d3d     0x8  Code  Gb  udp.o [1]
udp_new_port             0x801'97db    0x4c  Code  Lc  udp.o [1]
udp_pcbs                0x2000'869c     0x4  Data  Gb  udp.o [1]
udp_port                0x2000'0240     0x2  Data  Lc  udp.o [1]
udp_recv                 0x801'9cdf     0x6  Code  Gb  udp.o [1]
udp_remove               0x801'9ce5    0x36  Code  Gb  udp.o [1]
udp_send                 0x801'9a4d    0x16  Code  Gb  udp.o [1]
udp_sendto               0x801'9a63    0x48  Code  Gb  udp.o [1]
udp_sendto_if            0x801'9aab    0x46  Code  Gb  udp.o [1]
udp_sendto_if_src        0x801'9af1    0xfa  Code  Gb  udp.o [1]
ulMaxPRIGROUPValue      0x2000'85b4     0x4  Data  Lc  port.o [1]
unb64                    0x802'e9ac   0x100  Data  Lc  base64.o [1]
unbase64                 0x802'52b5    0xf6  Code  Gb  base64.o [1]
uwTick                  0x2000'8604     0x4  Data  Gb  stm32f1xx_hal.o [1]
uwTickFreq              0x2000'0244     0x1  Data  Gb  stm32f1xx_hal.o [1]
uwTickPrio              0x2000'00b0     0x4  Data  Gb  stm32f1xx_hal.o [1]
uxCriticalNesting       0x2000'0088     0x4  Data  Lc  port.o [1]
uxCurrentNumberOfTasks  0x2000'8628     0x4  Data  Lc  tasks.o [1]
uxDeletedTasksWaitingCleanUp
                        0x2000'8624     0x4  Data  Lc  tasks.o [1]
uxListRemove             0x801'161b    0x26  Code  Gb  list.o [1]
uxPendedTicks           0x2000'8638     0x4  Data  Lc  tasks.o [1]
uxQueueMessagesWaiting   0x801'bf63    0x26  Code  Gb  queue.o [1]
uxQueueMessagesWaitingFromISR
                         0x801'bf89    0x18  Code  Gb  queue.o [1]
uxSchedulerSuspended    0x2000'8650     0x4  Data  Lc  tasks.o [1]
uxTaskNumber            0x2000'8644     0x4  Data  Lc  tasks.o [1]
uxTopReadyPriority      0x2000'8630     0x4  Data  Lc  tasks.o [1]
vApplicationGetIdleTaskMemory
                         0x801'1841    0x18  Code  Gb  freertos.o [1]
vListInitialise          0x801'15a9    0x1e  Code  Gb  list.o [1]
vListInitialiseItem      0x801'15c7     0x6  Code  Gb  list.o [1]
vListInsert              0x801'15e5    0x36  Code  Gb  list.o [1]
vListInsertEnd           0x801'15cd    0x18  Code  Gb  list.o [1]
vPortDefineHeapRegions   0x800'd97f    0xe4  Code  Gb  heap_5.o [1]
vPortEnterCritical       0x801'1719    0x34  Code  Gb  port.o [1]
vPortExitCritical        0x801'174d    0x2c  Code  Gb  port.o [1]
vPortFree                0x800'd8af    0x72  Code  Gb  heap_5.o [1]
vPortStartFirstTask      0x801'3bff          Code  Gb  portasm.o [1]
vPortValidateInterruptPriority
                         0x801'17a1    0x4a  Code  Gb  port.o [1]
vQueueDelete             0x801'bfa1    0x2e  Code  Gb  queue.o [1]
vQueueUnregisterQueue    0x801'c13b    0x26  Code  Gb  queue.o [1]
vTaskDelay               0x800'f5d9    0x4c  Code  Gb  tasks.o [1]
vTaskInternalSetTimeOutState
                         0x800'f9d9    0x12  Code  Gb  tasks.o [1]
vTaskMissedYield         0x800'fa6d     0xa  Code  Gb  tasks.o [1]
vTaskPlaceOnEventList    0x800'f917    0x2e  Code  Gb  tasks.o [1]
vTaskPriorityDisinheritAfterTimeout
                         0x800'fd1b    0xb4  Code  Gb  tasks.o [1]
vTaskStartScheduler      0x800'f625    0x8e  Code  Gb  tasks.o [1]
vTaskSuspendAll          0x800'f6b3     0xc  Code  Gb  tasks.o [1]
vTaskSwitchContext       0x800'f8ad    0x6a  Code  Gb  tasks.o [1]
vbt_tr                  0x2000'794c    0xdc  Data  Gb  snmp_ex.o [1]
xBlockAllocatedBit      0x2000'8514     0x4  Data  Lc  heap_5.o [1]
xDelayedTaskList1       0x2000'830c    0x14  Data  Lc  tasks.o [1]
xDelayedTaskList2       0x2000'8320    0x14  Data  Lc  tasks.o [1]
xFreeBytesRemaining     0x2000'850c     0x4  Data  Gb  heap_5.o [1]
xHeapStructSize          0x803'855c     0x4  Data  Lc  heap_5.o [1]
xIdleStack              0x2000'6540   0x200  Data  Lc  freertos.o [1]
xIdleTaskHandle         0x2000'864c     0x4  Data  Lc  tasks.o [1]
xIdleTaskTCBBuffer      0x2000'7fbc    0x54  Data  Lc  freertos.o [1]
xMinimumEverFreeBytesRemaining
                        0x2000'8510     0x4  Data  Gb  heap_5.o [1]
xNextTaskUnblockTime    0x2000'8648     0x4  Data  Lc  tasks.o [1]
xNumOfOverflows         0x2000'8640     0x4  Data  Lc  tasks.o [1]
xPendingReadyList       0x2000'8334    0x14  Data  Lc  tasks.o [1]
xPortStartScheduler      0x801'168b    0x8e  Code  Gb  port.o [1]
xQueueCreateMutex        0x801'b859    0x1a  Code  Gb  queue.o [1]
xQueueCreateMutexStatic
                         0x801'b873    0x20  Code  Gb  queue.o [1]
xQueueGenericCreate      0x801'b7c9    0x50  Code  Gb  queue.o [1]
xQueueGenericCreateStatic
                         0x801'b723    0xa6  Code  Gb  queue.o [1]
xQueueGenericReset       0x801'b691    0x92  Code  Gb  queue.o [1]
xQueueGenericSend        0x801'b893   0x196  Code  Gb  queue.o [1]
xQueueGenericSendFromISR
                         0x801'ba29    0xde  Code  Gb  queue.o [1]
xQueueGiveFromISR        0x801'bb07    0xb8  Code  Gb  queue.o [1]
xQueueReceive            0x801'bbbf   0x15a  Code  Gb  queue.o [1]
xQueueReceiveFromISR     0x801'beb5    0xae  Code  Gb  queue.o [1]
xQueueRegistry          0x2000'81c8    0x40  Data  Gb  queue.o [1]
xQueueSemaphoreTake      0x801'bd19   0x196  Code  Gb  queue.o [1]
xSchedulerRunning       0x2000'8634     0x4  Data  Lc  tasks.o [1]
xStart                  0x2000'84c4     0x8  Data  Lc  heap_5.o [1]
xSuspendedTaskList      0x2000'835c    0x14  Data  Lc  tasks.o [1]
xTaskCheckForTimeOut     0x800'f9eb    0x82  Code  Gb  tasks.o [1]
xTaskCreate              0x800'f413    0x72  Code  Gb  tasks.o [1]
xTaskCreateStatic        0x800'f391    0x82  Code  Gb  tasks.o [1]
xTaskGetSchedulerState   0x800'fba7    0x20  Code  Gb  tasks.o [1]
xTaskGetTickCount        0x800'f7a3     0x8  Code  Gb  tasks.o [1]
xTaskGetTickCountFromISR
                         0x800'f7ab    0x10  Code  Gb  tasks.o [1]
xTaskIncrementTick       0x800'f7bb    0xf2  Code  Gb  tasks.o [1]
xTaskPriorityDisinherit
                         0x800'fc6d    0xae  Code  Gb  tasks.o [1]
xTaskPriorityInherit     0x800'fbcd    0xa0  Code  Gb  tasks.o [1]
xTaskRemoveFromEventList
                         0x800'f945    0x7a  Code  Gb  tasks.o [1]
xTaskResumeAll           0x800'f6bf    0xe4  Code  Gb  tasks.o [1]
xTasksWaitingTermination
                        0x2000'8348    0x14  Data  Lc  tasks.o [1]
xTickCount              0x2000'862c     0x4  Data  Lc  tasks.o [1]
xYieldPending           0x2000'863c     0x4  Data  Lc  tasks.o [1]


[1] = D:\ika\development\NETPING_PROJECT\59\smart-switch\IAR\EWARM\test_app_rev0\Obj
[2] = dl7M_tlf.a
[3] = m7M_tl.a
[4] = rt7M_tl.a
[5] = shb_l.a

  158'167 bytes of readonly  code memory
   44'468 bytes of readonly  data memory
   64'488 bytes of readwrite data memory

Errors: none
Warnings: none
